Archive member included to satisfy reference by file (symbol)

build/native/contiki-ng-native.a(res-battery.o)
                              coap-server.o (res_battery)
build/native/contiki-ng-native.a(coap-engine.o)
                              coap-server.o (coap_activate_resource)
build/native/contiki-ng-native.a(coap-observe.o)
                              build/native/contiki-ng-native.a(coap-engine.o) (coap_remove_observer_by_mid)
build/native/contiki-ng-native.a(coap-transactio)
                              build/native/contiki-ng-native.a(coap-engine.o) (coap_new_transaction)
build/native/contiki-ng-native.a(coap-res-well-k)
                              build/native/contiki-ng-native.a(coap-engine.o) (res_well_known_core)
build/native/contiki-ng-native.a(coap.o)
                              build/native/contiki-ng-native.a(coap-engine.o) (coap_init_connection)
build/native/contiki-ng-native.a(coap-uip.o)
                              build/native/contiki-ng-native.a(coap-observe.o) (coap_endpoint_copy)
build/native/contiki-ng-native.a(coap-timer.o)
                              build/native/contiki-ng-native.a(coap-transactio) (coap_timer_stop)
build/native/contiki-ng-native.a(contiki-main.o)
                              /usr/lib/gcc/i686-linux-gnu/7/../../../i386-linux-gnu/Scrt1.o (main)
build/native/contiki-ng-native.a(autostart.o)
                              build/native/contiki-ng-native.a(contiki-main.o) (autostart_start)
build/native/contiki-ng-native.a(energest.o)
                              build/native/contiki-ng-native.a(contiki-main.o) (energest_init)
build/native/contiki-ng-native.a(etimer.o)
                              build/native/contiki-ng-native.a(contiki-main.o) (etimer_process)
build/native/contiki-ng-native.a(log.o)
                              build/native/contiki-ng-native.a(coap-uip.o) (log_6addr)
build/native/contiki-ng-native.a(ctimer.o)
                              build/native/contiki-ng-native.a(contiki-main.o) (ctimer_init)
build/native/contiki-ng-native.a(process.o)
                              coap-server.o (process_current)
build/native/contiki-ng-native.a(rtimer.o)
                              build/native/contiki-ng-native.a(contiki-main.o) (rtimer_init)
build/native/contiki-ng-native.a(node-id.o)
                              build/native/contiki-ng-native.a(contiki-main.o) (node_id_init)
build/native/contiki-ng-native.a(timer.o)
                              build/native/contiki-ng-native.a(etimer.o) (timer_set)
build/native/contiki-ng-native.a(list.o)
                              build/native/contiki-ng-native.a(coap-engine.o) (list_init)
build/native/contiki-ng-native.a(memb.o)
                              build/native/contiki-ng-native.a(coap-observe.o) (memb_alloc)
build/native/contiki-ng-native.a(random.o)
                              build/native/contiki-ng-native.a(res-battery.o) (random_rand)
build/native/contiki-ng-native.a(queuebuf.o)
                              build/native/contiki-ng-native.a(contiki-main.o) (queuebuf_init)
build/native/contiki-ng-native.a(packetbuf.o)
                              build/native/contiki-ng-native.a(queuebuf.o) (packetbuf_copyto)
build/native/contiki-ng-native.a(netstack.o)
                              build/native/contiki-ng-native.a(contiki-main.o) (netstack_init)
build/native/contiki-ng-native.a(linkaddr.o)
                              build/native/contiki-ng-native.a(packetbuf.o) (linkaddr_copy)
build/native/contiki-ng-native.a(nullmac.o)
                              build/native/contiki-ng-native.a(contiki-main.o) (nullmac_driver)
build/native/contiki-ng-native.a(uip-ds6.o)
                              build/native/contiki-ng-native.a(contiki-main.o) (uip_ds6_get_link_local)
build/native/contiki-ng-native.a(uip-udp-packet.)
                              build/native/contiki-ng-native.a(coap-uip.o) (uip_udp_packet_sendto)
build/native/contiki-ng-native.a(uip-ds6-route.o)
                              build/native/contiki-ng-native.a(uip-ds6.o) (uip_ds6_route_init)
build/native/contiki-ng-native.a(uip-ds6-nbr.o)
                              build/native/contiki-ng-native.a(uip-ds6.o) (uip_ds6_neighbors_init)
build/native/contiki-ng-native.a(tcpip.o)
                              build/native/contiki-ng-native.a(coap-uip.o) (udp_new)
build/native/contiki-ng-native.a(uip6.o)
                              build/native/contiki-ng-native.a(coap-uip.o) (uip_aligned_buf)
build/native/contiki-ng-native.a(uip-nd6.o)
                              build/native/contiki-ng-native.a(uip6.o) (uip_nd6_init)
build/native/contiki-ng-native.a(uiplib.o)
                              build/native/contiki-ng-native.a(coap-uip.o) (uiplib_ip6addrconv)
build/native/contiki-ng-native.a(rpl.o)
                              build/native/contiki-ng-native.a(contiki-main.o) (rpl_lite_driver)
build/native/contiki-ng-native.a(rpl-dag-root.o)
[...]
Memory Configuration

Name             Origin             Length             Attributes
*default*        0x0000000000000000 0xffffffffffffffff

Linker script and memory map

LOAD /usr/lib/gcc/i686-linux-gnu/7/../../../i386-linux-gnu/Scrt1.o
LOAD /usr/lib/gcc/i686-linux-gnu/7/../../../i386-linux-gnu/crti.o
LOAD /usr/lib/gcc/i686-linux-gnu/7/crtbeginS.o
LOAD coap-server.o
LOAD build/native/contiki-ng-native.a
LOAD /usr/lib/gcc/i686-linux-gnu/7/../../../i386-linux-gnu/librt.so
LOAD /usr/lib/gcc/i686-linux-gnu/7/libgcc.a
LOAD /usr/lib/gcc/i686-linux-gnu/7/libgcc_s.so
START GROUP
LOAD /usr/lib/gcc/i686-linux-gnu/7/libgcc_s.so.1
LOAD /usr/lib/gcc/i686-linux-gnu/7/libgcc.a
END GROUP
LOAD /usr/lib/gcc/i686-linux-gnu/7/../../../i386-linux-gnu/libc.so
START GROUP
LOAD /lib/i386-linux-gnu/libc.so.6
LOAD /usr/lib/i386-linux-gnu/libc_nonshared.a
LOAD /lib/i386-linux-gnu/ld-linux.so.2
END GROUP
LOAD /usr/lib/gcc/i686-linux-gnu/7/libgcc.a
LOAD /usr/lib/gcc/i686-linux-gnu/7/libgcc_s.so
START GROUP
LOAD /usr/lib/gcc/i686-linux-gnu/7/libgcc_s.so.1
LOAD /usr/lib/gcc/i686-linux-gnu/7/libgcc.a
END GROUP
LOAD /usr/lib/gcc/i686-linux-gnu/7/crtendS.o
LOAD /usr/lib/gcc/i686-linux-gnu/7/../../../i386-linux-gnu/crtn.o
                [!provide]                        PROVIDE (__executable_start = SEGMENT_START ("text-segment", 0x0))
                0x0000000000000154                . = (SEGMENT_START ("text-segment", 0x0) + SIZEOF_HEADERS)

.interp         0x0000000000000154       0x13
 *(.interp)
 .interp        0x0000000000000154       0x13 /usr/lib/gcc/i686-linux-gnu/7/../../../i386-linux-gnu/Scrt1.o

.note.ABI-tag   0x0000000000000168       0x20
 .note.ABI-tag  0x0000000000000168       0x20 /usr/lib/gcc/i686-linux-gnu/7/../../../i386-linux-gnu/Scrt1.o

.note.gnu.build-id
                0x0000000000000188       0x24
 *(.note.gnu.build-id)
 .note.gnu.build-id
                0x0000000000000188       0x24 /usr/lib/gcc/i686-linux-gnu/7/../../../i386-linux-gnu/Scrt1.o

.hash
 *(.hash)

.gnu.hash       0x00000000000001ac     0x1338
 *(.gnu.hash)
 .gnu.hash      0x00000000000001ac     0x1338 /usr/lib/gcc/i686-linux-gnu/7/../../../i386-linux-gnu/Scrt1.o

.dynsym         0x00000000000014e4     0x2710
 *(.dynsym)
 .dynsym        0x00000000000014e4     0x2710 /usr/lib/gcc/i686-linux-gnu/7/../../../i386-linux-gnu/Scrt1.o

.dynstr         0x0000000000003bf4     0x2d6d
 *(.dynstr)
 .dynstr        0x0000000000003bf4     0x2d6d /usr/lib/gcc/i686-linux-gnu/7/../../../i386-linux-gnu/Scrt1.o

.gnu.version    0x0000000000006962      0x4e2
 *(.gnu.version)
 .gnu.version   0x0000000000006962      0x4e2 /usr/lib/gcc/i686-linux-gnu/7/../../../i386-linux-gnu/Scrt1.o

.gnu.version_d  0x0000000000006e44        0x0
 *(.gnu.version_d)
 .gnu.version_d
                0x0000000000006e44        0x0 /usr/lib/gcc/i686-linux-gnu/7/../../../i386-linux-gnu/Scrt1.o

.gnu.version_r  0x0000000000006e44       0x80
 *(.gnu.version_r)
 .gnu.version_r
                0x0000000000006e44       0x80 /usr/lib/gcc/i686-linux-gnu/7/../../../i386-linux-gnu/Scrt1.o

.rel.dyn        0x0000000000006ec4      0x4d8
 *(.rel.init)
 *(.rel.text .rel.text.* .rel.gnu.linkonce.t.*)
 *(.rel.fini)
 *(.rel.rodata .rel.rodata.* .rel.gnu.linkonce.r.*)
 *(.rel.data.rel.ro .rel.data.rel.ro.* .rel.gnu.linkonce.d.rel.ro.*)
 .rel.data.rel.ro
                0x0000000000006ec4       0xa8 /usr/lib/gcc/i686-linux-gnu/7/../../../i386-linux-gnu/Scrt1.o
 .rel.data.rel.ro.local
                0x0000000000006f6c      0x108 /usr/lib/gcc/i686-linux-gnu/7/../../../i386-linux-gnu/Scrt1.o
 *(.rel.data .rel.data.* .rel.gnu.linkonce.d.*)
 .rel.data.rel.local
                0x0000000000007074      0x288 /usr/lib/gcc/i686-linux-gnu/7/../../../i386-linux-gnu/Scrt1.o
 *(.rel.tdata .rel.tdata.* .rel.gnu.linkonce.td.*)
 *(.rel.tbss .rel.tbss.* .rel.gnu.linkonce.tb.*)
 *(.rel.ctors)
 *(.rel.dtors)
 *(.rel.got)
 .rel.got       0x00000000000072fc       0x90 /usr/lib/gcc/i686-linux-gnu/7/../../../i386-linux-gnu/Scrt1.o
 *(.rel.bss .rel.bss.* .rel.gnu.linkonce.b.*)
 .rel.bss       0x000000000000738c        0x0 /usr/lib/gcc/i686-linux-gnu/7/../../../i386-linux-gnu/Scrt1.o
 *(.rel.ifunc)
 .rel.ifunc     0x000000000000738c        0x0 /usr/lib/gcc/i686-linux-gnu/7/../../../i386-linux-gnu/Scrt1.o
 .rel.fini_array
                0x000000000000738c        0x8 /usr/lib/gcc/i686-linux-gnu/7/../../../i386-linux-gnu/Scrt1.o
 .rel.init_array
                0x0000000000007394        0x8 /usr/lib/gcc/i686-linux-gnu/7/../../../i386-linux-gnu/Scrt1.o

.rel.plt        0x000000000000739c      0x148
 *(.rel.plt)
 .rel.plt       0x000000000000739c      0x148 /usr/lib/gcc/i686-linux-gnu/7/../../../i386-linux-gnu/Scrt1.o
                [!provide]                        PROVIDE (__rel_iplt_start = .)
 *(.rel.iplt)
                [!provide]                        PROVIDE (__rel_iplt_end = .)

.init           0x00000000000074e4       0x23
 *(SORT_NONE(.init))
 .init          0x00000000000074e4       0x1e /usr/lib/gcc/i686-linux-gnu/7/../../../i386-linux-gnu/crti.o
                0x00000000000074e4                _init
 .init          0x0000000000007502        0x5 /usr/lib/gcc/i686-linux-gnu/7/../../../i386-linux-gnu/crtn.o

.plt            0x0000000000007510      0x2a0
 *(.plt)
 .plt           0x0000000000007510      0x2a0 /usr/lib/gcc/i686-linux-gnu/7/../../../i386-linux-gnu/Scrt1.o
 *(.iplt)

.plt.got        0x00000000000077b0       0x10
 *(.plt.got)
 .plt.got       0x00000000000077b0       0x10 /usr/lib/gcc/i686-linux-gnu/7/../../../i386-linux-gnu/Scrt1.o

.plt.sec
 *(.plt.sec)

.text           0x00000000000077c0    0x11e74
 *(.text.unlikely .text.*_unlikely .text.unlikely.*)
 .text.unlikely
                0x00000000000077c0       0xcb build/native/contiki-ng-native.a(uip6.o)
 *(.text.exit .text.exit.*)
 *(.text.startup .text.startup.*)
 *fill*         0x000000000000788b        0x5 
 .text.startup  0x0000000000007890      0x33d build/native/contiki-ng-native.a(contiki-main.o)
                0x0000000000007890                main
 *(.text.hot .text.hot.*)
 *(.text .stub .text.* .gnu.linkonce.t.*)
 .text          0x0000000000007bcd       0x36 /usr/lib/gcc/i686-linux-gnu/7/../../../i386-linux-gnu/Scrt1.o
                0x0000000000007bcd                _start
 .text          0x0000000000007c03        0x0 /usr/lib/gcc/i686-linux-gnu/7/../../../i386-linux-gnu/crti.o
 *fill*         0x0000000000007c03        0xd 
 .gnu.linkonce.t.__x86.get_pc_thunk.bx
                0x0000000000007c10        0x4 /usr/lib/gcc/i686-linux-gnu/7/../../../i386-linux-gnu/crti.o
                0x0000000000007c10                __x86.get_pc_thunk.bx
 *fill*         0x0000000000007c14        0xc 
 .text          0x0000000000007c20       0xe9 /usr/lib/gcc/i686-linux-gnu/7/crtbeginS.o
 .text.__x86.get_pc_thunk.dx
                0x0000000000007d09        0x4 /usr/lib/gcc/i686-linux-gnu/7/crtbeginS.o
                0x0000000000007d09                __x86.get_pc_thunk.dx
 *fill*         0x0000000000007d0d        0x3 
 .text          0x0000000000007d10       0xce coap-server.o
 *fill*         0x0000000000007dde        0x2 
 .text          0x0000000000007de0       0xf4 build/native/contiki-ng-native.a(res-battery.o)
 *fill*         0x0000000000007ed4        0xc 
 .text          0x0000000000007ee0      0xa3d build/native/contiki-ng-native.a(coap-engine.o)
                0x0000000000007f40                coap_add_handler
                0x0000000000007f70                coap_remove_handler
                0x0000000000007fa0                coap_call_handlers
                0x0000000000008040                coap_receive
                0x00000000000087f0                coap_activate_resource
                0x0000000000008870                coap_engine_init
                0x00000000000088e0                coap_get_first_resource
                0x0000000000008900                coap_get_next_resource
 *fill*         0x000000000000891d        0x3 
 .text          0x0000000000008920      0x9fa build/native/contiki-ng-native.a(coap-observe.o)
                0x0000000000008920                coap_remove_observer
                0x0000000000008960                coap_remove_observer_by_client
                0x00000000000089e0                coap_remove_observer_by_token
                0x0000000000008a80                coap_remove_observer_by_uri
                0x0000000000008b40                coap_remove_observer_by_mid
                0x0000000000008be0                coap_notify_observers_sub
                0x0000000000009020                coap_notify_observers
                0x0000000000009040                coap_observe_handler
                0x00000000000092a0                coap_has_observers
 *fill*         0x000000000000931a        0x6 
 .text          0x0000000000009320      0x238 build/native/contiki-ng-native.a(coap-transactio)
                0x0000000000009360                coap_new_transaction
                0x00000000000093c0                coap_send_transaction
                0x00000000000094f0                coap_clear_transaction
                0x0000000000009510                coap_get_transaction_by_mid
 *fill*         0x0000000000009558        0x8 
 .text          0x0000000000009560      0x2aa build/native/contiki-ng-native.a(coap-res-well-k)
 *fill*         0x000000000000980a        0x6 
 .text          0x0000000000009810     0x1ae5 build/native/contiki-ng-native.a(coap.o)
                0x0000000000009c10                coap_init_connection
                0x0000000000009c30                coap_get_mid
                0x0000000000009c50                coap_init_message
                0x0000000000009ca0                coap_serialize_message
                0x000000000000a2a0                coap_parse_message
                0x000000000000aa50                coap_get_query_variable
                0x000000000000aa90                coap_get_post_variable
                0x000000000000aac0                coap_set_status_code
                0x000000000000aae0                coap_set_token
                0x000000000000ab70                coap_get_header_content_format
                0x000000000000ab90                coap_set_header_content_format
                0x000000000000abb0                coap_get_header_accept
                0x000000000000abd0                coap_set_header_accept
                0x000000000000abf0                coap_get_header_max_age
                0x000000000000ac20                coap_set_header_max_age
                0x000000000000ac40                coap_get_header_etag
                0x000000000000ac60                coap_set_header_etag
                0x000000000000acf0                coap_get_header_if_match
                0x000000000000ad10                coap_set_header_if_match
                0x000000000000ada0                coap_get_header_if_none_match
                0x000000000000adb0                coap_set_header_if_none_match
                0x000000000000adc0                coap_get_header_proxy_uri
                0x000000000000ade0                coap_set_header_proxy_uri
                0x000000000000ae10                coap_get_header_uri_host
                0x000000000000ae30                coap_set_header_uri_host
                0x000000000000ae60                coap_get_header_uri_path
                0x000000000000ae80                coap_set_header_uri_path
                0x000000000000aed0                coap_get_header_uri_query
                0x000000000000af00                coap_set_header_uri_query
                0x000000000000af50                coap_get_header_location_path
                0x000000000000af70                coap_get_header_location_query
                0x000000000000af90                coap_set_header_location_query
                0x000000000000afe0                coap_set_header_location_path
                0x000000000000b070                coap_get_header_observe
                0x000000000000b090                coap_set_header_observe
                0x000000000000b0b0                coap_get_header_block2
                0x000000000000b110                coap_set_header_block2
                0x000000000000b160                coap_get_header_block1
                0x000000000000b1d0                coap_set_header_block1
                0x000000000000b220                coap_get_header_size2
                0x000000000000b240                coap_set_header_size2
                0x000000000000b260                coap_get_header_size1
                0x000000000000b280                coap_set_header_size1
                0x000000000000b2a0                coap_get_payload
                0x000000000000b2d0                coap_set_payload
 .text.__x86.get_pc_thunk.ax
                0x000000000000b2f5        0x4 build/native/contiki-ng-native.a(coap.o)
                0x000000000000b2f5                __x86.get_pc_thunk.ax
 .text.__x86.get_pc_thunk.di
                0x000000000000b2f9        0x4 build/native/contiki-ng-native.a(coap.o)
                0x000000000000b2f9                __x86.get_pc_thunk.di
 *fill*         0x000000000000b2fd        0x3 
 .text          0x000000000000b300      0x6bf build/native/contiki-ng-native.a(coap-uip.o)
                0x000000000000b400                coap_endpoint_log
                0x000000000000b4a0                coap_endpoint_print
                0x000000000000b540                coap_endpoint_snprint
                0x000000000000b670                coap_endpoint_copy
                0x000000000000b6a0                coap_endpoint_cmp
                0x000000000000b6f0                coap_endpoint_parse
                0x000000000000b8e0                coap_endpoint_is_secure
                0x000000000000b8f0                coap_endpoint_is_connected
                0x000000000000b900                coap_endpoint_connect
                0x000000000000b910                coap_endpoint_disconnect
                0x000000000000b920                coap_databuf
                0x000000000000b940                coap_transport_init
                0x000000000000b970                coap_sendto
 *fill*         0x000000000000b9bf        0x1 
 .text          0x000000000000b9c0      0x34d build/native/contiki-ng-native.a(coap-timer.o)
                0x000000000000bb10                coap_timer_stop
                0x000000000000bb50                coap_timer_set
                0x000000000000bb90                coap_timer_reset
                0x000000000000bbb0                coap_timer_time_to_next_expiration
                0x000000000000bc20                coap_timer_run
                0x000000000000bcf0                coap_timer_init
 .text          0x000000000000bd0d        0x0 build/native/contiki-ng-native.a(contiki-main.o)
 *fill*         0x000000000000bd0d        0x3 
 .text          0x000000000000bd10       0x7c build/native/contiki-ng-native.a(autostart.o)
                0x000000000000bd10                autostart_start
                0x000000000000bd50                autostart_exit
 *fill*         0x000000000000bd8c        0x4 
 .text          0x000000000000bd90       0x25 build/native/contiki-ng-native.a(energest.o)
                0x000000000000bd90                energest_init
                0x000000000000bda0                energest_flush
                0x000000000000bdb0                energest_get_total_time
 *fill*         0x000000000000bdb5        0xb 
 .text          0x000000000000bdc0      0x4b1 build/native/contiki-ng-native.a(etimer.o)
                0x000000000000c060                etimer_request_poll
                0x000000000000c080                etimer_set
                0x000000000000c0b0                etimer_reset_with_new_interval
                0x000000000000c0e0                etimer_reset
                0x000000000000c110                etimer_restart
                0x000000000000c140                etimer_adjust
                0x000000000000c180                etimer_expired
                0x000000000000c190                etimer_expiration_time
                0x000000000000c1a0                etimer_start_time
                0x000000000000c1b0                etimer_pending
                0x000000000000c1d0                etimer_next_expiration_time
                0x000000000000c1f0                etimer_stop
 *fill*         0x000000000000c271        0xf 
 .text          0x000000000000c280      0x447 build/native/contiki-ng-native.a(log.o)
                0x000000000000c280                log_6addr
                0x000000000000c2e0                log_6addr_compact_snprint
                0x000000000000c380                log_6addr_compact
                0x000000000000c3e0                log_lladdr
                0x000000000000c480                log_lladdr_compact
                0x000000000000c500                log_bytes
                0x000000000000c560                log_set_level
                0x000000000000c5e0                log_get_level
                0x000000000000c650                log_level_to_str
 *fill*         0x000000000000c6c7        0x9 
 .text          0x000000000000c6d0      0x398 build/native/contiki-ng-native.a(ctimer.o)
                0x000000000000c7e0                ctimer_init
                0x000000000000c820                ctimer_set_with_process
                0x000000000000c8a0                ctimer_set
                0x000000000000c8d0                ctimer_reset
                0x000000000000c930                ctimer_restart
                0x000000000000c990                ctimer_stop
                0x000000000000c9f0                ctimer_expired
 *fill*         0x000000000000ca68        0x8 
 .text          0x000000000000ca70      0x4cf build/native/contiki-ng-native.a(process.o)
                0x000000000000cc40                process_alloc_event
                0x000000000000cc60                process_start
                0x000000000000ccd0                process_exit
                0x000000000000ccf0                process_init
                0x000000000000cd30                process_run
                0x000000000000ce30                process_nevents
                0x000000000000ce50                process_post
                0x000000000000ceb0                process_post_synch
                0x000000000000cef0                process_poll
                0x000000000000cf30                process_is_running
 .text.__x86.get_pc_thunk.cx
                0x000000000000cf3f        0x4 build/native/contiki-ng-native.a(process.o)
                0x000000000000cf3f                __x86.get_pc_thunk.cx
 *fill*         0x000000000000cf43        0xd 
 .text          0x000000000000cf50       0xcc build/native/contiki-ng-native.a(rtimer.o)
                0x000000000000cf50                rtimer_init
                0x000000000000cf70                rtimer_set
                0x000000000000cfd0                rtimer_run_next
 *fill*         0x000000000000d01c        0x4 
 .text          0x000000000000d020       0x26 build/native/contiki-ng-native.a(node-id.o)
                0x000000000000d020                node_id_init
 *fill*         0x000000000000d046        0xa 
 .text          0x000000000000d050       0xe8 build/native/contiki-ng-native.a(timer.o)
                0x000000000000d050                timer_set
                0x000000000000d080                timer_reset
                0x000000000000d0c0                timer_restart
                0x000000000000d0e0                timer_expired
                0x000000000000d110                timer_remaining
 *fill*         0x000000000000d138        0x8 
 .text          0x000000000000d140      0x303 build/native/contiki-ng-native.a(list.o)
                0x000000000000d140                list_init
                0x000000000000d150                list_head
                0x000000000000d160                list_copy
                0x000000000000d170                list_tail
                0x000000000000d190                list_add
                0x000000000000d200                list_push
                0x000000000000d260                list_chop
                0x000000000000d2a0                list_pop
                0x000000000000d2b0                list_remove
                0x000000000000d310                list_length
                0x000000000000d340                list_insert
                0x000000000000d3f0                list_item_next
                0x000000000000d410                list_contains
 *fill*         0x000000000000d443        0xd 
 .text          0x000000000000d450      0x163 build/native/contiki-ng-native.a(memb.o)
                0x000000000000d450                memb_init
                0x000000000000d4a0                memb_alloc
                0x000000000000d4f0                memb_free
                0x000000000000d550                memb_inmemb
                0x000000000000d580                memb_numfree
 *fill*         0x000000000000d5b3        0xd 
 .text          0x000000000000d5c0       0x39 build/native/contiki-ng-native.a(random.o)
                0x000000000000d5c0                random_init
                0x000000000000d5e0                random_rand
 *fill*         0x000000000000d5f9        0x7 
 .text          0x000000000000d600      0x282 build/native/contiki-ng-native.a(queuebuf.o)
                0x000000000000d600                queuebuf_init
                0x000000000000d630                queuebuf_numfree
                0x000000000000d650                queuebuf_new_from_packetbuf
                0x000000000000d6e0                queuebuf_update_attr_from_packetbuf
                0x000000000000d710                queuebuf_update_from_packetbuf
                0x000000000000d750                queuebuf_free
                0x000000000000d7a0                queuebuf_to_packetbuf
                0x000000000000d800                queuebuf_dataptr
                0x000000000000d840                queuebuf_datalen
                0x000000000000d850                queuebuf_addr
                0x000000000000d860                queuebuf_attr
                0x000000000000d880                queuebuf_debug_print
 *fill*         0x000000000000d882        0xe 
 .text          0x000000000000d890      0x589 build/native/contiki-ng-native.a(packetbuf.o)
                0x000000000000d890                packetbuf_copyto
                0x000000000000d980                packetbuf_hdralloc
                0x000000000000da00                packetbuf_hdrreduce
                0x000000000000da40                packetbuf_set_datalen
                0x000000000000da60                packetbuf_dataptr
                0x000000000000da90                packetbuf_hdrptr
                0x000000000000dab0                packetbuf_datalen
                0x000000000000dad0                packetbuf_hdrlen
                0x000000000000daf0                packetbuf_totlen
                0x000000000000db20                packetbuf_remaininglen
                0x000000000000db50                packetbuf_attr_clear
                0x000000000000dbc0                packetbuf_clear
                0x000000000000dbf0                packetbuf_copyfrom
                0x000000000000dc60                packetbuf_attr_copyto
                0x000000000000dcd0                packetbuf_attr_copyfrom
                0x000000000000dd40                packetbuf_set_attr
                0x000000000000dd70                packetbuf_attr
                0x000000000000dd90                packetbuf_set_addr
                0x000000000000ddd0                packetbuf_addr
                0x000000000000ddf0                packetbuf_holds_broadcast
 *fill*         0x000000000000de19        0x7 
 .text          0x000000000000de20      0x11f build/native/contiki-ng-native.a(netstack.o)
                0x000000000000de20                netstack_process_ip_callback
                0x000000000000deb0                netstack_ip_packet_processor_add
                0x000000000000dee0                uip_ds6_ip_packet_processor_rm
                0x000000000000df10                netstack_init
 *fill*         0x000000000000df3f        0x1 
 .text          0x000000000000df40       0x71 build/native/contiki-ng-native.a(linkaddr.o)
                0x000000000000df40                linkaddr_copy
                0x000000000000df60                linkaddr_cmp
                0x000000000000df90                linkaddr_set_node_addr
 *fill*         0x000000000000dfb1        0xf 
 .text          0x000000000000dfc0       0x52 build/native/contiki-ng-native.a(nullmac.o)
 *fill*         0x000000000000e012        0xe 
 .text          0x000000000000e020      0xce9 build/native/contiki-ng-native.a(uip-ds6.o)
                0x000000000000e0e0                uip_ds6_default_prefix
                0x000000000000e100                uip_ds6_set_default_prefix
                0x000000000000e140                uip_ds6_list_loop
                0x000000000000e1c0                uip_ds6_prefix_add
                0x000000000000e270                uip_ds6_prefix_rm
                0x000000000000e280                uip_ds6_prefix_lookup
                0x000000000000e2e0                uip_ds6_is_addr_onlink
                0x000000000000e360                uip_ds6_addr_lookup
                0x000000000000e3c0                uip_ds6_get_link_local
                0x000000000000e440                uip_ds6_get_global
                0x000000000000e4c0                uip_ds6_maddr_add
                0x000000000000e540                uip_ds6_addr_add
                0x000000000000e660                uip_ds6_maddr_rm
                0x000000000000e670                uip_ds6_maddr_lookup
                0x000000000000e750                uip_ds6_addr_rm
                0x000000000000e770                uip_ds6_periodic
                0x000000000000e800                uip_ds6_aaddr_add
                0x000000000000e880                uip_ds6_aaddr_rm
                0x000000000000e890                uip_ds6_aaddr_lookup
                0x000000000000e8f0                uip_ds6_select_src
                0x000000000000ea70                uip_ds6_set_addr_iid
                0x000000000000ea90                uip_ds6_set_lladdr_from_iid
                0x000000000000eab0                get_match_length
                0x000000000000eb00                uip_ds6_compute_reachable_time
                0x000000000000eb50                uip_ds6_init
 .text.__x86.get_pc_thunk.si
                0x000000000000ed09        0x4 build/native/contiki-ng-native.a(uip-ds6.o)
                0x000000000000ed09                __x86.get_pc_thunk.si
 .text.__x86.get_pc_thunk.bp
                0x000000000000ed0d        0x4 build/native/contiki-ng-native.a(uip-ds6.o)
                0x000000000000ed0d                __x86.get_pc_thunk.bp
 *fill*         0x000000000000ed11        0xf 
 .text          0x000000000000ed20      0x139 build/native/contiki-ng-native.a(uip-udp-packet.)
                0x000000000000ed20                uip_udp_packet_send
                0x000000000000edb0                uip_udp_packet_sendto
 *fill*         0x000000000000ee59        0x7 
 .text          0x000000000000ee60      0x399 build/native/contiki-ng-native.a(uip-ds6-route.o)
                0x000000000000ee60                uip_ds6_route_init
                0x000000000000ee90                uip_ds6_route_count_nexthop_neighbors
                0x000000000000eea0                uip_ds6_route_nexthop
                0x000000000000eeb0                uip_ds6_route_head
                0x000000000000eec0                uip_ds6_route_next
                0x000000000000eed0                uip_ds6_route_is_nexthop
                0x000000000000eee0                uip_ds6_route_num_routes
                0x000000000000eef0                uip_ds6_route_lookup
                0x000000000000ef00                uip_ds6_route_add
                0x000000000000ef10                uip_ds6_route_rm
                0x000000000000ef20                uip_ds6_route_rm_by_nexthop
                0x000000000000ef30                uip_ds6_defrt_head
                0x000000000000ef50                uip_ds6_defrt_rm
                0x000000000000efc0                uip_ds6_defrt_lookup
                0x000000000000f040                uip_ds6_defrt_add
                0x000000000000f110                uip_ds6_defrt_choose
                0x000000000000f180                uip_ds6_defrt_periodic
 *fill*         0x000000000000f1f9        0x7 
 .text          0x000000000000f200      0x412 build/native/contiki-ng-native.a(uip-ds6-nbr.o)
                0x000000000000f240                uip_ds6_nbr_rm
                0x000000000000f260                uip_ds6_neighbors_init
                0x000000000000f290                uip_ds6_nbr_add
                0x000000000000f310                uip_ds6_nbr_update_ll
                0x000000000000f410                uip_ds6_nbr_get_ipaddr
                0x000000000000f420                uip_ds6_nbr_get_ll
                0x000000000000f450                uip_ds6_nbr_num
                0x000000000000f4a0                uip_ds6_nbr_head
                0x000000000000f4c0                uip_ds6_nbr_next
                0x000000000000f4f0                uip_ds6_nbr_lookup
                0x000000000000f560                uip_ds6_nbr_ll_lookup
                0x000000000000f590                uip_ds6_nbr_ipaddr_from_lladdr
                0x000000000000f5c0                uip_ds6_nbr_lladdr_from_ipaddr
                0x000000000000f610                uip_ds6_link_callback
 *fill*         0x000000000000f612        0xe 
 .text          0x000000000000f620      0x665 build/native/contiki-ng-native.a(tcpip.o)
                0x000000000000f620                tcpip_output
                0x000000000000f670                udp_attach
                0x000000000000f6a0                udp_new
                0x000000000000f6e0                udp_broadcast_new
                0x000000000000f770                tcpip_input
                0x000000000000f7b0                tcpip_ipv6_output
                0x000000000000fc00                tcpip_poll_udp
                0x000000000000fc30                tcpip_uipcall
 *fill*         0x000000000000fc85        0xb 
 .text          0x000000000000fc90      0xca3 build/native/contiki-ng-native.a(uip6.o)
                0x000000000000fd90                uip_chksum
                0x000000000000fdb0                uip_icmp6chksum
                0x000000000000fdc0                uip_udpchksum
                0x000000000000fdd0                uip_init
                0x000000000000fe50                uip_remove_ext_hdr
                0x000000000000ff10                uip_udp_new
                0x0000000000010010                uip_process
                0x0000000000010870                uip_htons
                0x0000000000010880                uip_htonl
                0x00000000000108a0                uip_send
 *fill*         0x0000000000010933        0xd 
 .text          0x0000000000010940      0x460 build/native/contiki-ng-native.a(uip-nd6.o)
                0x0000000000010d80                uip_nd6_init
 .text          0x0000000000010da0      0x519 build/native/contiki-ng-native.a(uiplib.o)
                0x0000000000010da0                uiplib_ip6addrconv
                0x0000000000010f60                uiplib_ip4addrconv
                0x0000000000011020                uiplib_ipaddr_snprint
                0x0000000000011260                uiplib_ipaddr_print
 *fill*         0x00000000000112b9        0x7 
 .text          0x00000000000112c0      0x575 build/native/contiki-ng-native.a(rpl.o)
                0x00000000000112c0                rpl_has_joined
                0x00000000000112f0                rpl_is_reachable
                0x0000000000011330                rpl_get_leaf_only
                0x00000000000114c0                rpl_link_callback
                0x0000000000011530                rpl_lollipop_greater_than
                0x0000000000011580                rpl_get_global_address
                0x0000000000011660                rpl_reset_prefix
                0x00000000000116d0                rpl_set_prefix_from_addr
                0x00000000000117c0                rpl_set_prefix
                0x0000000000011820                rpl_set_leaf_only
 *fill*         0x0000000000011835        0xb 
 .text          0x0000000000011840      0x268 build/native/contiki-ng-native.a(rpl-dag-root.o)
                0x00000000000118f0                rpl_dag_root_print_links
                0x0000000000011990                rpl_dag_root_set_prefix
                0x00000000000119d0                rpl_dag_root_start
                0x0000000000011a80                rpl_dag_root_is_root
 *fill*         0x0000000000011aa8        0x8 
 .text          0x0000000000011ab0      0x52e build/native/contiki-ng-native.a(platform.o)
                0x0000000000011b40                select_set_callback
                0x0000000000011be0                native_uart_set_input
                0x0000000000011c00                platform_process_args
                0x0000000000011c30                platform_init_stage_one
                0x0000000000011c60                platform_init_stage_two
                0x0000000000011cd0                platform_init_stage_three
                0x0000000000011e00                platform_main_loop
                0x0000000000011f70                log_message
                0x0000000000011fb0                uip_log
 *fill*         0x0000000000011fde        0x2 
 .text          0x0000000000011fe0       0xd2 build/native/contiki-ng-native.a(clock.o)
                0x0000000000011fe0                clock_time
                0x0000000000012050                clock_seconds
                0x00000000000120a0                clock_delay
                0x00000000000120b0                clock_init
 *fill*         0x00000000000120b2        0xe 
 .text          0x00000000000120c0      0x494 build/native/contiki-ng-native.a(tun6-net.o)
 *fill*         0x0000000000012554        0xc 
 .text          0x0000000000012560       0xe3 build/native/contiki-ng-native.a(rtimer-arch.o)
                0x0000000000012590                rtimer_arch_init
                0x00000000000125c0                rtimer_arch_schedule
 *fill*         0x0000000000012643        0xd 
 .text          0x0000000000012650       0x56 build/native/contiki-ng-native.a(watchdog.o)
                0x0000000000012650                watchdog_init
                0x0000000000012660                watchdog_start
                0x0000000000012670                watchdog_periodic
                0x0000000000012680                watchdog_stop
                0x0000000000012690                watchdog_reboot
 *fill*         0x00000000000126a6        0xa 
 .text          0x00000000000126b0      0x1c2 build/native/contiki-ng-native.a(coap-timer-defa)
 *fill*         0x0000000000012872        0xe 
 .text          0x0000000000012880       0xff build/native/contiki-ng-native.a(stimer.o)
                0x0000000000012880                stimer_set
                0x00000000000128b0                stimer_reset
                0x00000000000128e0                stimer_restart
                0x0000000000012900                stimer_expired
                0x0000000000012930                stimer_remaining
                0x0000000000012960                stimer_elapsed
 *fill*         0x000000000001297f        0x1 
 .text          0x0000000000012980      0x3d3 build/native/contiki-ng-native.a(button-hal.o)
                0x0000000000012af0                button_hal_get_by_id
                0x0000000000012b30                button_hal_get_by_index
                0x0000000000012b70                button_hal_get_state
                0x0000000000012c70                button_hal_init
 *fill*         0x0000000000012d53        0xd 
 .text          0x0000000000012d60      0x20c build/native/contiki-ng-native.a(serial-line.o)
                0x0000000000012ea0                serial_line_input_byte
                0x0000000000012f30                serial_line_init
 *fill*         0x0000000000012f6c        0x4 
 .text          0x0000000000012f70       0x83 build/native/contiki-ng-native.a(leds.o)
                0x0000000000012f70                leds_init
                0x0000000000012f80                leds_single_on
                0x0000000000012f90                leds_single_off
                0x0000000000012fa0                leds_single_toggle
                0x0000000000012fb0                leds_on
                0x0000000000012fc0                leds_off
                0x0000000000012fd0                leds_toggle
                0x0000000000012fe0                leds_set
                0x0000000000012ff0                leds_get
 *fill*         0x0000000000012ff3        0xd 
 .text          0x0000000000013000      0x103 build/native/contiki-ng-native.a(nullradio.o)
 *fill*         0x0000000000013103        0xd 
 .text          0x0000000000013110      0x18b build/native/contiki-ng-native.a(gpio-hal.o)
                0x0000000000013110                gpio_hal_register_handler
                0x0000000000013140                gpio_hal_event_handler
                0x00000000000131a0                gpio_hal_init
                0x00000000000131d0                gpio_hal_arch_port_toggle_pin
                0x0000000000013200                gpio_hal_arch_port_toggle_pins
                0x0000000000013230                gpio_hal_arch_no_port_toggle_pin
                0x0000000000013270                gpio_hal_arch_no_port_toggle_pins
 *fill*         0x000000000001329b        0x5 
 .text          0x00000000000132a0      0x8dd build/native/contiki-ng-native.a(nbr-table.o)
                0x0000000000013470                nbr_table_count_entries
                0x00000000000134a0                nbr_table_gc_get_worst
                0x00000000000134d0                nbr_table_can_accept_new
                0x00000000000134e0                nbr_table_register
                0x0000000000013550                nbr_table_is_registered
                0x0000000000013580                nbr_table_next
                0x0000000000013630                nbr_table_head
                0x00000000000136b0                nbr_table_get_from_lladdr
                0x0000000000013800                nbr_table_entry_is_allowed
                0x0000000000013810                nbr_table_add_lladdr
                0x0000000000013990                nbr_table_remove
                0x0000000000013a10                nbr_table_lock
                0x0000000000013a60                nbr_table_unlock
                0x0000000000013ab0                nbr_table_get_lladdr
                0x0000000000013b00                nbr_table_clear
                0x0000000000013b40                nbr_table_key_head
                0x0000000000013b60                nbr_table_key_next
 *fill*         0x0000000000013b7d        0x3 
 .text          0x0000000000013b80      0x42b build/native/contiki-ng-native.a(link-stats.o)
                0x0000000000013bd0                link_stats_from_lladdr
                0x0000000000013c00                link_stats_get_lladdr
                0x0000000000013c30                link_stats_is_fresh
                0x0000000000013c70                guess_etx_from_rssi
                0x0000000000013cd0                link_stats_packet_sent
                0x0000000000013e50                link_stats_input_callback
                0x0000000000013f20                link_stats_reset
                0x0000000000013f70                link_stats_init
 *fill*         0x0000000000013fab        0x5 
 .text          0x0000000000013fb0      0x4be build/native/contiki-ng-native.a(uipbuf.o)
                0x0000000000013fb0                uipbuf_clear
                0x0000000000014010                uipbuf_add_ext_hdr
                0x0000000000014070                uipbuf_set_len
                0x00000000000140a0                uipbuf_set_len_field
                0x00000000000140b0                uipbuf_get_len_field
                0x00000000000140d0                uipbuf_get_next_header
                0x0000000000014180                uipbuf_get_last_header
                0x0000000000014220                uipbuf_search_header
                0x00000000000142f0                uipbuf_get_attr
                0x0000000000014320                uipbuf_set_attr
                0x0000000000014350                uipbuf_set_default_attr
                0x0000000000014380                uipbuf_clear_attr
                0x00000000000143c0                uipbuf_set_attr_flag
                0x00000000000143e0                uipbuf_clr_attr_flag
                0x0000000000014400                uipbuf_is_attr_flag
                0x0000000000014430                uipbuf_init
 *fill*         0x000000000001446e        0x2 
 .text          0x0000000000014470      0x598 build/native/contiki-ng-native.a(uip-icmp6.o)
                0x0000000000014620                uip_icmp6_input
                0x0000000000014690                uip_icmp6_register_input_handler
                0x00000000000146c0                uip_icmp6_error_output
                0x00000000000148a0                uip_icmp6_send
                0x0000000000014960                uip_icmp6_echo_reply_callback_add
                0x00000000000149a0                uip_icmp6_echo_reply_callback_rm
                0x00000000000149d0                uip_icmp6_init
 *fill*         0x0000000000014a08        0x8 
 .text          0x0000000000014a10      0x695 build/native/contiki-ng-native.a(uip-sr.o)
                0x0000000000014a90                uip_sr_num_nodes
                0x0000000000014ab0                uip_sr_get_node
                0x0000000000014b30                uip_sr_is_addr_reachable
                0x0000000000014bd0                uip_sr_expire_parent
                0x0000000000014c30                uip_sr_update_node
                0x0000000000014d50                uip_sr_init
                0x0000000000014d90                uip_sr_node_head
                0x0000000000014db0                uip_sr_node_next
                0x0000000000014dd0                uip_sr_periodic
                0x0000000000014eb0                uip_sr_free_all
                0x0000000000014f20                uip_sr_link_snprint
 *fill*         0x00000000000150a5        0xb 
 .text          0x00000000000150b0      0x147 build/native/contiki-ng-native.a(uip-packetqueue)
                0x00000000000150e0                uip_packetqueue_new
                0x00000000000150f0                uip_packetqueue_alloc
                0x0000000000015150                uip_packetqueue_free
                0x00000000000151a0                uip_packetqueue_buf
                0x00000000000151c0                uip_packetqueue_buflen
                0x00000000000151e0                uip_packetqueue_set_buflen
 *fill*         0x00000000000151f7        0x9 
 .text          0x0000000000015200      0xcda build/native/contiki-ng-native.a(rpl-icmp6.o)
                0x0000000000015890                rpl_icmp6_update_nbr_table
                0x00000000000158f0                rpl_icmp6_dis_output
                0x0000000000015940                rpl_icmp6_dio_output
                0x0000000000015d10                rpl_icmp6_dao_output
                0x0000000000015e20                rpl_icmp6_dao_ack_output
                0x0000000000015e90                rpl_icmp6_init
 *fill*         0x0000000000015eda        0x6 
 .text          0x0000000000015ee0      0x986 build/native/contiki-ng-native.a(rpl-neighbor.o)
                0x0000000000015f40                rpl_neighbor_count
                0x0000000000015fa0                rpl_neighbor_get_from_lladdr
                0x0000000000015fd0                rpl_neighbor_is_acceptable_parent
                0x0000000000016000                rpl_neighbor_get_link_metric
                0x0000000000016030                rpl_neighbor_rank_via_nbr
                0x0000000000016060                rpl_neighbor_get_lladdr
                0x0000000000016090                rpl_neighbor_get_ipaddr
                0x00000000000160c0                rpl_neighbor_get_link_stats
                0x00000000000161f0                rpl_neighbor_snprint
                0x0000000000016580                rpl_neighbor_print_list
                0x0000000000016610                rpl_neighbor_is_fresh
                0x0000000000016640                rpl_neighbor_is_parent
                0x0000000000016670                rpl_neighbor_set_preferred_parent
                0x00000000000166f0                rpl_neighbor_remove_all
                0x0000000000016750                rpl_neighbor_get_from_ipaddr
                0x0000000000016790                rpl_neighbor_select_best
                0x0000000000016840                rpl_neighbor_init
 *fill*         0x0000000000016866        0xa 
 .text          0x0000000000016870      0xdce build/native/contiki-ng-native.a(rpl-dag.o)
                0x0000000000016ce0                rpl_dag_state_to_str
                0x0000000000016d30                rpl_dag_get_root_ipaddr
                0x0000000000016d80                rpl_dag_leave
                0x0000000000016e00                rpl_dag_poison_and_leave
                0x0000000000016e30                rpl_dag_periodic
                0x0000000000016eb0                rpl_is_addr_in_our_dag
                0x0000000000016f00                rpl_get_default_instance
                0x0000000000016f20                rpl_get_any_dag
                0x0000000000016f40                rpl_refresh_routes
                0x0000000000016f80                rpl_global_repair
                0x0000000000016fb0                rpl_local_repair
                0x0000000000016fe0                rpl_dag_ready_to_advertise
                0x0000000000017020                rpl_dag_update_state
                0x0000000000017050                rpl_process_dio
                0x0000000000017310                rpl_process_dis
                0x0000000000017370                rpl_process_dao
                0x00000000000173f0                rpl_process_dao_ack
                0x0000000000017490                rpl_process_hbh
                0x0000000000017500                rpl_dag_init_root
                0x0000000000017620                rpl_dag_init
 *fill*         0x000000000001763e        0x2 
 .text          0x0000000000017640      0xae7 build/native/contiki-ng-native.a(rpl-timers.o)
                0x0000000000017970                rpl_timers_schedule_periodic_dis
                0x0000000000017ab0                rpl_timers_dio_reset
                0x0000000000017b10                rpl_timers_schedule_unicast_dio
                0x0000000000017b50                rpl_timers_schedule_dao
                0x0000000000017bd0                rpl_timers_schedule_dao_ack
                0x0000000000017c30                rpl_timers_notify_dao_ack
                0x0000000000017cb0                get_probing_delay
                0x0000000000017ce0                get_probing_target
                0x0000000000017ec0                rpl_schedule_probing
                0x0000000000017ef0                rpl_schedule_probing_now
                0x0000000000017f50                rpl_timers_unschedule_leaving
                0x0000000000017fa0                rpl_timers_schedule_leaving
                0x0000000000018000                rpl_timers_init
                0x0000000000018040                rpl_timers_stop_dag_timers
                0x00000000000180c0                rpl_timers_unschedule_state_update
                0x00000000000180f0                rpl_timers_schedule_state_update
 *fill*         0x0000000000018127        0x9 
 .text          0x0000000000018130      0xaac build/native/contiki-ng-native.a(rpl-ext-header.)
                0x00000000000181a0                rpl_ext_header_srh_get_next_hop
                0x0000000000018270                rpl_ext_header_srh_update
                0x0000000000018480                rpl_ext_header_hbh_update
                0x0000000000018560                rpl_ext_header_remove
                0x00000000000186d0                rpl_ext_header_update
 *fill*         0x0000000000018bdc        0x4 
 .text          0x0000000000018be0       0x67 build/native/contiki-ng-native.a(rpl-nbr-policy.)
                0x0000000000018c20                rpl_nbr_gc_get_worst
 *fill*         0x0000000000018c47        0x9 
 .text          0x0000000000018c50      0x327 build/native/contiki-ng-native.a(rpl-mrhof.o)
 .text          0x0000000000018f77        0x0 build/native/contiki-ng-native.a(buttons.o)
 *fill*         0x0000000000018f77        0x9 
 .text          0x0000000000018f80       0x76 build/native/contiki-ng-native.a(int-master.o)
                0x0000000000018f80                int_master_enable
                0x0000000000018fa0                int_master_read_and_disable
                0x0000000000018fc0                int_master_status_set
                0x0000000000018fe0                int_master_is_enabled
 *fill*         0x0000000000018ff6        0xa 
 .text          0x0000000000019000      0x23e build/native/contiki-ng-native.a(gpio-hal-arch.o)
                0x0000000000019000                gpio_hal_arch_init
                0x0000000000019010                gpio_hal_arch_no_port_interrupt_enable
                0x0000000000019020                gpio_hal_arch_no_port_interrupt_disable
                0x0000000000019030                gpio_hal_arch_no_port_pin_cfg_set
                0x0000000000019060                gpio_hal_arch_no_port_pin_cfg_get
                0x0000000000019090                gpio_hal_arch_no_port_pin_set_input
                0x00000000000190a0                gpio_hal_arch_no_port_pin_set_output
                0x00000000000190b0                gpio_hal_arch_no_port_set_pin
                0x00000000000190d0                gpio_hal_arch_no_port_clear_pin
                0x00000000000190f0                gpio_hal_arch_no_port_read_pin
                0x0000000000019120                gpio_hal_arch_no_port_write_pin
                0x0000000000019150                gpio_hal_arch_no_port_set_pins
                0x0000000000019190                gpio_hal_arch_no_port_clear_pins
                0x00000000000191d0                gpio_hal_arch_no_port_read_pins
                0x0000000000019200                gpio_hal_arch_no_port_write_pins
 *fill*         0x000000000001923e        0x2 
 .text          0x0000000000019240       0xc5 build/native/contiki-ng-native.a(ringbuf.o)
                0x0000000000019240                ringbuf_init
                0x0000000000019260                ringbuf_put
                0x00000000000192a0                ringbuf_get
                0x00000000000192e0                ringbuf_size
                0x00000000000192f0                ringbuf_elements
 *fill*         0x0000000000019305        0xb 
 .text          0x0000000000019310      0x14a /usr/lib/gcc/i686-linux-gnu/7/libgcc.a(_divdi3.o)
                0x0000000000019310                __divdi3
 *fill*         0x000000000001945a        0x6 
 .text          0x0000000000019460      0x116 /usr/lib/gcc/i686-linux-gnu/7/libgcc.a(_udivdi3.o)
                0x0000000000019460                __udivdi3
 *fill*         0x0000000000019576        0xa 
 .text          0x0000000000019580       0x62 /usr/lib/i386-linux-gnu/libc_nonshared.a(elf-init.oS)
                0x0000000000019580                __libc_csu_init
                0x00000000000195e0                __libc_csu_fini
 *fill*         0x00000000000195e2        0xe 
 .text          0x00000000000195f0       0x25 /usr/lib/i386-linux-gnu/libc_nonshared.a(atexit.oS)
                0x00000000000195f0                atexit
 *fill*         0x0000000000019615        0xb 
 .text          0x0000000000019620       0x14 /usr/lib/i386-linux-gnu/libc_nonshared.a(stack_chk_fail_local.oS)
                0x0000000000019620                __stack_chk_fail_local
 .text          0x0000000000019634        0x0 /usr/lib/gcc/i686-linux-gnu/7/crtendS.o
 .text          0x0000000000019634        0x0 /usr/lib/gcc/i686-linux-gnu/7/../../../i386-linux-gnu/crtn.o
 *(.gnu.warning)

.fini           0x0000000000019634       0x14
 *(SORT_NONE(.fini))
 .fini          0x0000000000019634        0xf /usr/lib/gcc/i686-linux-gnu/7/../../../i386-linux-gnu/crti.o
                0x0000000000019634                _fini
 .fini          0x0000000000019643        0x5 /usr/lib/gcc/i686-linux-gnu/7/../../../i386-linux-gnu/crtn.o
                [!provide]                        PROVIDE (__etext = .)
                [!provide]                        PROVIDE (_etext = .)
                [!provide]                        PROVIDE (etext = .)

.rodata         0x0000000000019648      0x819
 *(.rodata .rodata.* .gnu.linkonce.r.*)
 .rodata        0x0000000000019648        0x4 /usr/lib/gcc/i686-linux-gnu/7/../../../i386-linux-gnu/Scrt1.o
                0x0000000000019648                _fp_hw
 .rodata.cst4   0x000000000001964c        0x4 /usr/lib/gcc/i686-linux-gnu/7/../../../i386-linux-gnu/Scrt1.o
                0x000000000001964c                _IO_stdin_used
 .rodata.str1.1
                0x0000000000019650       0x3c coap-server.o
                                         0x48 (size before relaxing)
 .rodata.str1.1
                0x000000000001968c        0xf build/native/contiki-ng-native.a(res-battery.o)
 *fill*         0x000000000001969b        0x1 
 .rodata.str1.4
                0x000000000001969c       0x58 build/native/contiki-ng-native.a(res-battery.o)
 .rodata.str1.1
                0x00000000000196f4       0x41 build/native/contiki-ng-native.a(coap-engine.o)
 .rodata.str1.1
                0x0000000000019735       0x11 build/native/contiki-ng-native.a(coap-observe.o)
 .rodata.str1.1
                0x0000000000019746        0x6 build/native/contiki-ng-native.a(coap-res-well-k)
                                         0x19 (size before relaxing)
 .rodata.str1.4
                0x000000000001974c       0x7f build/native/contiki-ng-native.a(coap.o)
 .rodata.str1.1
                0x00000000000197cb       0x33 build/native/contiki-ng-native.a(coap.o)
                                         0x34 (size before relaxing)
 *fill*         0x00000000000197fe        0x2 
 .rodata        0x0000000000019800       0xf4 build/native/contiki-ng-native.a(coap.o)
 .rodata.str1.1
                0x00000000000198f4       0x35 build/native/contiki-ng-native.a(coap-uip.o)
 .rodata.str1.1
                0x0000000000019929       0x66 build/native/contiki-ng-native.a(contiki-main.o)
                                         0x7a (size before relaxing)
 *fill*         0x000000000001998f        0x1 
 .rodata.str1.4
                0x0000000000019990       0x7c build/native/contiki-ng-native.a(contiki-main.o)
 .rodata.str1.1
                0x0000000000019a0c        0xc build/native/contiki-ng-native.a(etimer.o)
 .rodata.str1.1
                0x0000000000019a18       0xa5 build/native/contiki-ng-native.a(log.o)
                                         0xac (size before relaxing)
 *fill*         0x0000000000019abd        0x3 
 .rodata        0x0000000000019ac0       0x14 build/native/contiki-ng-native.a(log.o)
 .rodata.str1.1
                0x0000000000019ad4        0xf build/native/contiki-ng-native.a(ctimer.o)
 *fill*         0x0000000000019ae3        0x1 
 .rodata        0x0000000000019ae4        0x8 build/native/contiki-ng-native.a(linkaddr.o)
                0x0000000000019ae4                linkaddr_null
 .rodata.str1.1
                0x0000000000019aec        0x8 build/native/contiki-ng-native.a(nullmac.o)
 .rodata.str1.1
                0x0000000000019af4        0xd build/native/contiki-ng-native.a(tcpip.o)
 .rodata.str1.1
                0x0000000000019b01       0x28 build/native/contiki-ng-native.a(uiplib.o)
                                         0x2d (size before relaxing)
 .rodata.str1.1
                0x0000000000019b29        0x9 build/native/contiki-ng-native.a(rpl.o)
 .rodata.str1.1
                0x0000000000019b32       0x2f build/native/contiki-ng-native.a(platform.o)
                                         0x47 (size before relaxing)
 *fill*         0x0000000000019b61        0x3 
 .rodata        0x0000000000019b64        0x8 build/native/contiki-ng-native.a(platform.o)
 .rodata.str1.1
                0x0000000000019b6c       0xa6 build/native/contiki-ng-native.a(tun6-net.o)
                                         0xb9 (size before relaxing)
 *fill*         0x0000000000019c12        0x2 
 .rodata.str1.4
                0x0000000000019c14       0xbf build/native/contiki-ng-native.a(tun6-net.o)
 .rodata.str1.1
                0x0000000000019cd3       0x13 build/native/contiki-ng-native.a(coap-timer-defa)
 .rodata.str1.1
                0x0000000000019ce6       0x13 build/native/contiki-ng-native.a(button-hal.o)
 .rodata.str1.1
                0x0000000000019cf9        0xe build/native/contiki-ng-native.a(serial-line.o)
 .rodata.str1.1
                0x0000000000019d07       0x44 build/native/contiki-ng-native.a(uip-sr.o)
 *fill*         0x0000000000019d4b        0x1 
 .rodata.str1.4
                0x0000000000019d4c       0x24 build/native/contiki-ng-native.a(rpl-neighbor.o)
                                         0x22 (size before relaxing)
 .rodata.str1.1
                0x0000000000019d70       0x34 build/native/contiki-ng-native.a(rpl-neighbor.o)
                                         0x36 (size before relaxing)
 .rodata.str1.1
                0x0000000000019da4       0xb0 build/native/contiki-ng-native.a(rpl-dag.o)
 .rodata.str1.1
                0x0000000000019e54        0xc build/native/contiki-ng-native.a(rpl-timers.o)
 .rodata        0x0000000000019e60        0x1 build/native/contiki-ng-native.a(buttons.o)
                0x0000000000019e60                button_hal_button_count

.rodata1
 *(.rodata1)

.eh_frame_hdr   0x0000000000019e64     0x13a4
 *(.eh_frame_hdr)
 .eh_frame_hdr  0x0000000000019e64     0x13a4 coap-server.o
                0x0000000000019e64                __GNU_EH_FRAME_HDR
 *(.eh_frame_entry .eh_frame_entry.*)

.eh_frame       0x000000000001b208     0x82c0
 *(.eh_frame)
 .eh_frame      0x000000000001b208       0x3c /usr/lib/gcc/i686-linux-gnu/7/../../../i386-linux-gnu/Scrt1.o
                                         0x40 (size before relaxing)
 .eh_frame      0x000000000001b244       0x14 /usr/lib/gcc/i686-linux-gnu/7/../../../i386-linux-gnu/Scrt1.o
                                         0x2c (size before relaxing)
 .eh_frame      0x000000000001b258       0x70 coap-server.o
                                         0x9c (size before relaxing)
 .eh_frame      0x000000000001b2c8       0x98 build/native/contiki-ng-native.a(res-battery.o)
                                         0xc4 (size before relaxing)
 .eh_frame      0x000000000001b360      0x41c build/native/contiki-ng-native.a(coap-engine.o)
                                        0x448 (size before relaxing)
 .eh_frame      0x000000000001b77c      0x310 build/native/contiki-ng-native.a(coap-observe.o)
                                        0x33c (size before relaxing)
 .eh_frame      0x000000000001ba8c      0x1a8 build/native/contiki-ng-native.a(coap-transactio)
                                        0x1d4 (size before relaxing)
 .eh_frame      0x000000000001bc34       0xc4 build/native/contiki-ng-native.a(coap-res-well-k)
                                         0xf0 (size before relaxing)
 .eh_frame      0x000000000001bcf8      0x898 build/native/contiki-ng-native.a(coap.o)
                                        0x8d8 (size before relaxing)
 .eh_frame      0x000000000001c590      0x374 build/native/contiki-ng-native.a(coap-uip.o)
                                        0x3b4 (size before relaxing)
 .eh_frame      0x000000000001c904      0x1f4 build/native/contiki-ng-native.a(coap-timer.o)
                                        0x234 (size before relaxing)
 .eh_frame      0x000000000001caf8       0x48 build/native/contiki-ng-native.a(contiki-main.o)
                                         0x74 (size before relaxing)
 .eh_frame      0x000000000001cb40       0x6c build/native/contiki-ng-native.a(autostart.o)
                                         0x98 (size before relaxing)
 .eh_frame      0x000000000001cbac       0x3c build/native/contiki-ng-native.a(energest.o)
                                         0x54 (size before relaxing)
 .eh_frame      0x000000000001cbe8      0x264 build/native/contiki-ng-native.a(etimer.o)
                                        0x2b8 (size before relaxing)
 .eh_frame      0x000000000001ce4c      0x2a0 build/native/contiki-ng-native.a(log.o)
                                        0x2e0 (size before relaxing)
 .eh_frame      0x000000000001d0ec      0x274 build/native/contiki-ng-native.a(ctimer.o)
                                        0x2b4 (size before relaxing)
 .eh_frame      0x000000000001d360      0x214 build/native/contiki-ng-native.a(process.o)
                                        0x27c (size before relaxing)
 .eh_frame      0x000000000001d574       0x98 build/native/contiki-ng-native.a(rtimer.o)
                                         0xc4 (size before relaxing)
 .eh_frame      0x000000000001d60c       0x14 build/native/contiki-ng-native.a(node-id.o)
                                         0x40 (size before relaxing)
 .eh_frame      0x000000000001d620       0xd0 build/native/contiki-ng-native.a(timer.o)
                                         0xfc (size before relaxing)
 .eh_frame      0x000000000001d6f0      0x19c build/native/contiki-ng-native.a(list.o)
                                        0x1b4 (size before relaxing)
 .eh_frame      0x000000000001d88c       0xdc build/native/contiki-ng-native.a(memb.o)
                                        0x108 (size before relaxing)
 .eh_frame      0x000000000001d968       0x44 build/native/contiki-ng-native.a(random.o)
                                         0x70 (size before relaxing)
 .eh_frame      0x000000000001d9ac      0x234 build/native/contiki-ng-native.a(queuebuf.o)
                                        0x260 (size before relaxing)
 .eh_frame      0x000000000001dbe0      0x2bc build/native/contiki-ng-native.a(packetbuf.o)
                                        0x324 (size before relaxing)
 .eh_frame      0x000000000001de9c       0xe0 build/native/contiki-ng-native.a(netstack.o)
                                        0x10c (size before relaxing)
 .eh_frame      0x000000000001df7c       0x4c build/native/contiki-ng-native.a(linkaddr.o)
                                         0x78 (size before relaxing)
 .eh_frame      0x000000000001dfc8       0x78 build/native/contiki-ng-native.a(nullmac.o)
                                         0x90 (size before relaxing)
 .eh_frame      0x000000000001e040      0x644 build/native/contiki-ng-native.a(uip-ds6.o)
                                        0x698 (size before relaxing)
 .eh_frame      0x000000000001e684       0x8c build/native/contiki-ng-native.a(uip-udp-packet.)
                                         0xb8 (size before relaxing)
 .eh_frame      0x000000000001e710      0x2cc build/native/contiki-ng-native.a(uip-ds6-route.o)
                                        0x2f8 (size before relaxing)
 .eh_frame      0x000000000001e9dc      0x2d4 build/native/contiki-ng-native.a(uip-ds6-nbr.o)
                                        0x300 (size before relaxing)
 .eh_frame      0x000000000001ecb0      0x2bc build/native/contiki-ng-native.a(tcpip.o)
                                        0x2fc (size before relaxing)
 .eh_frame      0x000000000001ef6c      0x3b8 build/native/contiki-ng-native.a(uip6.o)
                                        0x3f8 (size before relaxing)
 .eh_frame      0x000000000001f324       0xc8 build/native/contiki-ng-native.a(uip-nd6.o)
                                         0xf4 (size before relaxing)
 .eh_frame      0x000000000001f3ec      0x19c build/native/contiki-ng-native.a(uiplib.o)
                                        0x1dc (size before relaxing)
 .eh_frame      0x000000000001f588      0x29c build/native/contiki-ng-native.a(rpl.o)
                                        0x304 (size before relaxing)
 .eh_frame      0x000000000001f824      0x118 build/native/contiki-ng-native.a(rpl-dag-root.o)
                                        0x158 (size before relaxing)
 .eh_frame      0x000000000001f93c      0x26c build/native/contiki-ng-native.a(platform.o)
                                        0x2c0 (size before relaxing)
 .eh_frame      0x000000000001fba8       0x80 build/native/contiki-ng-native.a(clock.o)
                                         0xac (size before relaxing)
 .eh_frame      0x000000000001fc28      0x2a4 build/native/contiki-ng-native.a(tun6-net.o)
                                        0x2d0 (size before relaxing)
 .eh_frame      0x000000000001fecc       0x84 build/native/contiki-ng-native.a(rtimer-arch.o)
                                         0xb0 (size before relaxing)
 .eh_frame      0x000000000001ff50       0x6c build/native/contiki-ng-native.a(watchdog.o)
                                         0x98 (size before relaxing)
 .eh_frame      0x000000000001ffbc      0x100 build/native/contiki-ng-native.a(coap-timer-defa)
                                        0x12c (size before relaxing)
 .eh_frame      0x00000000000200bc       0xf0 build/native/contiki-ng-native.a(stimer.o)
                                        0x11c (size before relaxing)
 .eh_frame      0x00000000000201ac      0x234 build/native/contiki-ng-native.a(button-hal.o)
                                        0x288 (size before relaxing)
 .eh_frame      0x00000000000203e0       0xf0 build/native/contiki-ng-native.a(serial-line.o)
                                        0x11c (size before relaxing)
 .eh_frame      0x00000000000204d0       0xb4 build/native/contiki-ng-native.a(leds.o)
                                         0xcc (size before relaxing)
 .eh_frame      0x0000000000020584      0x118 build/native/contiki-ng-native.a(nullradio.o)
                                        0x130 (size before relaxing)
 .eh_frame      0x000000000002069c      0x16c build/native/contiki-ng-native.a(gpio-hal.o)
                                        0x198 (size before relaxing)
 .eh_frame      0x0000000000020808      0x474 build/native/contiki-ng-native.a(nbr-table.o)
                                        0x4f0 (size before relaxing)
 .eh_frame      0x0000000000020c7c      0x240 build/native/contiki-ng-native.a(link-stats.o)
                                        0x26c (size before relaxing)
 .eh_frame      0x0000000000020ebc      0x23c build/native/contiki-ng-native.a(uipbuf.o)
                                        0x2a4 (size before relaxing)
 .eh_frame      0x00000000000210f8      0x288 build/native/contiki-ng-native.a(uip-icmp6.o)
                                        0x2b4 (size before relaxing)
 .eh_frame      0x0000000000021380      0x3dc build/native/contiki-ng-native.a(uip-sr.o)
                                        0x430 (size before relaxing)
 .eh_frame      0x000000000002175c      0x104 build/native/contiki-ng-native.a(uip-packetqueue)
                                        0x130 (size before relaxing)
 .eh_frame      0x0000000000021860      0x2c8 build/native/contiki-ng-native.a(rpl-icmp6.o)
                                        0x2f4 (size before relaxing)
 .eh_frame      0x0000000000021b28      0x4c4 build/native/contiki-ng-native.a(rpl-neighbor.o)
                                        0x518 (size before relaxing)
 .eh_frame      0x0000000000021fec      0x60c build/native/contiki-ng-native.a(rpl-dag.o)
                                        0x660 (size before relaxing)
 .eh_frame      0x00000000000225f8      0x684 build/native/contiki-ng-native.a(rpl-timers.o)
                                        0x6c4 (size before relaxing)
 .eh_frame      0x0000000000022c7c      0x200 build/native/contiki-ng-native.a(rpl-ext-header.)
                                        0x240 (size before relaxing)
 .eh_frame      0x0000000000022e7c       0x60 build/native/contiki-ng-native.a(rpl-nbr-policy.)
                                         0x8c (size before relaxing)
 .eh_frame      0x0000000000022edc      0x220 build/native/contiki-ng-native.a(rpl-mrhof.o)
                                        0x288 (size before relaxing)
 .eh_frame      0x00000000000230fc       0x50 build/native/contiki-ng-native.a(int-master.o)
                                         0x90 (size before relaxing)
 .eh_frame      0x000000000002314c      0x16c build/native/contiki-ng-native.a(gpio-hal-arch.o)
                                        0x1e8 (size before relaxing)
 .eh_frame      0x00000000000232b8       0xa0 build/native/contiki-ng-native.a(ringbuf.o)
                                         0xb8 (size before relaxing)
 .eh_frame      0x0000000000023358       0x40 /usr/lib/gcc/i686-linux-gnu/7/libgcc.a(_divdi3.o)
                                         0x58 (size before relaxing)
 .eh_frame      0x0000000000023398       0x84 /usr/lib/gcc/i686-linux-gnu/7/libgcc.a(_udivdi3.o)
                                         0x9c (size before relaxing)
 .eh_frame      0x000000000002341c       0x60 /usr/lib/i386-linux-gnu/libc_nonshared.a(elf-init.oS)
                                         0x8c (size before relaxing)
 .eh_frame      0x000000000002347c       0x2c /usr/lib/i386-linux-gnu/libc_nonshared.a(atexit.oS)
                                         0x58 (size before relaxing)
 .eh_frame      0x00000000000234a8       0x1c /usr/lib/i386-linux-gnu/libc_nonshared.a(stack_chk_fail_local.oS)
                                         0x48 (size before relaxing)
 .eh_frame      0x00000000000234c4        0x4 /usr/lib/gcc/i686-linux-gnu/7/crtendS.o
 *(.eh_frame.*)

.gcc_except_table
 *(.gcc_except_table .gcc_except_table.*)

.gnu_extab
 *(.gnu_extab*)

.exception_ranges
 *(.exception_ranges .exception_ranges*)
                0x0000000000024cf8                . = DATA_SEGMENT_ALIGN (CONSTANT (MAXPAGESIZE), CONSTANT (COMMONPAGESIZE))

.eh_frame
 *(.eh_frame)
 *(.eh_frame.*)

.gnu_extab
 *(.gnu_extab)

.gcc_except_table
 *(.gcc_except_table .gcc_except_table.*)

.exception_ranges
 *(.exception_ranges .exception_ranges*)

.tdata
 *(.tdata .tdata.* .gnu.linkonce.td.*)

.tbss
 *(.tbss .tbss.* .gnu.linkonce.tb.*)
 *(.tcommon)

.preinit_array  0x0000000000024cf8        0x0
                [!provide]                        PROVIDE (__preinit_array_start = .)
 *(.preinit_array)
                [!provide]                        PROVIDE (__preinit_array_end = .)

.init_array     0x0000000000024cf8        0x4
                0x0000000000024cf8                PROVIDE (__init_array_start = .)
 *(SORT_BY_INIT_PRIORITY(.init_array.*) SORT_BY_INIT_PRIORITY(.ctors.*))
 *(.init_array EXCLUDE_FILE(*crtend?.o *crtend.o *crtbegin?.o *crtbegin.o) .ctors)
 .init_array    0x0000000000024cf8        0x4 /usr/lib/gcc/i686-linux-gnu/7/crtbeginS.o
                0x0000000000024cfc                PROVIDE (__init_array_end = .)

.fini_array     0x0000000000024cfc        0x4
                [!provide]                        PROVIDE (__fini_array_start = .)
 *(SORT_BY_INIT_PRIORITY(.fini_array.*) SORT_BY_INIT_PRIORITY(.dtors.*))
 *(.fini_array EXCLUDE_FILE(*crtend?.o *crtend.o *crtbegin?.o *crtbegin.o) .dtors)
 .fini_array    0x0000000000024cfc        0x4 /usr/lib/gcc/i686-linux-gnu/7/crtbeginS.o
                [!provide]                        PROVIDE (__fini_array_end = .)

.ctors
 *crtbegin.o(.ctors)
 *crtbegin?.o(.ctors)
 *(EXCLUDE_FILE(*crtend?.o *crtend.o) .ctors)
 *(SORT_BY_NAME(.ctors.*))
 *(.ctors)

.dtors
 *crtbegin.o(.dtors)
 *crtbegin?.o(.dtors)
 *(EXCLUDE_FILE(*crtend?.o *crtend.o) .dtors)
 *(SORT_BY_NAME(.dtors.*))
 *(.dtors)

.jcr
 *(.jcr)

.data.rel.ro    0x0000000000024d00       0xf4
 *(.data.rel.ro.local* .gnu.linkonce.d.rel.ro.local.*)
 .data.rel.ro.local
                0x0000000000024d00        0x8 coap-server.o
                0x0000000000024d00                autostart_processes
 .data.rel.ro.local
                0x0000000000024d08       0x1c build/native/contiki-ng-native.a(nullmac.o)
                0x0000000000024d08                nullmac_driver
 .data.rel.ro.local
                0x0000000000024d24        0x8 build/native/contiki-ng-native.a(platform.o)
 .data.rel.ro.local
                0x0000000000024d2c       0x18 build/native/contiki-ng-native.a(tun6-net.o)
                0x0000000000024d2c                tun6_net_driver
 .data.rel.ro.local
                0x0000000000024d44        0xc build/native/contiki-ng-native.a(coap-timer-defa)
                0x0000000000024d44                coap_timer_default_driver
 *fill*         0x0000000000024d50       0x10 
 .data.rel.ro.local
                0x0000000000024d60       0x38 build/native/contiki-ng-native.a(nullradio.o)
                0x0000000000024d60                nullradio_driver
 *(.data.rel.ro .data.rel.ro.* .gnu.linkonce.d.rel.ro.*)
 .data.rel.ro   0x0000000000024d98        0x0 /usr/lib/gcc/i686-linux-gnu/7/../../../i386-linux-gnu/Scrt1.o
 *fill*         0x0000000000024d98        0x8 
 .data.rel.ro   0x0000000000024da0       0x54 build/native/contiki-ng-native.a(rpl.o)
                0x0000000000024da0                rpl_lite_driver

.dynamic        0x0000000000024df4      0x100
 *(.dynamic)
 .dynamic       0x0000000000024df4      0x100 /usr/lib/gcc/i686-linux-gnu/7/../../../i386-linux-gnu/Scrt1.o
                0x0000000000024df4                _DYNAMIC

.got            0x0000000000024ef4       0xf8
 *(.got.plt)
 .got.plt       0x0000000000024ef4       0xb0 /usr/lib/gcc/i686-linux-gnu/7/../../../i386-linux-gnu/Scrt1.o
                0x0000000000024ef4                _GLOBAL_OFFSET_TABLE_
 *(.igot.plt)
 *(.got)
 .got           0x0000000000024fa4       0x48 /usr/lib/gcc/i686-linux-gnu/7/../../../i386-linux-gnu/Scrt1.o
 *(.igot)
                0x0000000000025000                . = DATA_SEGMENT_RELRO_END (., 0x0)

.data           0x0000000000025000      0x2c4
 *(.data .data.* .gnu.linkonce.d.*)
 .data          0x0000000000025000        0x4 /usr/lib/gcc/i686-linux-gnu/7/../../../i386-linux-gnu/Scrt1.o
                0x0000000000025000                data_start
                0x0000000000025000                __data_start
 .data          0x0000000000025004        0x0 /usr/lib/gcc/i686-linux-gnu/7/../../../i386-linux-gnu/crti.o
 .data          0x0000000000025004        0x0 /usr/lib/gcc/i686-linux-gnu/7/crtbeginS.o
 .data.rel.local
                0x0000000000025004        0x4 /usr/lib/gcc/i686-linux-gnu/7/crtbeginS.o
                0x0000000000025004                __dso_handle
 .data          0x0000000000025008        0x0 coap-server.o
 .data.rel.local
                0x0000000000025008       0x10 coap-server.o
                0x0000000000025008                coap_server
 .data          0x0000000000025018        0x0 build/native/contiki-ng-native.a(res-battery.o)
 *fill*         0x0000000000025018        0x8 
 .data.rel.local
                0x0000000000025020       0x24 build/native/contiki-ng-native.a(res-battery.o)
                0x0000000000025020                res_battery
 .data          0x0000000000025044        0x0 build/native/contiki-ng-native.a(coap-engine.o)
 .data          0x0000000000025044        0x0 build/native/contiki-ng-native.a(coap-observe.o)
 .data.rel.local
                0x0000000000025044        0xc build/native/contiki-ng-native.a(coap-observe.o)
 .data          0x0000000000025050        0x0 build/native/contiki-ng-native.a(coap-transactio)
 .data.rel.local
                0x0000000000025050        0xc build/native/contiki-ng-native.a(coap-transactio)
 .data          0x000000000002505c        0x0 build/native/contiki-ng-native.a(coap-res-well-k)
 *fill*         0x000000000002505c        0x4 
 .data.rel.local
                0x0000000000025060       0x24 build/native/contiki-ng-native.a(coap-res-well-k)
                0x0000000000025060                res_well_known_core
 .data          0x0000000000025084        0x0 build/native/contiki-ng-native.a(coap.o)
 .data.rel.local
                0x0000000000025084        0x4 build/native/contiki-ng-native.a(coap.o)
                0x0000000000025084                coap_error_message
 .data          0x0000000000025088        0x0 build/native/contiki-ng-native.a(coap-uip.o)
 .data.rel.local
                0x0000000000025088       0x10 build/native/contiki-ng-native.a(coap-uip.o)
                0x0000000000025088                coap_engine
 .data          0x0000000000025098        0x0 build/native/contiki-ng-native.a(coap-timer.o)
 .data          0x0000000000025098        0x0 build/native/contiki-ng-native.a(contiki-main.o)
 .data          0x0000000000025098        0x0 build/native/contiki-ng-native.a(autostart.o)
 .data          0x0000000000025098        0x0 build/native/contiki-ng-native.a(energest.o)
 .data          0x0000000000025098        0x0 build/native/contiki-ng-native.a(etimer.o)
 .data.rel.local
                0x0000000000025098       0x10 build/native/contiki-ng-native.a(etimer.o)
                0x0000000000025098                etimer_process
 .data          0x00000000000250a8        0x4 build/native/contiki-ng-native.a(log.o)
                0x00000000000250a8                curr_log_level_main
 *fill*         0x00000000000250ac       0x14 
 .data.rel.local
                0x00000000000250c0       0x9c build/native/contiki-ng-native.a(log.o)
                0x00000000000250c0                all_modules
 .data          0x000000000002515c        0x0 build/native/contiki-ng-native.a(ctimer.o)
 .data.rel.local
                0x000000000002515c       0x10 build/native/contiki-ng-native.a(ctimer.o)
                0x000000000002515c                ctimer_process
 .data          0x000000000002516c        0x0 build/native/contiki-ng-native.a(process.o)
 .data          0x000000000002516c        0x0 build/native/contiki-ng-native.a(rtimer.o)
 .data          0x000000000002516c        0x0 build/native/contiki-ng-native.a(node-id.o)
 .data          0x000000000002516c        0x0 build/native/contiki-ng-native.a(timer.o)
 .data          0x000000000002516c        0x0 build/native/contiki-ng-native.a(list.o)
 .data          0x000000000002516c        0x0 build/native/contiki-ng-native.a(memb.o)
 .data          0x000000000002516c        0x0 build/native/contiki-ng-native.a(random.o)
 .data          0x000000000002516c        0x0 build/native/contiki-ng-native.a(queuebuf.o)
 .data.rel.local
                0x000000000002516c       0x18 build/native/contiki-ng-native.a(queuebuf.o)
 .data          0x0000000000025184        0x0 build/native/contiki-ng-native.a(packetbuf.o)
 .data          0x0000000000025184        0x0 build/native/contiki-ng-native.a(netstack.o)
 .data          0x0000000000025184        0x0 build/native/contiki-ng-native.a(linkaddr.o)
 .data          0x0000000000025184        0x0 build/native/contiki-ng-native.a(nullmac.o)
 .data          0x0000000000025184        0x0 build/native/contiki-ng-native.a(uip-ds6.o)
 .data          0x0000000000025184        0x0 build/native/contiki-ng-native.a(uip-udp-packet.)
 .data          0x0000000000025184        0x0 build/native/contiki-ng-native.a(uip-ds6-route.o)
 .data.rel.local
                0x0000000000025184        0xc build/native/contiki-ng-native.a(uip-ds6-route.o)
 .data          0x0000000000025190        0x0 build/native/contiki-ng-native.a(uip-ds6-nbr.o)
 .data.rel.local
                0x0000000000025190       0x10 build/native/contiki-ng-native.a(uip-ds6-nbr.o)
 .data          0x00000000000251a0        0x0 build/native/contiki-ng-native.a(tcpip.o)
 .data.rel.local
                0x00000000000251a0       0x10 build/native/contiki-ng-native.a(tcpip.o)
                0x00000000000251a0                tcpip_process
 .data          0x00000000000251b0        0x0 build/native/contiki-ng-native.a(uip6.o)
 .data          0x00000000000251b0        0x0 build/native/contiki-ng-native.a(uip-nd6.o)
 .data.rel.local
                0x00000000000251b0        0xc build/native/contiki-ng-native.a(uip-nd6.o)
 .data          0x00000000000251bc        0x0 build/native/contiki-ng-native.a(uiplib.o)
 .data          0x00000000000251bc        0x0 build/native/contiki-ng-native.a(rpl.o)
 .data          0x00000000000251bc        0x0 build/native/contiki-ng-native.a(rpl-dag-root.o)
 .data          0x00000000000251bc        0x0 build/native/contiki-ng-native.a(platform.o)
 .data          0x00000000000251bc        0x0 build/native/contiki-ng-native.a(clock.o)
 .data          0x00000000000251bc       0x15 build/native/contiki-ng-native.a(tun6-net.o)
 .data          0x00000000000251d1        0x0 build/native/contiki-ng-native.a(rtimer-arch.o)
 .data          0x00000000000251d1        0x0 build/native/contiki-ng-native.a(watchdog.o)
 .data          0x00000000000251d1        0x0 build/native/contiki-ng-native.a(coap-timer-defa)
 *fill*         0x00000000000251d1        0x3 
 .data.rel.local
                0x00000000000251d4       0x10 build/native/contiki-ng-native.a(coap-timer-defa)
                0x00000000000251d4                coap_timer_process
 .data          0x00000000000251e4        0x0 build/native/contiki-ng-native.a(stimer.o)
 .data          0x00000000000251e4        0x0 build/native/contiki-ng-native.a(button-hal.o)
 .data.rel.local
                0x00000000000251e4       0x10 build/native/contiki-ng-native.a(button-hal.o)
                0x00000000000251e4                button_hal_process
 .data          0x00000000000251f4        0x0 build/native/contiki-ng-native.a(serial-line.o)
 .data.rel.local
                0x00000000000251f4       0x10 build/native/contiki-ng-native.a(serial-line.o)
                0x00000000000251f4                serial_line_process
 .data          0x0000000000025204        0x0 build/native/contiki-ng-native.a(leds.o)
 .data          0x0000000000025204        0x0 build/native/contiki-ng-native.a(nullradio.o)
 .data          0x0000000000025204        0x0 build/native/contiki-ng-native.a(gpio-hal.o)
 .data          0x0000000000025204        0x0 build/native/contiki-ng-native.a(nbr-table.o)
 .data.rel.local
                0x0000000000025204        0xc build/native/contiki-ng-native.a(nbr-table.o)
 .data          0x0000000000025210        0x0 build/native/contiki-ng-native.a(link-stats.o)
 .data.rel.local
                0x0000000000025210       0x10 build/native/contiki-ng-native.a(link-stats.o)
 .data          0x0000000000025220        0x0 build/native/contiki-ng-native.a(uipbuf.o)
 .data          0x0000000000025220        0x0 build/native/contiki-ng-native.a(uip-icmp6.o)
 .data.rel.local
                0x0000000000025220       0x18 build/native/contiki-ng-native.a(uip-icmp6.o)
 .data          0x0000000000025238        0x0 build/native/contiki-ng-native.a(uip-sr.o)
 .data.rel.local
                0x0000000000025238        0xc build/native/contiki-ng-native.a(uip-sr.o)
 .data          0x0000000000025244        0x0 build/native/contiki-ng-native.a(uip-packetqueue)
 .data.rel.local
                0x0000000000025244        0xc build/native/contiki-ng-native.a(uip-packetqueue)
 .data          0x0000000000025250        0x0 build/native/contiki-ng-native.a(rpl-icmp6.o)
 .data.rel.local
                0x0000000000025250       0x30 build/native/contiki-ng-native.a(rpl-icmp6.o)
 .data          0x0000000000025280        0x0 build/native/contiki-ng-native.a(rpl-neighbor.o)
 .data.rel.local
                0x0000000000025280       0x14 build/native/contiki-ng-native.a(rpl-neighbor.o)
                0x0000000000025280                rpl_neighbors
 .data          0x0000000000025294        0x0 build/native/contiki-ng-native.a(rpl-dag.o)
 .data          0x0000000000025294        0x0 build/native/contiki-ng-native.a(rpl-timers.o)
 .data          0x0000000000025294        0x0 build/native/contiki-ng-native.a(rpl-ext-header.)
 .data          0x0000000000025294        0x0 build/native/contiki-ng-native.a(rpl-nbr-policy.)
 .data          0x0000000000025294        0x0 build/native/contiki-ng-native.a(rpl-mrhof.o)
 *fill*         0x0000000000025294        0xc 
 .data.rel.local
                0x00000000000252a0       0x24 build/native/contiki-ng-native.a(rpl-mrhof.o)
                0x00000000000252a0                rpl_mrhof
 .data          0x00000000000252c4        0x0 build/native/contiki-ng-native.a(buttons.o)
 .data          0x00000000000252c4        0x0 build/native/contiki-ng-native.a(int-master.o)
 .data          0x00000000000252c4        0x0 build/native/contiki-ng-native.a(gpio-hal-arch.o)
 .data          0x00000000000252c4        0x0 build/native/contiki-ng-native.a(ringbuf.o)
 .data          0x00000000000252c4        0x0 /usr/lib/gcc/i686-linux-gnu/7/libgcc.a(_divdi3.o)
 .data          0x00000000000252c4        0x0 /usr/lib/gcc/i686-linux-gnu/7/libgcc.a(_udivdi3.o)
 .data          0x00000000000252c4        0x0 /usr/lib/i386-linux-gnu/libc_nonshared.a(elf-init.oS)
 .data          0x00000000000252c4        0x0 /usr/lib/i386-linux-gnu/libc_nonshared.a(atexit.oS)
 .data          0x00000000000252c4        0x0 /usr/lib/i386-linux-gnu/libc_nonshared.a(stack_chk_fail_local.oS)
 .data          0x00000000000252c4        0x0 /usr/lib/gcc/i686-linux-gnu/7/crtendS.o
 .data          0x00000000000252c4        0x0 /usr/lib/gcc/i686-linux-gnu/7/../../../i386-linux-gnu/crtn.o

.tm_clone_table
                0x00000000000252c4        0x0
 .tm_clone_table
                0x00000000000252c4        0x0 /usr/lib/gcc/i686-linux-gnu/7/crtbeginS.o
 .tm_clone_table
                0x00000000000252c4        0x0 /usr/lib/gcc/i686-linux-gnu/7/crtendS.o

.data1
 *(.data1)
                0x00000000000252c4                _edata = .
                [!provide]                        PROVIDE (edata = .)
                0x00000000000252c4                . = .
                0x00000000000252c4                __bss_start = .

.bss            0x00000000000252e0     0xb084
 *(.dynbss)
 .dynbss        0x00000000000252e0        0x0 /usr/lib/gcc/i686-linux-gnu/7/../../../i386-linux-gnu/Scrt1.o
 *(.bss .bss.* .gnu.linkonce.b.*)
 .bss           0x00000000000252e0        0x0 /usr/lib/gcc/i686-linux-gnu/7/../../../i386-linux-gnu/Scrt1.o
 .bss           0x00000000000252e0        0x0 /usr/lib/gcc/i686-linux-gnu/7/../../../i386-linux-gnu/crti.o
 .bss           0x00000000000252e0        0x1 /usr/lib/gcc/i686-linux-gnu/7/crtbeginS.o
 .bss           0x00000000000252e1        0x0 coap-server.o
 .bss           0x00000000000252e1        0x0 build/native/contiki-ng-native.a(res-battery.o)
 *fill*         0x00000000000252e1       0x1f 
 .bss           0x0000000000025300      0x17c build/native/contiki-ng-native.a(coap-engine.o)
 *fill*         0x000000000002547c        0x4 
 .bss           0x0000000000025480      0x11f build/native/contiki-ng-native.a(coap-observe.o)
 *fill*         0x000000000002559f        0x1 
 .bss           0x00000000000255a0      0x334 build/native/contiki-ng-native.a(coap-transactio)
 .bss           0x00000000000258d4        0x0 build/native/contiki-ng-native.a(coap-res-well-k)
 .bss           0x00000000000258d4        0x6 build/native/contiki-ng-native.a(coap.o)
                0x00000000000258d4                coap_status_code
 *fill*         0x00000000000258da        0x2 
 .bss           0x00000000000258dc       0x18 build/native/contiki-ng-native.a(coap-uip.o)
 .bss           0x00000000000258f4        0x8 build/native/contiki-ng-native.a(coap-timer.o)
 .bss           0x00000000000258fc        0x0 build/native/contiki-ng-native.a(contiki-main.o)
 .bss           0x00000000000258fc        0x0 build/native/contiki-ng-native.a(autostart.o)
 .bss           0x00000000000258fc        0x0 build/native/contiki-ng-native.a(energest.o)
 .bss           0x00000000000258fc        0x8 build/native/contiki-ng-native.a(etimer.o)
 .bss           0x0000000000025904       0x2c build/native/contiki-ng-native.a(log.o)
                0x0000000000025904                curr_log_level_lwm2m
                0x0000000000025908                curr_log_level_snmp
                0x000000000002590c                curr_log_level_coap
                0x0000000000025910                curr_log_level_6top
                0x0000000000025914                curr_log_level_framer
                0x0000000000025918                curr_log_level_mac
                0x000000000002591c                curr_log_level_nullnet
                0x0000000000025920                curr_log_level_6lowpan
                0x0000000000025924                curr_log_level_ipv6
                0x0000000000025928                curr_log_level_tcpip
                0x000000000002592c                curr_log_level_rpl
 .bss           0x0000000000025930        0x8 build/native/contiki-ng-native.a(ctimer.o)
 *fill*         0x0000000000025938        0x8 
 .bss           0x0000000000025940      0x1a3 build/native/contiki-ng-native.a(process.o)
                0x0000000000025940                process_current
                0x0000000000025944                process_list
 *fill*         0x0000000000025ae3        0x1 
 .bss           0x0000000000025ae4        0x4 build/native/contiki-ng-native.a(rtimer.o)
 .bss           0x0000000000025ae8        0x2 build/native/contiki-ng-native.a(node-id.o)
                0x0000000000025ae8                node_id
 .bss           0x0000000000025aea        0x0 build/native/contiki-ng-native.a(timer.o)
 .bss           0x0000000000025aea        0x0 build/native/contiki-ng-native.a(list.o)
 .bss           0x0000000000025aea        0x0 build/native/contiki-ng-native.a(memb.o)
 .bss           0x0000000000025aea        0x0 build/native/contiki-ng-native.a(random.o)
 *fill*         0x0000000000025aea       0x16 
 .bss           0x0000000000025b00     0x2c80 build/native/contiki-ng-native.a(queuebuf.o)
 .bss           0x0000000000028780       0x86 build/native/contiki-ng-native.a(packetbuf.o)
 *fill*         0x0000000000028806        0x2 
 .bss           0x0000000000028808        0x4 build/native/contiki-ng-native.a(netstack.o)
 .bss           0x000000000002880c        0x0 build/native/contiki-ng-native.a(linkaddr.o)
 .bss           0x000000000002880c        0x0 build/native/contiki-ng-native.a(nullmac.o)
 .bss           0x000000000002880c       0x30 build/native/contiki-ng-native.a(uip-ds6.o)
 .bss           0x000000000002883c        0x0 build/native/contiki-ng-native.a(uip-udp-packet.)
 *fill*         0x000000000002883c        0x4 
 .bss           0x0000000000028840       0x48 build/native/contiki-ng-native.a(uip-ds6-route.o)
 *fill*         0x0000000000028888       0x18 
 .bss           0x00000000000288a0     0x1c20 build/native/contiki-ng-native.a(uip-ds6-nbr.o)
 .bss           0x000000000002a4c0       0x10 build/native/contiki-ng-native.a(tcpip.o)
 .bss           0x000000000002a4d0        0x8 build/native/contiki-ng-native.a(uip6.o)
                0x000000000002a4d0                uip_last_proto
                0x000000000002a4d2                uip_ext_len
                0x000000000002a4d4                uip_ext_bitmap
 .bss           0x000000000002a4d8        0xe build/native/contiki-ng-native.a(uip-nd6.o)
 .bss           0x000000000002a4e6        0x0 build/native/contiki-ng-native.a(uiplib.o)
 .bss           0x000000000002a4e6        0x1 build/native/contiki-ng-native.a(rpl.o)
 *fill*         0x000000000002a4e7        0x1 
 .bss           0x000000000002a4e8       0x11 build/native/contiki-ng-native.a(rpl-dag-root.o)
 *fill*         0x000000000002a4f9        0x7 
 .bss           0x000000000002a500       0x40 build/native/contiki-ng-native.a(platform.o)
                0x000000000002a500                contiki_argc
 .bss           0x000000000002a540        0x0 build/native/contiki-ng-native.a(clock.o)
 .bss           0x000000000002a540        0x0 build/native/contiki-ng-native.a(tun6-net.o)
 .bss           0x000000000002a540        0x0 build/native/contiki-ng-native.a(rtimer-arch.o)
 .bss           0x000000000002a540        0x0 build/native/contiki-ng-native.a(watchdog.o)
 .bss           0x000000000002a540       0x20 build/native/contiki-ng-native.a(coap-timer-defa)
 .bss           0x000000000002a560        0x0 build/native/contiki-ng-native.a(stimer.o)
 .bss           0x000000000002a560       0x10 build/native/contiki-ng-native.a(button-hal.o)
 *fill*         0x000000000002a570       0x10 
 .bss           0x000000000002a580      0x148 build/native/contiki-ng-native.a(serial-line.o)
 .bss           0x000000000002a6c8        0x0 build/native/contiki-ng-native.a(leds.o)
 .bss           0x000000000002a6c8        0x0 build/native/contiki-ng-native.a(nullradio.o)
 .bss           0x000000000002a6c8        0x4 build/native/contiki-ng-native.a(gpio-hal.o)
 *fill*         0x000000000002a6cc       0x14 
 .bss           0x000000000002a6e0     0x120c build/native/contiki-ng-native.a(nbr-table.o)
 *fill*         0x000000000002b8ec       0x14 
 .bss           0x000000000002b900      0xe10 build/native/contiki-ng-native.a(link-stats.o)
 .bss           0x000000000002c710       0x20 build/native/contiki-ng-native.a(uipbuf.o)
 .bss           0x000000000002c730       0x18 build/native/contiki-ng-native.a(uip-icmp6.o)
 *fill*         0x000000000002c748       0x18 
 .bss           0x000000000002c760     0x1d54 build/native/contiki-ng-native.a(uip-sr.o)
 *fill*         0x000000000002e4b4        0xc 
 .bss           0x000000000002e4c0      0xa5a build/native/contiki-ng-native.a(uip-packetqueue)
 .bss           0x000000000002ef1a        0x0 build/native/contiki-ng-native.a(rpl-icmp6.o)
 *fill*         0x000000000002ef1a        0x6 
 .bss           0x000000000002ef20      0x960 build/native/contiki-ng-native.a(rpl-neighbor.o)
 .bss           0x000000000002f880        0x0 build/native/contiki-ng-native.a(rpl-dag.o)
 .bss           0x000000000002f880       0x40 build/native/contiki-ng-native.a(rpl-timers.o)
 .bss           0x000000000002f8c0        0x0 build/native/contiki-ng-native.a(rpl-ext-header.)
 .bss           0x000000000002f8c0        0x0 build/native/contiki-ng-native.a(rpl-nbr-policy.)
 .bss           0x000000000002f8c0        0x0 build/native/contiki-ng-native.a(rpl-mrhof.o)
 .bss           0x000000000002f8c0        0x4 build/native/contiki-ng-native.a(buttons.o)