Archive member included to satisfy reference by file (symbol)

build/cooja/mtype55.a(simEnvChange.o)
                              build/cooja/mtype55.o (simDontFallAsleep)
build/cooja/mtype55.a(cooja_mt.o)
                              build/cooja/mtype55.o (cooja_mt_start)
build/cooja/mtype55.a(cooja_mtarch.o)
                              build/cooja/mtype55.a(cooja_mt.o) (cooja_mtarch_start)
build/cooja/mtype55.a(rtimer-arch.o)
                              build/cooja/mtype55.o (rtimer_arch_check)
build/cooja/mtype55.a(beep.o)
                              build/cooja/mtype55.o (beep_interface)
build/cooja/mtype55.a(leds-arch.o)
                              build/cooja/mtype55.o (leds_interface)
build/cooja/mtype55.a(moteid.o)
                              build/cooja/mtype55.o (moteid_interface)
build/cooja/mtype55.a(pir-sensor.o)
                              build/cooja/mtype55.o (pir_interface)
build/cooja/mtype55.a(rs232.o)
                              build/cooja/mtype55.o (rs232_interface)
build/cooja/mtype55.a(vib-sensor.o)
                              build/cooja/mtype55.o (vib_interface)
build/cooja/mtype55.a(clock.o)
                              build/cooja/mtype55.o (clock_interface)
build/cooja/mtype55.a(cooja-log.o)
                              build/cooja/mtype55.o (simlog_interface)
build/cooja/mtype55.a(cfs-cooja.o)
                              build/cooja/mtype55.o (cfs_interface)
build/cooja/mtype55.a(cooja-radio.o)
                              build/cooja/mtype55.o (radio_interface)
build/cooja/mtype55.a(eeprom.o)
                              build/cooja/mtype55.o (eeprom_interface)
build/cooja/mtype55.a(random.o)
                              build/cooja/mtype55.a(moteid.o) (random_init)
build/cooja/mtype55.a(sensors.o)
                              build/cooja/mtype55.a(pir-sensor.o) (sensors_changed)
build/cooja/mtype55.a(leds.o)
                              build/cooja/mtype55.a(leds-arch.o) (leds_get)
build/cooja/mtype55.a(gpio-hal-arch.o)
                              build/cooja/mtype55.a(leds-arch.o) (gpio_hal_arch_register_pin_callback)
build/cooja/mtype55.a(buttons.o)
                              build/cooja/mtype55.o (button_interface)
build/cooja/mtype55.a(contiki-main.o)
                              build/cooja/mtype55.o (main)
build/cooja/mtype55.a(autostart.o)
                              build/cooja/mtype55.a(contiki-main.o) (autostart_start)
build/cooja/mtype55.a(ctimer.o)
                              build/cooja/mtype55.a(contiki-main.o) (ctimer_init)
build/cooja/mtype55.a(log.o)  build/cooja/mtype55.a(contiki-main.o) (curr_log_level_main)
build/cooja/mtype55.a(energest.o)
                              build/cooja/mtype55.a(contiki-main.o) (energest_init)
build/cooja/mtype55.a(etimer.o)
                              build/cooja/mtype55.a(contiki-main.o) (etimer_process)
build/cooja/mtype55.a(node-id.o)
                              build/cooja/mtype55.a(contiki-main.o) (node_id)
build/cooja/mtype55.a(process.o)
                              build/cooja/mtype55.a(ctimer.o) (process_current)
build/cooja/mtype55.a(rtimer.o)
                              build/cooja/mtype55.a(contiki-main.o) (rtimer_init)
build/cooja/mtype55.a(timer.o)
                              build/cooja/mtype55.a(etimer.o) (timer_set)
build/cooja/mtype55.a(list.o)
                              build/cooja/mtype55.a(ctimer.o) (list_init)
build/cooja/mtype55.a(button-hal.o)
                              build/cooja/mtype55.o (button_hal_init)
build/cooja/mtype55.a(serial-line.o)
                              build/cooja/mtype55.a(rs232.o) (serial_line_input_byte)
build/cooja/mtype55.a(gpio-hal.o)
                              build/cooja/mtype55.a(button-hal.o) (gpio_hal_register_handler)
build/cooja/mtype55.a(queuebuf.o)
                              build/cooja/mtype55.a(contiki-main.o) (queuebuf_init)
build/cooja/mtype55.a(packetbuf.o)
                              build/cooja/mtype55.a(cooja-radio.o) (packetbuf_clear)
build/cooja/mtype55.a(netstack.o)
                              build/cooja/mtype55.a(contiki-main.o) (netstack_init)
build/cooja/mtype55.a(linkaddr.o)
                              build/cooja/mtype55.a(contiki-main.o) (linkaddr_node_addr)
build/cooja/mtype55.a(csma.o)
                              build/cooja/mtype55.a(cooja-radio.o) (csma_driver)
build/cooja/mtype55.a(csma-output.o)
                              build/cooja/mtype55.a(csma.o) (csma_output_packet)
build/cooja/mtype55.a(uip-ds6.o)
                              build/cooja/mtype55.a(contiki-main.o) (uip_ds6_get_link_local)
build/cooja/mtype55.a(tcpip.o)
                              build/cooja/mtype55.a(contiki-main.o) (tcpip_process)
build/cooja/mtype55.a(uip-ds6-route.o)
                              build/cooja/mtype55.a(uip-ds6.o) (uip_ds6_route_init)
build/cooja/mtype55.a(uip-ds6-nbr.o)
                              build/cooja/mtype55.a(uip-ds6.o) (uip_ds6_neighbors_init)
[...]
Memory Configuration

Name             Origin             Length             Attributes
*default*        0x0000000000000000 0xffffffffffffffff

Linker script and memory map

LOAD /usr/lib/gcc/i686-linux-gnu/7/../../../i386-linux-gnu/crti.o
LOAD /usr/lib/gcc/i686-linux-gnu/7/crtbeginS.o
LOAD sink-node.o
LOAD build/cooja/mtype55.o
LOAD build/cooja/obj/virtual-sensor.o
LOAD build/cooja/mtype55.a
LOAD /usr/lib/gcc/i686-linux-gnu/7/libgcc.a
LOAD /usr/lib/gcc/i686-linux-gnu/7/libgcc_s.so
START GROUP
LOAD /usr/lib/gcc/i686-linux-gnu/7/libgcc_s.so.1
LOAD /usr/lib/gcc/i686-linux-gnu/7/libgcc.a
END GROUP
LOAD /usr/lib/gcc/i686-linux-gnu/7/../../../i386-linux-gnu/libc.so
START GROUP
LOAD /lib/i386-linux-gnu/libc.so.6
LOAD /usr/lib/i386-linux-gnu/libc_nonshared.a
LOAD /lib/i386-linux-gnu/ld-linux.so.2
END GROUP
LOAD /usr/lib/gcc/i686-linux-gnu/7/libgcc.a
LOAD /usr/lib/gcc/i686-linux-gnu/7/libgcc_s.so
START GROUP
LOAD /usr/lib/gcc/i686-linux-gnu/7/libgcc_s.so.1
LOAD /usr/lib/gcc/i686-linux-gnu/7/libgcc.a
END GROUP
LOAD /usr/lib/gcc/i686-linux-gnu/7/crtendS.o
LOAD /usr/lib/gcc/i686-linux-gnu/7/../../../i386-linux-gnu/crtn.o
                0x0000000000000114                . = (SEGMENT_START ("text-segment", 0x0) + SIZEOF_HEADERS)

.note.gnu.build-id
                0x0000000000000114       0x24
 *(.note.gnu.build-id)
 .note.gnu.build-id
                0x0000000000000114       0x24 /usr/lib/gcc/i686-linux-gnu/7/../../../i386-linux-gnu/crti.o

.hash
 *(.hash)

.gnu.hash       0x0000000000000138     0x1440
 *(.gnu.hash)
 .gnu.hash      0x0000000000000138     0x1440 /usr/lib/gcc/i686-linux-gnu/7/../../../i386-linux-gnu/crti.o

.dynsym         0x0000000000001578     0x2940
 *(.dynsym)
 .dynsym        0x0000000000001578     0x2940 /usr/lib/gcc/i686-linux-gnu/7/../../../i386-linux-gnu/crti.o

.dynstr         0x0000000000003eb8     0x2ed4
 *(.dynstr)
 .dynstr        0x0000000000003eb8     0x2ed4 /usr/lib/gcc/i686-linux-gnu/7/../../../i386-linux-gnu/crti.o

.gnu.version    0x0000000000006d8c      0x528
 *(.gnu.version)
 .gnu.version   0x0000000000006d8c      0x528 /usr/lib/gcc/i686-linux-gnu/7/../../../i386-linux-gnu/crti.o

.gnu.version_d  0x00000000000072b4        0x0
 *(.gnu.version_d)
 .gnu.version_d
                0x00000000000072b4        0x0 /usr/lib/gcc/i686-linux-gnu/7/../../../i386-linux-gnu/crti.o

.gnu.version_r  0x00000000000072b4       0x40
 *(.gnu.version_r)
 .gnu.version_r
                0x00000000000072b4       0x40 /usr/lib/gcc/i686-linux-gnu/7/../../../i386-linux-gnu/crti.o

.rel.dyn        0x00000000000072f4      0xdb0
 *(.rel.init)
 .rel.init      0x00000000000072f4        0x0 /usr/lib/gcc/i686-linux-gnu/7/../../../i386-linux-gnu/crti.o
 *(.rel.text .rel.text.* .rel.gnu.linkonce.t.*)
 .rel.text      0x00000000000072f4      0x4f0 /usr/lib/gcc/i686-linux-gnu/7/../../../i386-linux-gnu/crti.o
 *(.rel.fini)
 .rel.fini      0x00000000000077e4        0x0 /usr/lib/gcc/i686-linux-gnu/7/../../../i386-linux-gnu/crti.o
 *(.rel.rodata .rel.rodata.* .rel.gnu.linkonce.r.*)
 *(.rel.data.rel.ro .rel.data.rel.ro.* .rel.gnu.linkonce.d.rel.ro.*)
 .rel.data.rel.ro.local
                0x00000000000077e4      0x208 /usr/lib/gcc/i686-linux-gnu/7/../../../i386-linux-gnu/crti.o
 .rel.data.rel.ro
                0x00000000000079ec       0xb0 /usr/lib/gcc/i686-linux-gnu/7/../../../i386-linux-gnu/crti.o
 *(.rel.data .rel.data.* .rel.gnu.linkonce.d.*)
 .rel.data.rel.local
                0x0000000000007a9c      0x2f0 /usr/lib/gcc/i686-linux-gnu/7/../../../i386-linux-gnu/crti.o
 .rel.data.rel  0x0000000000007d8c       0x78 /usr/lib/gcc/i686-linux-gnu/7/../../../i386-linux-gnu/crti.o
 *(.rel.tdata .rel.tdata.* .rel.gnu.linkonce.td.*)
 *(.rel.tbss .rel.tbss.* .rel.gnu.linkonce.tb.*)
 *(.rel.ctors)
 *(.rel.dtors)
 *(.rel.got)
 .rel.got       0x0000000000007e04      0x290 /usr/lib/gcc/i686-linux-gnu/7/../../../i386-linux-gnu/crti.o
 *(.rel.bss .rel.bss.* .rel.gnu.linkonce.b.*)
 *(.rel.ifunc)
 .rel.ifunc     0x0000000000008094        0x0 /usr/lib/gcc/i686-linux-gnu/7/../../../i386-linux-gnu/crti.o
 .rel.fini_array
                0x0000000000008094        0x8 /usr/lib/gcc/i686-linux-gnu/7/../../../i386-linux-gnu/crti.o
 .rel.init_array
                0x000000000000809c        0x8 /usr/lib/gcc/i686-linux-gnu/7/../../../i386-linux-gnu/crti.o

.rel.plt        0x00000000000080a4      0x938
 *(.rel.plt)
 .rel.plt       0x00000000000080a4      0x938 /usr/lib/gcc/i686-linux-gnu/7/../../../i386-linux-gnu/crti.o
 *(.rel.iplt)

.init           0x00000000000089dc       0x23
 *(SORT_NONE(.init))
 .init          0x00000000000089dc       0x1e /usr/lib/gcc/i686-linux-gnu/7/../../../i386-linux-gnu/crti.o
                0x00000000000089dc                _init
 .init          0x00000000000089fa        0x5 /usr/lib/gcc/i686-linux-gnu/7/../../../i386-linux-gnu/crtn.o

.plt            0x0000000000008a00     0x1280
 *(.plt)
 .plt           0x0000000000008a00     0x1280 /usr/lib/gcc/i686-linux-gnu/7/../../../i386-linux-gnu/crti.o
 *(.iplt)

.plt.got        0x0000000000009c80       0x18
 *(.plt.got)
 .plt.got       0x0000000000009c80       0x18 /usr/lib/gcc/i686-linux-gnu/7/../../../i386-linux-gnu/crti.o

.plt.sec
 *(.plt.sec)

.text           0x0000000000009ca0    0x17c84
 *(.text.unlikely .text.*_unlikely .text.unlikely.*)
 *(.text.exit .text.exit.*)
 *(.text.startup .text.startup.*)
 *(.text.hot .text.hot.*)
 *(.text .stub .text.* .gnu.linkonce.t.*)
 .text          0x0000000000009ca0        0x0 /usr/lib/gcc/i686-linux-gnu/7/../../../i386-linux-gnu/crti.o
 .gnu.linkonce.t.__x86.get_pc_thunk.bx
                0x0000000000009ca0        0x4 /usr/lib/gcc/i686-linux-gnu/7/../../../i386-linux-gnu/crti.o
                0x0000000000009ca0                __x86.get_pc_thunk.bx
 *fill*         0x0000000000009ca4        0xc 
 .text          0x0000000000009cb0       0xe9 /usr/lib/gcc/i686-linux-gnu/7/crtbeginS.o
 .text.__x86.get_pc_thunk.dx
                0x0000000000009d99        0x4 /usr/lib/gcc/i686-linux-gnu/7/crtbeginS.o
                0x0000000000009d99                __x86.get_pc_thunk.dx
 .text          0x0000000000009d9d       0xf6 sink-node.o
 .text          0x0000000000009e93      0x36b build/cooja/mtype55.o
                0x0000000000009f45                platform_init_stage_one
                0x0000000000009f68                platform_init_stage_two
                0x0000000000009f8b                platform_init_stage_three
                0x0000000000009fae                platform_main_loop
                0x000000000000a054                Java_org_contikios_cooja_corecomm_Lib5_init
                0x000000000000a0a2                Java_org_contikios_cooja_corecomm_Lib5_getMemory
                0x000000000000a0e2                Java_org_contikios_cooja_corecomm_Lib5_setMemory
                0x000000000000a153                Java_org_contikios_cooja_corecomm_Lib5_tick
                0x000000000000a1dd                Java_org_contikios_cooja_corecomm_Lib5_setReferenceAddress
 .text.__x86.get_pc_thunk.ax
                0x000000000000a1fe        0x4 build/cooja/mtype55.o
                0x000000000000a1fe                __x86.get_pc_thunk.ax
 .text          0x000000000000a202       0xbc build/cooja/obj/virtual-sensor.o
                0x000000000000a202                random_value
                0x000000000000a23c                read_tempature
                0x000000000000a27b                read_humidity
 .text          0x000000000000a2be       0x8d build/cooja/mtype55.a(simEnvChange.o)
                0x000000000000a2be                doActionsBeforeTick
                0x000000000000a304                doActionsAfterTick
 .text          0x000000000000a34b       0xb6 build/cooja/mtype55.a(cooja_mt.o)
                0x000000000000a34b                cooja_mt_start
                0x000000000000a385                cooja_mt_exec
                0x000000000000a3cc                cooja_mt_yield
 .text          0x000000000000a401       0xf2 build/cooja/mtype55.a(cooja_mtarch.o)
                0x000000000000a401                cooja_mtarch_start
                0x000000000000a485                cooja_sw
                0x000000000000a4b3                cooja_mtarch_exec
                0x000000000000a4de                cooja_mtarch_yield
 .text          0x000000000000a4f3      0x127 build/cooja/mtype55.a(rtimer-arch.o)
                0x000000000000a4f3                rtimer_arch_init
                0x000000000000a522                rtimer_arch_schedule
                0x000000000000a564                rtimer_arch_next
                0x000000000000a57e                rtimer_arch_pending
                0x000000000000a595                rtimer_arch_check
                0x000000000000a600                rtimer_arch_now
 .text.__x86.get_pc_thunk.cx
                0x000000000000a61a        0x4 build/cooja/mtype55.a(rtimer-arch.o)
                0x000000000000a61a                __x86.get_pc_thunk.cx
 .text          0x000000000000a61e      0x101 build/cooja/mtype55.a(beep.o)
                0x000000000000a61e                beep_alarm
                0x000000000000a637                beep_beep
                0x000000000000a650                beep
                0x000000000000a669                beep_down
                0x000000000000a682                beep_on
                0x000000000000a69b                beep_off
                0x000000000000a6b4                beep_spinup
                0x000000000000a6cd                beep_quick
                0x000000000000a6e6                beep_long
 .text          0x000000000000a71f       0x9f build/cooja/mtype55.a(leds-arch.o)
                0x000000000000a743                leds_arch_init
 .text          0x000000000000a7be       0x56 build/cooja/mtype55.a(moteid.o)
 .text          0x000000000000a814      0x101 build/cooja/mtype55.a(pir-sensor.o)
 .text          0x000000000000a915      0x1cc build/cooja/mtype55.a(rs232.o)
                0x000000000000a915                rs232_init
                0x000000000000a925                rs232_set_speed
                0x000000000000a93e                rs232_set_input
                0x000000000000a957                rs232_send
                0x000000000000a98d                rs232_print
                0x000000000000a9bb                slip_arch_writeb
 .text          0x000000000000aae1      0x101 build/cooja/mtype55.a(vib-sensor.o)
 .text          0x000000000000abe2       0x7a build/cooja/mtype55.a(clock.o)
                0x000000000000abe2                clock_init
                0x000000000000abf2                clock_time
                0x000000000000ac09                clock_seconds
                0x000000000000ac2c                clock_delay
 .text          0x000000000000ac5c      0x2b5 build/cooja/mtype55.a(cooja-log.o)
                0x000000000000ac5c                simlog_char
                0x000000000000acc0                simlog
                0x000000000000ad5a                log_message
                0x000000000000ada9                log_set_putchar_with_slip
                0x000000000000adc2                log_putchar
                0x000000000000ae4d                log_puts
                0x000000000000ae7f                log_printf
 .text          0x000000000000af11      0x36c build/cooja/mtype55.a(cfs-cooja.o)
                0x000000000000af11                cfs_open
                0x000000000000af89                cfs_close
                0x000000000000afa0                cfs_read
                0x000000000000b054                cfs_write
                0x000000000000b152                cfs_seek
                0x000000000000b1ef                cfs_remove
                0x000000000000b225                cfs_opendir
                0x000000000000b239                cfs_readdir
                0x000000000000b24d                cfs_closedir
 .text          0x000000000000b27d      0x785 build/cooja/mtype55.a(cooja-radio.o)
                0x000000000000b2eb                radio_set_channel
                0x000000000000b304                radio_set_txpower
                0x000000000000b327                radio_signal_strength_last
                0x000000000000b33c                radio_signal_strength_current
                0x000000000000b351                radio_LQI
 .text          0x000000000000ba02      0x130 build/cooja/mtype55.a(eeprom.o)
                0x000000000000ba02                eeprom_init
                0x000000000000ba12                eeprom_read
                0x000000000000ba92                eeprom_write
 .text          0x000000000000bb32       0x4e build/cooja/mtype55.a(random.o)
                0x000000000000bb32                random_init
                0x000000000000bb62                random_rand
 .text          0x000000000000bb80      0x332 build/cooja/mtype55.a(sensors.o)
                0x000000000000bbc7                sensors_first
                0x000000000000bbde                sensors_next
                0x000000000000bc09                sensors_changed
                0x000000000000bc56                sensors_find
 .text          0x000000000000beb2      0x3fc build/cooja/mtype55.a(leds.o)
                0x000000000000beb2                leds_init
                0x000000000000bf0a                leds_single_on
                0x000000000000bf82                leds_single_off
                0x000000000000bffa                leds_single_toggle
                0x000000000000c03e                leds_on
                0x000000000000c0d6                leds_off
                0x000000000000c16e                leds_toggle
                0x000000000000c1d4                leds_set
                0x000000000000c20a                leds_get
 .text          0x000000000000c2ae      0x401 build/cooja/mtype55.a(gpio-hal-arch.o)
                0x000000000000c2ae                gpio_hal_arch_register_pin_callback
                0x000000000000c32f                gpio_hal_arch_init
                0x000000000000c389                gpio_hal_arch_no_port_interrupt_enable
                0x000000000000c3c3                gpio_hal_arch_no_port_interrupt_disable
                0x000000000000c3fd                gpio_hal_arch_no_port_pin_cfg_set
                0x000000000000c42c                gpio_hal_arch_no_port_pin_cfg_get
                0x000000000000c45c                gpio_hal_arch_no_port_pin_set_input
                0x000000000000c478                gpio_hal_arch_no_port_pin_set_output
                0x000000000000c494                gpio_hal_arch_no_port_set_pin
                0x000000000000c4bf                gpio_hal_arch_no_port_clear_pin
                0x000000000000c4ea                gpio_hal_arch_no_port_read_pin
                0x000000000000c51c                gpio_hal_arch_no_port_write_pin
                0x000000000000c550                gpio_hal_arch_no_port_set_pins
                0x000000000000c5a1                gpio_hal_arch_no_port_clear_pins
                0x000000000000c5f2                gpio_hal_arch_no_port_read_pins
                0x000000000000c645                gpio_hal_arch_no_port_write_pins
 .text          0x000000000000c6af       0xc6 build/cooja/mtype55.a(buttons.o)
 .text          0x000000000000c775      0x3c1 build/cooja/mtype55.a(contiki-main.o)
                0x000000000000c775                main
 .text          0x000000000000cb36       0xb0 build/cooja/mtype55.a(autostart.o)
                0x000000000000cb36                autostart_start
                0x000000000000cb8f                autostart_exit
 .text          0x000000000000cbe6      0x400 build/cooja/mtype55.a(ctimer.o)
                0x000000000000cd29                ctimer_init
                0x000000000000cd6e                ctimer_set
                0x000000000000cda1                ctimer_set_with_process
                0x000000000000ce38                ctimer_reset
                0x000000000000cea6                ctimer_restart
                0x000000000000cf14                ctimer_stop
                0x000000000000cf74                ctimer_expired
 .text          0x000000000000cfe6      0x4a3 build/cooja/mtype55.a(log.o)
                0x000000000000cfe6                log_6addr
                0x000000000000d04a                log_6addr_compact_snprint
                0x000000000000d10a                log_6addr_compact
                0x000000000000d16e                log_lladdr
                0x000000000000d1f5                log_lladdr_compact
                0x000000000000d272                log_bytes
                0x000000000000d2c6                log_set_level
                0x000000000000d3a4                log_get_level
                0x000000000000d435                log_level_to_str
 .text          0x000000000000d489       0x39 build/cooja/mtype55.a(energest.o)
                0x000000000000d489                energest_init
                0x000000000000d499                energest_flush
                0x000000000000d4a9                energest_get_total_time
 .text          0x000000000000d4c2      0x527 build/cooja/mtype55.a(etimer.o)
                0x000000000000d717                etimer_request_poll
                0x000000000000d7c8                etimer_set
                0x000000000000d801                etimer_reset_with_new_interval
                0x000000000000d840                etimer_reset
                0x000000000000d876                etimer_restart
                0x000000000000d8ac                etimer_adjust
                0x000000000000d8d3                etimer_expired
                0x000000000000d8f0                etimer_expiration_time
                0x000000000000d90c                etimer_start_time
                0x000000000000d920                etimer_pending
                0x000000000000d93d                etimer_next_expiration_time
                0x000000000000d965                etimer_stop
 .text          0x000000000000d9e9       0x36 build/cooja/mtype55.a(node-id.o)
                0x000000000000d9e9                node_id_init
 .text          0x000000000000da1f      0x5cb build/cooja/mtype55.a(process.o)
                0x000000000000da1f                process_alloc_event
                0x000000000000da40                process_start
                0x000000000000dc45                process_exit
                0x000000000000dc6d                process_init
                0x000000000000de35                process_run
                0x000000000000de78                process_nevents
                0x000000000000de9d                process_post
                0x000000000000df4a                process_post_synch
                0x000000000000df90                process_poll
                0x000000000000dfcc                process_is_running
 .text.__x86.get_pc_thunk.si
                0x000000000000dfea        0x4 build/cooja/mtype55.a(process.o)
                0x000000000000dfea                __x86.get_pc_thunk.si
 .text          0x000000000000dfee      0x122 build/cooja/mtype55.a(rtimer.o)
                0x000000000000dfee                rtimer_init
                0x000000000000e00d                rtimer_set
                0x000000000000e09b                rtimer_run_next
 .text          0x000000000000e110       0xf6 build/cooja/mtype55.a(timer.o)
                0x000000000000e110                timer_set
                0x000000000000e13f                timer_reset
                0x000000000000e176                timer_restart
                0x000000000000e19c                timer_expired
                0x000000000000e1da                timer_remaining
 .text          0x000000000000e206      0x311 build/cooja/mtype55.a(list.o)
                0x000000000000e206                list_init
                0x000000000000e21f                list_head
                0x000000000000e233                list_copy
                0x000000000000e24d                list_tail
                0x000000000000e28d                list_add
                0x000000000000e2e3                list_push
                0x000000000000e319                list_chop
                0x000000000000e38d                list_pop
                0x000000000000e3bf                list_remove
                0x000000000000e431                list_length
                0x000000000000e469                list_insert
                0x000000000000e4b8                list_item_next
                0x000000000000e4d9                list_contains
 .text          0x000000000000e517      0x566 build/cooja/mtype55.a(button-hal.o)
                0x000000000000e70b                button_hal_get_by_id
                0x000000000000e755                button_hal_get_by_index
                0x000000000000e78f                button_hal_get_state
                0x000000000000e7f1                button_hal_init
 .text          0x000000000000ea7d      0x242 build/cooja/mtype55.a(serial-line.o)
                0x000000000000ea7d                serial_line_input_byte
                0x000000000000ec75                serial_line_init
 .text          0x000000000000ecbf      0x1d6 build/cooja/mtype55.a(gpio-hal.o)
                0x000000000000ecbf                gpio_hal_register_handler
                0x000000000000eced                gpio_hal_event_handler
                0x000000000000ed5a                gpio_hal_init
                0x000000000000ed89                gpio_hal_arch_port_toggle_pin
                0x000000000000edd4                gpio_hal_arch_port_toggle_pins
                0x000000000000ee11                gpio_hal_arch_no_port_toggle_pin
                0x000000000000ee5e                gpio_hal_arch_no_port_toggle_pins
 .text          0x000000000000ee95      0x3a9 build/cooja/mtype55.a(queuebuf.o)
                0x000000000000eea9                queuebuf_init
                0x000000000000eee5                queuebuf_numfree
                0x000000000000ef0f                queuebuf_new_from_packetbuf
                0x000000000000efc3                queuebuf_update_attr_from_packetbuf
                0x000000000000f007                queuebuf_update_from_packetbuf
                0x000000000000f066                queuebuf_free
                0x000000000000f0c4                queuebuf_to_packetbuf
                0x000000000000f141                queuebuf_dataptr
                0x000000000000f18d                queuebuf_datalen
                0x000000000000f1ba                queuebuf_addr
                0x000000000000f1f9                queuebuf_attr
                0x000000000000f22e                queuebuf_debug_print
 .text          0x000000000000f23e      0x4dd build/cooja/mtype55.a(packetbuf.o)
                0x000000000000f23e                packetbuf_clear
                0x000000000000f274                packetbuf_copyfrom
                0x000000000000f2d4                packetbuf_copyto
                0x000000000000f372                packetbuf_hdralloc
                0x000000000000f402                packetbuf_hdrreduce
                0x000000000000f454                packetbuf_set_datalen
                0x000000000000f479                packetbuf_dataptr
                0x000000000000f4a0                packetbuf_hdrptr
                0x000000000000f4b5                packetbuf_datalen
                0x000000000000f4cb                packetbuf_hdrlen
                0x000000000000f4ea                packetbuf_totlen
                0x000000000000f50a                packetbuf_remaininglen
                0x000000000000f527                packetbuf_attr_clear
                0x000000000000f58d                packetbuf_attr_copyto
                0x000000000000f5d3                packetbuf_attr_copyfrom
                0x000000000000f619                packetbuf_set_attr
                0x000000000000f64f                packetbuf_attr
                0x000000000000f675                packetbuf_set_addr
                0x000000000000f6bd                packetbuf_addr
                0x000000000000f6e7                packetbuf_holds_broadcast
 .text          0x000000000000f71b      0x13c build/cooja/mtype55.a(netstack.o)
                0x000000000000f71b                netstack_process_ip_callback
                0x000000000000f7bc                netstack_ip_packet_processor_add
                0x000000000000f7f0                uip_ds6_ip_packet_processor_rm
                0x000000000000f81e                netstack_init
 .text          0x000000000000f857       0x75 build/cooja/mtype55.a(linkaddr.o)
                0x000000000000f857                linkaddr_copy
                0x000000000000f877                linkaddr_cmp
                0x000000000000f8aa                linkaddr_set_node_addr
 .text          0x000000000000f8cc      0x2ae build/cooja/mtype55.a(csma.o)
 .text          0x000000000000fb7a      0xa6f build/cooja/mtype55.a(csma-output.o)
                0x00000000000102ec                csma_output_packet
                0x000000000001059b                csma_output_init
 .text          0x00000000000105e9      0xe47 build/cooja/mtype55.a(uip-ds6.o)
                0x00000000000105e9                uip_ds6_default_prefix
                0x00000000000105fe                uip_ds6_set_default_prefix
                0x0000000000010634                uip_ds6_init
                0x00000000000108cf                uip_ds6_periodic
                0x0000000000010977                uip_ds6_list_loop
                0x0000000000010a46                uip_ds6_prefix_add
                0x0000000000010b0d                uip_ds6_prefix_rm
                0x0000000000010b2a                uip_ds6_prefix_lookup
                0x0000000000010b7d                uip_ds6_is_addr_onlink
                0x0000000000010c0a                uip_ds6_addr_add
                0x0000000000010d4c                uip_ds6_addr_rm
                0x0000000000010e0b                uip_ds6_addr_lookup
                0x0000000000010e5b                uip_ds6_get_link_local
                0x0000000000010ef9                uip_ds6_get_global
                0x0000000000010f97                uip_ds6_maddr_add
                0x0000000000011013                uip_ds6_maddr_rm
                0x0000000000011030                uip_ds6_maddr_lookup
                0x0000000000011083                uip_ds6_aaddr_add
                0x00000000000110fc                uip_ds6_aaddr_rm
                0x0000000000011119                uip_ds6_aaddr_lookup
                0x0000000000011169                uip_ds6_select_src
                0x00000000000112d7                uip_ds6_set_addr_iid
                0x000000000001130c                uip_ds6_set_lladdr_from_iid
                0x000000000001133f                get_match_length
                0x00000000000113da                uip_ds6_compute_reachable_time
 .text          0x0000000000011430      0x870 build/cooja/mtype55.a(tcpip.o)
                0x0000000000011456                tcpip_output
                0x0000000000011505                udp_attach
                0x0000000000011527                udp_new
                0x0000000000011581                udp_broadcast_new
                0x0000000000011721                tcpip_input
                0x0000000000011917                tcpip_ipv6_output
                0x0000000000011b53                tcpip_poll_udp
                0x0000000000011b83                tcpip_uipcall
 .text          0x0000000000011ca0      0x453 build/cooja/mtype55.a(uip-ds6-route.o)
                0x0000000000011d02                uip_ds6_route_init
                0x0000000000011d3e                uip_ds6_route_count_nexthop_neighbors
                0x0000000000011d52                uip_ds6_route_nexthop
                0x0000000000011d66                uip_ds6_route_head
                0x0000000000011d7a                uip_ds6_route_next
                0x0000000000011d8e                uip_ds6_route_is_nexthop
                0x0000000000011da2                uip_ds6_route_num_routes
                0x0000000000011db6                uip_ds6_route_lookup
                0x0000000000011dca                uip_ds6_route_add
                0x0000000000011de7                uip_ds6_route_rm
                0x0000000000011df7                uip_ds6_route_rm_by_nexthop
                0x0000000000011e07                uip_ds6_defrt_head
                0x0000000000011e31                uip_ds6_defrt_add
                0x0000000000011ef1                uip_ds6_defrt_rm
                0x0000000000011f6a                uip_ds6_defrt_lookup
                0x0000000000011fe1                uip_ds6_defrt_choose
                0x0000000000012067                uip_ds6_defrt_periodic
 .text          0x00000000000120f3      0x43e build/cooja/mtype55.a(uip-ds6-nbr.o)
                0x00000000000120f3                uip_ds6_neighbors_init
                0x0000000000012129                uip_ds6_nbr_add
                0x00000000000121c3                uip_ds6_nbr_rm
                0x0000000000012222                uip_ds6_nbr_update_ll
                0x000000000001231f                uip_ds6_nbr_get_ipaddr
                0x000000000001233e                uip_ds6_nbr_get_ll
                0x000000000001236b                uip_ds6_nbr_num
                0x00000000000123c5                uip_ds6_nbr_head
                0x00000000000123ef                uip_ds6_nbr_next
                0x000000000001241c                uip_ds6_nbr_lookup
                0x0000000000012483                uip_ds6_nbr_ll_lookup
                0x00000000000124b0                uip_ds6_nbr_ipaddr_from_lladdr
                0x00000000000124e3                uip_ds6_nbr_lladdr_from_ipaddr
                0x0000000000012521                uip_ds6_link_callback
 .text          0x0000000000012531     0x1520 build/cooja/mtype55.a(uip6.o)
                0x00000000000125ea                uip_chksum
                0x00000000000126e2                uip_icmp6chksum
                0x0000000000012701                uip_udpchksum
                0x0000000000012720                uip_init
                0x000000000001277f                uip_remove_ext_hdr
                0x000000000001287a                uip_udp_new
                0x0000000000012bf3                uip_process
                0x00000000000138e1                uip_htons
                0x000000000001390d                uip_htonl
                0x0000000000013957                uip_send
 .text          0x0000000000013a51      0x7d4 build/cooja/mtype55.a(uip-nd6.o)
                0x00000000000141fa                uip_nd6_init
 .text          0x0000000000014225      0x44d build/cooja/mtype55.a(simple-udp.o)
                0x0000000000014263                simple_udp_send
                0x00000000000142d5                simple_udp_sendto
                0x0000000000014340                simple_udp_sendto_port
                0x00000000000143a9                simple_udp_register
 .text          0x0000000000014672     0x3370 build/cooja/mtype55.a(sicslowpan.o)
                0x0000000000014d70                netstack_sniffer_add
                0x0000000000014d89                netstack_sniffer_remove
                0x00000000000179a1                sicslowpan_init
                0x00000000000179cd                sicslowpan_get_last_rssi
 .text          0x00000000000179e2      0x51a build/cooja/mtype55.a(uiplib.o)
                0x00000000000179e2                uiplib_ip6addrconv
                0x0000000000017ba8                uiplib_ip4addrconv
                0x0000000000017c75                uiplib_ipaddr_print
                0x0000000000017cd9                uiplib_ipaddr_snprint
 .text          0x0000000000017efc      0x610 build/cooja/mtype55.a(rpl.o)
                0x0000000000017efc                rpl_lollipop_greater_than
                0x0000000000017f5f                rpl_get_global_address
                0x0000000000018095                rpl_link_callback
                0x00000000000180f8                rpl_has_joined
                0x000000000001812e                rpl_is_reachable
                0x00000000000181d1                rpl_reset_prefix
                0x000000000001824d                rpl_set_prefix_from_addr
                0x000000000001835f                rpl_set_prefix
                0x00000000000184d3                rpl_set_leaf_only
                0x00000000000184f6                rpl_get_leaf_only
 .text          0x000000000001850c     0x1491 build/cooja/mtype55.a(rpl-icmp6.o)
                0x0000000000018669                rpl_icmp6_update_nbr_table
                0x000000000001871b                rpl_icmp6_dis_output
                0x0000000000018d30                rpl_icmp6_dio_output
                0x0000000000019589                rpl_icmp6_dao_output
                0x00000000000198b6                rpl_icmp6_dao_ack_output
                0x000000000001993d                rpl_icmp6_init
 .text          0x000000000001999d     0x11f4 build/cooja/mtype55.a(rpl-dag.o)
                0x000000000001999d                rpl_dag_state_to_str
                0x00000000000199eb                rpl_dag_get_root_ipaddr
                0x0000000000019a3b                rpl_dag_leave
                0x0000000000019af1                rpl_dag_poison_and_leave
                0x0000000000019b1d                rpl_dag_periodic
                0x0000000000019be2                rpl_is_addr_in_our_dag
                0x0000000000019c41                rpl_get_default_instance
                0x0000000000019c6b                rpl_get_any_dag
                0x0000000000019ce1                rpl_refresh_routes
                0x0000000000019d44                rpl_global_repair
                0x0000000000019e15                rpl_local_repair
                0x0000000000019e7a                rpl_dag_ready_to_advertise
                0x0000000000019ed3                rpl_dag_update_state
                0x000000000001a74f                rpl_process_dio
                0x000000000001a7ea                rpl_process_dis
                0x000000000001a840                rpl_process_dao
                0x000000000001a8e1                rpl_process_dao_ack
                0x000000000001a99d                rpl_process_hbh
                0x000000000001a9fd                rpl_dag_init_root
                0x000000000001ab5f                rpl_dag_init
 .text          0x000000000001ab91      0x2e4 build/cooja/mtype55.a(rpl-dag-root.o)
                0x000000000001ab91                rpl_dag_root_print_links
                0x000000000001acea                rpl_dag_root_set_prefix
                0x000000000001ad25                rpl_dag_root_start
                0x000000000001ae33                rpl_dag_root_is_root
 .text          0x000000000001ae75       0x6b build/cooja/mtype55.a(watchdog.o)
                0x000000000001ae75                watchdog_init
                0x000000000001ae85                watchdog_start
                0x000000000001ae95                watchdog_periodic
                0x000000000001aec0                watchdog_stop
                0x000000000001aed0                watchdog_reboot
 .text          0x000000000001aee0       0x75 build/cooja/mtype55.a(int-master.o)
                0x000000000001aee0                int_master_enable
                0x000000000001aefa                int_master_read_and_disable
                0x000000000001af22                int_master_status_set
                0x000000000001af3b                int_master_is_enabled
 .text          0x000000000001af55      0x11d build/cooja/mtype55.a(stimer.o)
                0x000000000001af55                stimer_set
                0x000000000001af84                stimer_reset
                0x000000000001afbb                stimer_restart
                0x000000000001afe1                stimer_expired
                0x000000000001b01d                stimer_remaining
                0x000000000001b049                stimer_elapsed
 .text          0x000000000001b072      0x1ec build/cooja/mtype55.a(memb.o)
                0x000000000001b072                memb_init
                0x000000000001b0d6                memb_alloc
                0x000000000001b143                memb_free
                0x000000000001b1c4                memb_inmemb
                0x000000000001b20d                memb_numfree
 .text          0x000000000001b25e       0x31 build/cooja/mtype55.a(assert.o)
                0x000000000001b25e                _xassert
 .text          0x000000000001b28f      0x188 build/cooja/mtype55.a(ringbuf.o)
                0x000000000001b28f                ringbuf_init
                0x000000000001b2cb                ringbuf_put
                0x000000000001b353                ringbuf_get
                0x000000000001b3ca                ringbuf_size
                0x000000000001b3e6                ringbuf_elements
 .text          0x000000000001b417      0xb68 build/cooja/mtype55.a(nbr-table.o)
                0x000000000001b7b9                nbr_table_count_entries
                0x000000000001b866                nbr_table_gc_get_worst
                0x000000000001b8a6                nbr_table_can_accept_new
                0x000000000001ba2f                nbr_table_entry_is_allowed
                0x000000000001bacf                nbr_table_register
                0x000000000001bb4d                nbr_table_is_registered
                0x000000000001bb92                nbr_table_head
                0x000000000001bbff                nbr_table_next
                0x000000000001bc71                nbr_table_add_lladdr
                0x000000000001bdc0                nbr_table_get_from_lladdr
                0x000000000001be1d                nbr_table_remove
                0x000000000001be68                nbr_table_lock
                0x000000000001be8e                nbr_table_unlock
                0x000000000001beb4                nbr_table_get_lladdr
                0x000000000001beea                nbr_table_clear
                0x000000000001bf2f                nbr_table_key_head
                0x000000000001bf59                nbr_table_key_next
 .text          0x000000000001bf7f      0x450 build/cooja/mtype55.a(link-stats.o)
                0x000000000001bf7f                link_stats_from_lladdr
                0x000000000001bfac                link_stats_get_lladdr
                0x000000000001bfd9                link_stats_is_fresh
                0x000000000001c026                guess_etx_from_rssi
                0x000000000001c0ac                link_stats_packet_sent
                0x000000000001c1f0                link_stats_input_callback
                0x000000000001c324                link_stats_reset
                0x000000000001c386                link_stats_init
 .text          0x000000000001c3cf      0x1a8 build/cooja/mtype55.a(mac-sequence.o)
                0x000000000001c3cf                mac_sequence_is_duplicate
                0x000000000001c48f                mac_sequence_register_seqno
 .text          0x000000000001c577       0x2d build/cooja/mtype55.a(mac.o)
                0x000000000001c577                mac_call_sent_callback
 .text          0x000000000001c5a4      0x477 build/cooja/mtype55.a(framer-802154.o)
                0x000000000001c747                framer_802154_setup_params
 .text          0x000000000001ca1b      0xc1a build/cooja/mtype55.a(frame802154.o)
                0x000000000001ca56                frame802154_get_pan_id
                0x000000000001ca6c                frame802154_set_pan_id
                0x000000000001ca91                frame802154_has_panid
                0x000000000001cc4a                frame802154_check_dest_panid
                0x000000000001ccdc                frame802154_is_broadcast_addr
                0x000000000001cd33                frame802154_extract_linkaddr
                0x000000000001cfbc                frame802154_hdrlen
                0x000000000001d039                frame802154_create_fcf
                0x000000000001d0fb                frame802154_create
                0x000000000001d286                frame802154_parse_fcf
                0x000000000001d372                frame802154_parse
 .text          0x000000000001d635       0x4e build/cooja/mtype55.a(csma-security.o)
                0x000000000001d635                csma_security_create_frame
                0x000000000001d666                csma_security_parse_frame
 .text          0x000000000001d683      0x5be build/cooja/mtype55.a(uipbuf.o)
                0x000000000001d683                uipbuf_clear
                0x000000000001d6ba                uipbuf_add_ext_hdr
                0x000000000001d755                uipbuf_set_len
                0x000000000001d78f                uipbuf_set_len_field
                0x000000000001d7c5                uipbuf_get_len_field
                0x000000000001d7ef                uipbuf_get_next_header
                0x000000000001d92b                uipbuf_get_last_header
                0x000000000001d9ae                uipbuf_search_header
                0x000000000001da72                uipbuf_get_attr
                0x000000000001daa3                uipbuf_set_attr
                0x000000000001dae4                uipbuf_set_default_attr
                0x000000000001db25                uipbuf_clear_attr
                0x000000000001db65                uipbuf_set_attr_flag
                0x000000000001db91                uipbuf_clr_attr_flag
                0x000000000001dbc3                uipbuf_is_attr_flag
                0x000000000001dbf1                uipbuf_init
 .text          0x000000000001dc41      0x8b7 build/cooja/mtype55.a(uip-icmp6.o)
                0x000000000001dcc6                uip_icmp6_input
                0x000000000001dd27                uip_icmp6_register_input_handler
                0x000000000001dedb                uip_icmp6_error_output
                0x000000000001e21d                uip_icmp6_send
                0x000000000001e44b                uip_icmp6_echo_reply_callback_add
                0x000000000001e48e                uip_icmp6_echo_reply_callback_rm
                0x000000000001e4bc                uip_icmp6_init
 .text          0x000000000001e4f8      0x772 build/cooja/mtype55.a(uip-sr.o)
                0x000000000001e4f8                uip_sr_num_nodes
                0x000000000001e5a4                uip_sr_get_node
                0x000000000001e60b                uip_sr_is_addr_reachable
                0x000000000001e6c8                uip_sr_expire_parent
                0x000000000001e71b                uip_sr_update_node
                0x000000000001e85f                uip_sr_init
                0x000000000001e8a5                uip_sr_node_head
                0x000000000001e8cf                uip_sr_node_next
                0x000000000001e8f5                uip_sr_periodic
                0x000000000001ea11                uip_sr_free_all
                0x000000000001ea96                uip_sr_link_snprint
 .text          0x000000000001ec6a      0x1a5 build/cooja/mtype55.a(uip-packetqueue)
                0x000000000001ecaa                uip_packetqueue_new
                0x000000000001ecc3                uip_packetqueue_alloc
                0x000000000001ed32                uip_packetqueue_free
                0x000000000001ed8a                uip_packetqueue_buf
                0x000000000001edb1                uip_packetqueue_buflen
                0x000000000001eddc                uip_packetqueue_set_buflen
 .text          0x000000000001ee0f      0x152 build/cooja/mtype55.a(uip-udp-packet.)
                0x000000000001ee0f                uip_udp_packet_send
                0x000000000001ee88                uip_udp_packet_sendto
 .text          0x000000000001ef61       0x8d build/cooja/mtype55.a(rpl-nbr-policy.)
                0x000000000001efad                rpl_nbr_gc_get_worst
 .text          0x000000000001efee      0xaad build/cooja/mtype55.a(rpl-neighbor.o)
                0x000000000001f08a                rpl_neighbor_snprint
                0x000000000001f372                rpl_neighbor_print_list
                0x000000000001f445                rpl_neighbor_count
                0x000000000001f528                rpl_neighbor_get_from_lladdr
                0x000000000001f555                rpl_neighbor_is_acceptable_parent
                0x000000000001f59b                rpl_neighbor_get_link_metric
                0x000000000001f5e1                rpl_neighbor_rank_via_nbr
                0x000000000001f627                rpl_neighbor_get_lladdr
                0x000000000001f654                rpl_neighbor_get_ipaddr
                0x000000000001f68a                rpl_neighbor_get_link_stats
                0x000000000001f6c0                rpl_neighbor_is_fresh
                0x000000000001f6f6                rpl_neighbor_is_parent
                0x000000000001f72d                rpl_neighbor_set_preferred_parent
                0x000000000001f7e7                rpl_neighbor_remove_all
                0x000000000001f854                rpl_neighbor_get_from_ipaddr
                0x000000000001f98e                rpl_neighbor_select_best
                0x000000000001fa69                rpl_neighbor_init
 .text          0x000000000001fa9b      0xd8d build/cooja/mtype55.a(rpl-timers.o)
                0x000000000001fa9b                rpl_timers_schedule_periodic_dis
                0x000000000001fc45                rpl_timers_dio_reset
                0x000000000001fdbd                rpl_timers_schedule_unicast_dio
                0x000000000001ff90                rpl_timers_schedule_dao
                0x0000000000020096                rpl_timers_schedule_dao_ack
                0x0000000000020165                rpl_timers_notify_dao_ack
                0x00000000000201eb                get_probing_delay
                0x0000000000020230                get_probing_target
                0x0000000000020465                rpl_schedule_probing
                0x00000000000204b1                rpl_schedule_probing_now
                0x000000000002054b                rpl_timers_unschedule_leaving
                0x00000000000205a5                rpl_timers_schedule_leaving
                0x000000000002060a                rpl_timers_init
                0x00000000000206cc                rpl_timers_stop_dag_timers
                0x0000000000020789                rpl_timers_unschedule_state_update
                0x00000000000207c5                rpl_timers_schedule_state_update
 .text          0x0000000000020828      0xd42 build/cooja/mtype55.a(rpl-ext-header.)
                0x0000000000020828                rpl_ext_header_srh_get_next_hop
                0x0000000000020933                rpl_ext_header_srh_update
                0x0000000000020f65                rpl_ext_header_hbh_update
                0x00000000000212e4                rpl_ext_header_update
                0x0000000000021393                rpl_ext_header_remove
 .text          0x000000000002156a      0x39b build/cooja/mtype55.a(rpl-mrhof.o)
 *fill*         0x0000000000021905        0xb 
 .text          0x0000000000021910       0x14 /usr/lib/i386-linux-gnu/libc_nonshared.a(stack_chk_fail_local.oS)
                0x0000000000021910                __stack_chk_fail_local
 .text          0x0000000000021924        0x0 /usr/lib/gcc/i686-linux-gnu/7/crtendS.o
 .text          0x0000000000021924        0x0 /usr/lib/gcc/i686-linux-gnu/7/../../../i386-linux-gnu/crtn.o
 *(.gnu.warning)

.fini           0x0000000000021924       0x14
 *(SORT_NONE(.fini))
 .fini          0x0000000000021924        0xf /usr/lib/gcc/i686-linux-gnu/7/../../../i386-linux-gnu/crti.o
                0x0000000000021924                _fini
 .fini          0x0000000000021933        0x5 /usr/lib/gcc/i686-linux-gnu/7/../../../i386-linux-gnu/crtn.o
                [!provide]                        PROVIDE (__etext = .)
                [!provide]                        PROVIDE (_etext = .)
                [!provide]                        PROVIDE (etext = .)

.rodata         0x0000000000021938      0x5c8
 *(.rodata .rodata.* .gnu.linkonce.r.*)
 .rodata        0x0000000000021938       0x52 sink-node.o
 *fill*         0x000000000002198a        0x2 
 .rodata        0x000000000002198c       0x10 build/cooja/obj/virtual-sensor.o
 .rodata        0x000000000002199c        0x6 build/cooja/mtype55.a(leds-arch.o)
                0x000000000002199c                leds_arch_leds
 .rodata        0x00000000000219a2        0x4 build/cooja/mtype55.a(pir-sensor.o)
 .rodata        0x00000000000219a6        0x6 build/cooja/mtype55.a(rs232.o)
 .rodata        0x00000000000219ac        0xa build/cooja/mtype55.a(vib-sensor.o)
 *fill*         0x00000000000219b6        0x2 
 .rodata        0x00000000000219b8       0x27 build/cooja/mtype55.a(cfs-cooja.o)
 *fill*         0x00000000000219df        0x1 
 .rodata        0x00000000000219e0       0x68 build/cooja/mtype55.a(cooja-radio.o)
 .rodata        0x0000000000021a48        0x8 build/cooja/mtype55.a(sensors.o)
 .rodata        0x0000000000021a50       0x14 build/cooja/mtype55.a(buttons.o)
                0x0000000000021a5c                button_hal_button_count
 .rodata        0x0000000000021a64       0xf8 build/cooja/mtype55.a(contiki-main.o)
 .rodata        0x0000000000021b5c        0xf build/cooja/mtype55.a(ctimer.o)
 *fill*         0x0000000000021b6b        0x1 
 .rodata        0x0000000000021b6c       0xc4 build/cooja/mtype55.a(log.o)
 .rodata        0x0000000000021c30        0xc build/cooja/mtype55.a(etimer.o)
 .rodata        0x0000000000021c3c       0x13 build/cooja/mtype55.a(button-hal.o)
 .rodata        0x0000000000021c4f        0xe build/cooja/mtype55.a(serial-line.o)
 *fill*         0x0000000000021c5d        0x3 
 .rodata        0x0000000000021c60        0x8 build/cooja/mtype55.a(linkaddr.o)
                0x0000000000021c60                linkaddr_null
 .rodata        0x0000000000021c68        0x5 build/cooja/mtype55.a(csma.o)
 *fill*         0x0000000000021c6d        0x3 
 .rodata        0x0000000000021c70       0x24 build/cooja/mtype55.a(csma-output.o)
 .rodata        0x0000000000021c94        0xd build/cooja/mtype55.a(tcpip.o)
 *fill*         0x0000000000021ca1        0x3 
 .rodata        0x0000000000021ca4       0x4d build/cooja/mtype55.a(uip-ds6-route.o)
 .rodata        0x0000000000021cf1       0x13 build/cooja/mtype55.a(simple-udp.o)
 .rodata        0x0000000000021d04       0x1f build/cooja/mtype55.a(sicslowpan.o)
                0x0000000000021d04                unc_llconf
                0x0000000000021d08                unc_ctxconf
                0x0000000000021d0c                unc_mxconf
                0x0000000000021d10                llprefix
 .rodata        0x0000000000021d23       0x2d build/cooja/mtype55.a(uiplib.o)
 .rodata        0x0000000000021d50        0x9 build/cooja/mtype55.a(rpl.o)
 .rodata        0x0000000000021d59       0xd7 build/cooja/mtype55.a(rpl-dag.o)
 .rodata        0x0000000000021e30       0x25 build/cooja/mtype55.a(assert.o)
 .rodata        0x0000000000021e55       0x44 build/cooja/mtype55.a(uip-sr.o)
 *fill*         0x0000000000021e99        0x3 
 .rodata        0x0000000000021e9c       0x58 build/cooja/mtype55.a(rpl-neighbor.o)
 .rodata        0x0000000000021ef4        0xc build/cooja/mtype55.a(rpl-timers.o)

.rodata1
 *(.rodata1)

.eh_frame_hdr   0x0000000000021f00     0x168c
 *(.eh_frame_hdr)
 .eh_frame_hdr  0x0000000000021f00     0x168c sink-node.o
                0x0000000000021f00                __GNU_EH_FRAME_HDR
 *(.eh_frame_entry .eh_frame_entry.*)

.eh_frame       0x000000000002358c     0x6130
 *(.eh_frame)
 .eh_frame      0x000000000002358c       0x3c /usr/lib/gcc/i686-linux-gnu/7/../../../i386-linux-gnu/crti.o
                                         0x40 (size before relaxing)
 .eh_frame      0x00000000000235c8       0x14 /usr/lib/gcc/i686-linux-gnu/7/../../../i386-linux-gnu/crti.o
                                         0x2c (size before relaxing)
 .eh_frame      0x00000000000235dc       0x48 sink-node.o
                                         0x74 (size before relaxing)
 .eh_frame      0x0000000000023624      0x1ac build/cooja/mtype55.o
                                        0x1ec (size before relaxing)
 .eh_frame      0x00000000000237d0       0x64 build/cooja/obj/virtual-sensor.o
                                         0xa4 (size before relaxing)
 .eh_frame      0x0000000000023834       0x48 build/cooja/mtype55.a(simEnvChange.o)
                                         0x74 (size before relaxing)
 .eh_frame      0x000000000002387c       0x6c build/cooja/mtype55.a(cooja_mt.o)
                                         0x98 (size before relaxing)
 .eh_frame      0x00000000000238e8       0x88 build/cooja/mtype55.a(cooja_mtarch.o)
                                         0xc8 (size before relaxing)
 .eh_frame      0x0000000000023970       0xe4 build/cooja/mtype55.a(rtimer-arch.o)
                                        0x110 (size before relaxing)
 .eh_frame      0x0000000000023a54      0x160 build/cooja/mtype55.a(beep.o)
                                        0x18c (size before relaxing)
 .eh_frame      0x0000000000023bb4       0x88 build/cooja/mtype55.a(leds-arch.o)
                                         0xc8 (size before relaxing)
 .eh_frame      0x0000000000023c3c       0x44 build/cooja/mtype55.a(moteid.o)
                                         0x70 (size before relaxing)
 .eh_frame      0x0000000000023c80       0xa4 build/cooja/mtype55.a(pir-sensor.o)
                                         0xe4 (size before relaxing)
 .eh_frame      0x0000000000023d24      0x110 build/cooja/mtype55.a(rs232.o)
                                        0x150 (size before relaxing)
 .eh_frame      0x0000000000023e34       0xa4 build/cooja/mtype55.a(vib-sensor.o)
                                         0xe4 (size before relaxing)
 .eh_frame      0x0000000000023ed8       0xc0 build/cooja/mtype55.a(clock.o)
                                         0xec (size before relaxing)
 .eh_frame      0x0000000000023f98      0x130 build/cooja/mtype55.a(cooja-log.o)
                                        0x170 (size before relaxing)
 .eh_frame      0x00000000000240c8      0x16c build/cooja/mtype55.a(cfs-cooja.o)
                                        0x1ac (size before relaxing)
 .eh_frame      0x0000000000024234      0x354 build/cooja/mtype55.a(cooja-radio.o)
                                        0x394 (size before relaxing)
 .eh_frame      0x0000000000024588       0xa8 build/cooja/mtype55.a(eeprom.o)
                                         0xe8 (size before relaxing)
 .eh_frame      0x0000000000024630       0x48 build/cooja/mtype55.a(random.o)
                                         0x74 (size before relaxing)
 .eh_frame      0x0000000000024678       0xd0 build/cooja/mtype55.a(sensors.o)
                                        0x110 (size before relaxing)
 .eh_frame      0x0000000000024748      0x140 build/cooja/mtype55.a(leds.o)
                                        0x180 (size before relaxing)
 .eh_frame      0x0000000000024888      0x228 build/cooja/mtype55.a(gpio-hal-arch.o)
                                        0x27c (size before relaxing)
 .eh_frame      0x0000000000024ab0       0xa4 build/cooja/mtype55.a(buttons.o)
                                         0xe4 (size before relaxing)
 .eh_frame      0x0000000000024b54       0x38 build/cooja/mtype55.a(contiki-main.o)
                                         0x64 (size before relaxing)
 .eh_frame      0x0000000000024b8c       0x48 build/cooja/mtype55.a(autostart.o)
                                         0x74 (size before relaxing)
 .eh_frame      0x0000000000024bd4      0x11c build/cooja/mtype55.a(ctimer.o)
                                        0x15c (size before relaxing)
 .eh_frame      0x0000000000024cf0      0x144 build/cooja/mtype55.a(log.o)
                                        0x184 (size before relaxing)
 .eh_frame      0x0000000000024e34       0x60 build/cooja/mtype55.a(energest.o)
                                         0x8c (size before relaxing)
 .eh_frame      0x0000000000024e94      0x204 build/cooja/mtype55.a(etimer.o)
                                        0x244 (size before relaxing)
 .eh_frame      0x0000000000025098       0x20 build/cooja/mtype55.a(node-id.o)
                                         0x4c (size before relaxing)
 .eh_frame      0x00000000000250b8      0x1ec build/cooja/mtype55.a(process.o)
                                        0x22c (size before relaxing)
 .eh_frame      0x00000000000252a4       0x6c build/cooja/mtype55.a(rtimer.o)
                                         0xc0 (size before relaxing)
 .eh_frame      0x0000000000025310       0xb4 build/cooja/mtype55.a(timer.o)
                                         0xe0 (size before relaxing)
 .eh_frame      0x00000000000253c4      0x1a0 build/cooja/mtype55.a(list.o)
                                        0x1cc (size before relaxing)
 .eh_frame      0x0000000000025564      0x188 build/cooja/mtype55.a(button-hal.o)
                                        0x1c8 (size before relaxing)
 .eh_frame      0x00000000000256ec       0x6c build/cooja/mtype55.a(serial-line.o)
                                         0x98 (size before relaxing)
 .eh_frame      0x0000000000025758       0xfc build/cooja/mtype55.a(gpio-hal.o)
                                        0x13c (size before relaxing)
 .eh_frame      0x0000000000025854      0x1c0 build/cooja/mtype55.a(queuebuf.o)
                                        0x200 (size before relaxing)
 .eh_frame      0x0000000000025a14      0x2b0 build/cooja/mtype55.a(packetbuf.o)
                                        0x2f0 (size before relaxing)
 .eh_frame      0x0000000000025cc4       0x90 build/cooja/mtype55.a(netstack.o)
                                         0xd0 (size before relaxing)
 .eh_frame      0x0000000000025d54       0x64 build/cooja/mtype55.a(linkaddr.o)
                                         0x90 (size before relaxing)
 .eh_frame      0x0000000000025db8       0xf0 build/cooja/mtype55.a(csma.o)
                                        0x130 (size before relaxing)
 .eh_frame      0x0000000000025ea8      0x1f8 build/cooja/mtype55.a(csma-output.o)
                                        0x238 (size before relaxing)
 .eh_frame      0x00000000000260a0      0x364 build/cooja/mtype55.a(uip-ds6.o)
                                        0x3a4 (size before relaxing)
 .eh_frame      0x0000000000026404      0x270 build/cooja/mtype55.a(tcpip.o)
                                        0x2b0 (size before relaxing)
 .eh_frame      0x0000000000026674      0x260 build/cooja/mtype55.a(uip-ds6-route.o)
                                        0x2a0 (size before relaxing)
 .eh_frame      0x00000000000268d4      0x1e8 build/cooja/mtype55.a(uip-ds6-nbr.o)
                                        0x228 (size before relaxing)
 .eh_frame      0x0000000000026abc      0x20c build/cooja/mtype55.a(uip6.o)
                                        0x24c (size before relaxing)
 .eh_frame      0x0000000000026cc8       0x8c build/cooja/mtype55.a(uip-nd6.o)
                                         0xe0 (size before relaxing)
 .eh_frame      0x0000000000026d54       0xe8 build/cooja/mtype55.a(simple-udp.o)
                                        0x128 (size before relaxing)
 .eh_frame      0x0000000000026e3c      0x354 build/cooja/mtype55.a(sicslowpan.o)
                                        0x3a8 (size before relaxing)
 .eh_frame      0x0000000000027190       0x9c build/cooja/mtype55.a(uiplib.o)
                                         0xdc (size before relaxing)
 .eh_frame      0x000000000002722c      0x1fc build/cooja/mtype55.a(rpl.o)
                                        0x23c (size before relaxing)
 .eh_frame      0x0000000000027428      0x1f0 build/cooja/mtype55.a(rpl-icmp6.o)
                                        0x230 (size before relaxing)
 .eh_frame      0x0000000000027618      0x3c0 build/cooja/mtype55.a(rpl-dag.o)
                                        0x414 (size before relaxing)
 .eh_frame      0x00000000000279d8       0xb0 build/cooja/mtype55.a(rpl-dag-root.o)
                                         0xf0 (size before relaxing)
 .eh_frame      0x0000000000027a88       0xa4 build/cooja/mtype55.a(watchdog.o)
                                         0xd0 (size before relaxing)
 .eh_frame      0x0000000000027b2c       0x80 build/cooja/mtype55.a(int-master.o)
                                         0xac (size before relaxing)
 .eh_frame      0x0000000000027bac       0xd8 build/cooja/mtype55.a(stimer.o)
                                        0x104 (size before relaxing)
 .eh_frame      0x0000000000027c84       0xa4 build/cooja/mtype55.a(memb.o)
                                         0xe4 (size before relaxing)
 .eh_frame      0x0000000000027d28       0x24 build/cooja/mtype55.a(assert.o)
                                         0x50 (size before relaxing)
 .eh_frame      0x0000000000027d4c       0xa0 build/cooja/mtype55.a(ringbuf.o)
                                         0xcc (size before relaxing)
 .eh_frame      0x0000000000027dec      0x428 build/cooja/mtype55.a(nbr-table.o)
                                        0x468 (size before relaxing)
 .eh_frame      0x0000000000028214      0x140 build/cooja/mtype55.a(link-stats.o)
                                        0x180 (size before relaxing)
 .eh_frame      0x0000000000028354       0x50 build/cooja/mtype55.a(mac-sequence.o)
                                         0x7c (size before relaxing)
 .eh_frame      0x00000000000283a4       0x20 build/cooja/mtype55.a(mac.o)
                                         0x4c (size before relaxing)
 .eh_frame      0x00000000000283c4       0xb4 build/cooja/mtype55.a(framer-802154.o)
                                         0xf4 (size before relaxing)
 .eh_frame      0x0000000000028478      0x1b0 build/cooja/mtype55.a(frame802154.o)
                                        0x1f0 (size before relaxing)
 .eh_frame      0x0000000000028628       0x44 build/cooja/mtype55.a(csma-security.o)
                                         0x84 (size before relaxing)
 .eh_frame      0x000000000002866c      0x204 build/cooja/mtype55.a(uipbuf.o)
                                        0x230 (size before relaxing)
 .eh_frame      0x0000000000028870      0x170 build/cooja/mtype55.a(uip-icmp6.o)
                                        0x1b0 (size before relaxing)
 .eh_frame      0x00000000000289e0      0x1ac build/cooja/mtype55.a(uip-sr.o)
                                        0x1ec (size before relaxing)
 .eh_frame      0x0000000000028b8c       0xec build/cooja/mtype55.a(uip-packetqueue)
                                        0x12c (size before relaxing)
 .eh_frame      0x0000000000028c78       0x44 build/cooja/mtype55.a(uip-udp-packet.)
                                         0x84 (size before relaxing)
 .eh_frame      0x0000000000028cbc       0x48 build/cooja/mtype55.a(rpl-nbr-policy.)
                                         0x88 (size before relaxing)
 .eh_frame      0x0000000000028d04      0x2ec build/cooja/mtype55.a(rpl-neighbor.o)
                                        0x340 (size before relaxing)
 .eh_frame      0x0000000000028ff0      0x418 build/cooja/mtype55.a(rpl-timers.o)
                                        0x458 (size before relaxing)
 .eh_frame      0x0000000000029408      0x144 build/cooja/mtype55.a(rpl-ext-header.)
                                        0x184 (size before relaxing)
 .eh_frame      0x000000000002954c      0x150 build/cooja/mtype55.a(rpl-mrhof.o)
                                        0x190 (size before relaxing)
 .eh_frame      0x000000000002969c       0x1c /usr/lib/i386-linux-gnu/libc_nonshared.a(stack_chk_fail_local.oS)
                                         0x48 (size before relaxing)
 .eh_frame      0x00000000000296b8        0x4 /usr/lib/gcc/i686-linux-gnu/7/crtendS.o
 *(.eh_frame.*)

.gcc_except_table
 *(.gcc_except_table .gcc_except_table.*)

.gnu_extab
 *(.gnu_extab*)

.exception_ranges
 *(.exception_ranges .exception_ranges*)
                0x000000000002ac18                . = DATA_SEGMENT_ALIGN (CONSTANT (MAXPAGESIZE), CONSTANT (COMMONPAGESIZE))

.eh_frame
 *(.eh_frame)
 *(.eh_frame.*)

.gnu_extab
 *(.gnu_extab)

.gcc_except_table
 *(.gcc_except_table .gcc_except_table.*)

.exception_ranges
 *(.exception_ranges .exception_ranges*)

.tdata
 *(.tdata .tdata.* .gnu.linkonce.td.*)

.tbss
 *(.tbss .tbss.* .gnu.linkonce.tb.*)
 *(.tcommon)

.preinit_array
 *(.preinit_array)

.init_array     0x000000000002ac18        0x4
 *(SORT_BY_INIT_PRIORITY(.init_array.*) SORT_BY_INIT_PRIORITY(.ctors.*))
 *(.init_array EXCLUDE_FILE(*crtend?.o *crtend.o *crtbegin?.o *crtbegin.o) .ctors)
 .init_array    0x000000000002ac18        0x4 /usr/lib/gcc/i686-linux-gnu/7/crtbeginS.o

.fini_array     0x000000000002ac1c        0x4
 *(SORT_BY_INIT_PRIORITY(.fini_array.*) SORT_BY_INIT_PRIORITY(.dtors.*))
 *(.fini_array EXCLUDE_FILE(*crtend?.o *crtend.o *crtbegin?.o *crtbegin.o) .dtors)
 .fini_array    0x000000000002ac1c        0x4 /usr/lib/gcc/i686-linux-gnu/7/crtbeginS.o

.ctors
 *crtbegin.o(.ctors)
 *crtbegin?.o(.ctors)
 *(EXCLUDE_FILE(*crtend?.o *crtend.o) .ctors)
 *(SORT_BY_NAME(.ctors.*))
 *(.ctors)

.dtors
 *crtbegin.o(.dtors)
 *crtbegin?.o(.dtors)
 *(EXCLUDE_FILE(*crtend?.o *crtend.o) .dtors)
 *(SORT_BY_NAME(.dtors.*))
 *(.dtors)

.jcr
 *(.jcr)

.data.rel.ro    0x000000000002ac20      0x198
 *(.data.rel.ro.local* .gnu.linkonce.d.rel.ro.local.*)
 .data.rel.ro.local
                0x000000000002ac20        0x8 sink-node.o
                0x000000000002ac20                autostart_processes
 .data.rel.ro.local
                0x000000000002ac28        0x8 build/cooja/mtype55.a(beep.o)
                0x000000000002ac28                beep_interface
 .data.rel.ro.local
                0x000000000002ac30        0x8 build/cooja/mtype55.a(leds-arch.o)
                0x000000000002ac30                leds_interface
 .data.rel.ro.local
                0x000000000002ac38        0x8 build/cooja/mtype55.a(moteid.o)
                0x000000000002ac38                moteid_interface
 .data.rel.ro.local
                0x000000000002ac40       0x18 build/cooja/mtype55.a(pir-sensor.o)
                0x000000000002ac40                pir_interface
                0x000000000002ac48                pir_sensor
 .data.rel.ro.local
                0x000000000002ac58        0x8 build/cooja/mtype55.a(rs232.o)
                0x000000000002ac58                rs232_interface
 .data.rel.ro.local
                0x000000000002ac60       0x18 build/cooja/mtype55.a(vib-sensor.o)
                0x000000000002ac60                vib_interface
                0x000000000002ac68                vib_sensor
 .data.rel.ro.local
                0x000000000002ac78        0x8 build/cooja/mtype55.a(clock.o)
                0x000000000002ac78                clock_interface
 .data.rel.ro.local
                0x000000000002ac80        0x8 build/cooja/mtype55.a(cooja-log.o)
                0x000000000002ac80                simlog_interface
 .data.rel.ro.local
                0x000000000002ac88        0x8 build/cooja/mtype55.a(cfs-cooja.o)
                0x000000000002ac88                cfs_interface
 *fill*         0x000000000002ac90       0x10 
 .data.rel.ro.local
                0x000000000002aca0       0x58 build/cooja/mtype55.a(cooja-radio.o)
                0x000000000002aca0                radio_interface
                0x000000000002acc0                cooja_radio_driver
 .data.rel.ro.local
                0x000000000002acf8        0x8 build/cooja/mtype55.a(eeprom.o)
                0x000000000002acf8                eeprom_interface
 .data.rel.ro.local
                0x000000000002ad00       0x18 build/cooja/mtype55.a(buttons.o)
                0x000000000002ad00                button_interface
                0x000000000002ad08                button_sensor
 .data.rel.ro.local
                0x000000000002ad18       0x1c build/cooja/mtype55.a(csma.o)
                0x000000000002ad18                csma_driver
 .data.rel.ro.local
                0x000000000002ad34       0x10 build/cooja/mtype55.a(sicslowpan.o)
                0x000000000002ad34                sicslowpan_driver
 .data.rel.ro.local
                0x000000000002ad44        0xc build/cooja/mtype55.a(framer-802154.o)
                0x000000000002ad44                framer_802154
 *(.data.rel.ro .data.rel.ro.* .gnu.linkonce.d.rel.ro.*)
 .data.rel.ro   0x000000000002ad50        0x0 /usr/lib/gcc/i686-linux-gnu/7/../../../i386-linux-gnu/crti.o
 *fill*         0x000000000002ad50       0x10 
 .data.rel.ro   0x000000000002ad60       0x54 build/cooja/mtype55.a(rpl.o)
                0x000000000002ad60                rpl_lite_driver
 .data.rel.ro   0x000000000002adb4        0x4 build/cooja/mtype55.a(rpl-dag.o)

.dynamic        0x000000000002adb8       0xf0
 *(.dynamic)
 .dynamic       0x000000000002adb8       0xf0 /usr/lib/gcc/i686-linux-gnu/7/../../../i386-linux-gnu/crti.o
                0x000000000002adb8                _DYNAMIC

.got            0x000000000002aea8      0x148
 *(.got)
 .got           0x000000000002aea8      0x148 /usr/lib/gcc/i686-linux-gnu/7/../../../i386-linux-gnu/crti.o
 *(.igot)
                0x000000000002aff4                . = DATA_SEGMENT_RELRO_END (., (SIZEOF (.got.plt) >= 0xc)?0xc:0x0)

.got.plt        0x000000000002b000      0x4a8
 *(.got.plt)
 .got.plt       0x000000000002b000      0x4a8 /usr/lib/gcc/i686-linux-gnu/7/../../../i386-linux-gnu/crti.o
                0x000000000002b000                _GLOBAL_OFFSET_TABLE_
 *(.igot.plt)

.data           0x000000000002b4c0      0x384
 *(.data .data.* .gnu.linkonce.d.*)
 .data          0x000000000002b4c0        0x0 /usr/lib/gcc/i686-linux-gnu/7/../../../i386-linux-gnu/crti.o
 .data          0x000000000002b4c0        0x0 /usr/lib/gcc/i686-linux-gnu/7/crtbeginS.o
 .data.rel.local
                0x000000000002b4c0        0x4 /usr/lib/gcc/i686-linux-gnu/7/crtbeginS.o
                0x000000000002b4c0                __dso_handle
 .data          0x000000000002b4c4        0x0 sink-node.o
 .data.rel.local
                0x000000000002b4c4       0x10 sink-node.o
                0x000000000002b4c4                sink_node
 .data          0x000000000002b4d4        0x0 build/cooja/mtype55.o
 *fill*         0x000000000002b4d4        0xc 
 .data.rel      0x000000000002b4e0       0x44 build/cooja/mtype55.o
                0x000000000002b4e0                simInterfaces
                0x000000000002b514                sensors
 .data          0x000000000002b524        0x0 build/cooja/obj/virtual-sensor.o
 .data          0x000000000002b524        0x0 build/cooja/mtype55.a(simEnvChange.o)
 .data          0x000000000002b524        0x0 build/cooja/mtype55.a(cooja_mt.o)
 .data          0x000000000002b524        0x0 build/cooja/mtype55.a(cooja_mtarch.o)
 .data          0x000000000002b524        0x0 build/cooja/mtype55.a(rtimer-arch.o)
 .data          0x000000000002b524        0x0 build/cooja/mtype55.a(beep.o)
 .data          0x000000000002b524        0x0 build/cooja/mtype55.a(leds-arch.o)
 .data          0x000000000002b524        0x0 build/cooja/mtype55.a(moteid.o)
 .data          0x000000000002b524        0x0 build/cooja/mtype55.a(pir-sensor.o)
 .data          0x000000000002b524        0x0 build/cooja/mtype55.a(rs232.o)
 .data          0x000000000002b524        0x0 build/cooja/mtype55.a(vib-sensor.o)
 .data          0x000000000002b524        0x0 build/cooja/mtype55.a(clock.o)
 .data          0x000000000002b524        0x0 build/cooja/mtype55.a(cooja-log.o)
 .data          0x000000000002b524        0x0 build/cooja/mtype55.a(cfs-cooja.o)
 .data          0x000000000002b524       0x1c build/cooja/mtype55.a(cooja-radio.o)
                0x000000000002b524                simRadioHWOn
                0x000000000002b528                simSignalStrength
                0x000000000002b52c                simLastSignalStrength
                0x000000000002b530                simPower
                0x000000000002b534                simRadioChannel
                0x000000000002b538                simLQI
 .data.rel.local
                0x000000000002b540       0x10 build/cooja/mtype55.a(cooja-radio.o)
                0x000000000002b540                cooja_radio_process
 .data          0x000000000002b550        0x0 build/cooja/mtype55.a(eeprom.o)
 .data          0x000000000002b550        0x0 build/cooja/mtype55.a(random.o)
 .data          0x000000000002b550        0x0 build/cooja/mtype55.a(sensors.o)
 .data.rel.local
                0x000000000002b550       0x10 build/cooja/mtype55.a(sensors.o)
                0x000000000002b550                sensors_process
 .data          0x000000000002b560        0x0 build/cooja/mtype55.a(leds.o)
 .data          0x000000000002b560        0x0 build/cooja/mtype55.a(gpio-hal-arch.o)
 .data          0x000000000002b560        0x1 build/cooja/mtype55.a(buttons.o)
                0x000000000002b560                simButtonIsActive
 *fill*         0x000000000002b561       0x1f 
 .data.rel.local
                0x000000000002b580       0x58 build/cooja/mtype55.a(buttons.o)
                0x000000000002b5d0                button_hal_buttons
 .data          0x000000000002b5d8        0x0 build/cooja/mtype55.a(contiki-main.o)
 .data          0x000000000002b5d8        0x0 build/cooja/mtype55.a(autostart.o)
 .data          0x000000000002b5d8        0x0 build/cooja/mtype55.a(ctimer.o)
 .data.rel.local
                0x000000000002b5d8       0x14 build/cooja/mtype55.a(ctimer.o)
                0x000000000002b5dc                ctimer_process
 .data          0x000000000002b5ec        0x4 build/cooja/mtype55.a(log.o)
                0x000000000002b5ec                curr_log_level_main
 *fill*         0x000000000002b5f0       0x10 
 .data.rel.local
                0x000000000002b600       0x9c build/cooja/mtype55.a(log.o)
                0x000000000002b600                all_modules
 .data          0x000000000002b69c        0x0 build/cooja/mtype55.a(energest.o)
 .data          0x000000000002b69c        0x0 build/cooja/mtype55.a(etimer.o)
 .data.rel.local
                0x000000000002b69c       0x10 build/cooja/mtype55.a(etimer.o)
                0x000000000002b69c                etimer_process
 .data          0x000000000002b6ac        0x0 build/cooja/mtype55.a(node-id.o)
 .data          0x000000000002b6ac        0x0 build/cooja/mtype55.a(process.o)
 .data          0x000000000002b6ac        0x0 build/cooja/mtype55.a(rtimer.o)
 .data          0x000000000002b6ac        0x0 build/cooja/mtype55.a(timer.o)
 .data          0x000000000002b6ac        0x0 build/cooja/mtype55.a(list.o)
 .data          0x000000000002b6ac        0x0 build/cooja/mtype55.a(button-hal.o)
 .data.rel.local
                0x000000000002b6ac       0x10 build/cooja/mtype55.a(button-hal.o)
                0x000000000002b6ac                button_hal_process
 .data          0x000000000002b6bc        0x0 build/cooja/mtype55.a(serial-line.o)
 .data.rel.local
                0x000000000002b6bc       0x10 build/cooja/mtype55.a(serial-line.o)
                0x000000000002b6bc                serial_line_process
 .data          0x000000000002b6cc        0x0 build/cooja/mtype55.a(gpio-hal.o)
 .data.rel.local
                0x000000000002b6cc        0x4 build/cooja/mtype55.a(gpio-hal.o)
 .data          0x000000000002b6d0        0x0 build/cooja/mtype55.a(queuebuf.o)
 .data.rel.local
                0x000000000002b6d0       0x18 build/cooja/mtype55.a(queuebuf.o)
 .data          0x000000000002b6e8        0x0 build/cooja/mtype55.a(packetbuf.o)
 .data.rel.local
                0x000000000002b6e8        0x4 build/cooja/mtype55.a(packetbuf.o)
 .data          0x000000000002b6ec        0x0 build/cooja/mtype55.a(netstack.o)
 .data.rel.local
                0x000000000002b6ec        0x4 build/cooja/mtype55.a(netstack.o)
 .data          0x000000000002b6f0        0x0 build/cooja/mtype55.a(linkaddr.o)
 .data          0x000000000002b6f0        0x0 build/cooja/mtype55.a(csma.o)
 .data          0x000000000002b6f0        0x0 build/cooja/mtype55.a(csma-output.o)
 .data.rel.local
                0x000000000002b6f0       0x28 build/cooja/mtype55.a(csma-output.o)
 .data          0x000000000002b718        0x0 build/cooja/mtype55.a(uip-ds6.o)
 .data          0x000000000002b718        0x0 build/cooja/mtype55.a(tcpip.o)
 .data.rel.local
                0x000000000002b718       0x10 build/cooja/mtype55.a(tcpip.o)
                0x000000000002b718                tcpip_process
 .data          0x000000000002b728        0x0 build/cooja/mtype55.a(uip-ds6-route.o)
 .data.rel.local
                0x000000000002b728       0x10 build/cooja/mtype55.a(uip-ds6-route.o)
 .data          0x000000000002b738        0x0 build/cooja/mtype55.a(uip-ds6-nbr.o)
 .data.rel.local
                0x000000000002b738       0x14 build/cooja/mtype55.a(uip-ds6-nbr.o)
 .data          0x000000000002b74c        0x0 build/cooja/mtype55.a(uip6.o)
 .data          0x000000000002b74c        0x0 build/cooja/mtype55.a(uip-nd6.o)
 .data.rel.local
                0x000000000002b74c        0xc build/cooja/mtype55.a(uip-nd6.o)
 .data          0x000000000002b758        0x0 build/cooja/mtype55.a(simple-udp.o)
 .data.rel.local
                0x000000000002b758       0x10 build/cooja/mtype55.a(simple-udp.o)
                0x000000000002b758                simple_udp_process
 .data          0x000000000002b768        0x0 build/cooja/mtype55.a(sicslowpan.o)
 .data          0x000000000002b768        0x0 build/cooja/mtype55.a(uiplib.o)
 .data          0x000000000002b768        0x0 build/cooja/mtype55.a(rpl.o)
 .data          0x000000000002b768        0x0 build/cooja/mtype55.a(rpl-icmp6.o)
 .data.rel.local
                0x000000000002b768       0x30 build/cooja/mtype55.a(rpl-icmp6.o)
 .data          0x000000000002b798        0x0 build/cooja/mtype55.a(rpl-dag.o)
 .data          0x000000000002b798        0x0 build/cooja/mtype55.a(rpl-dag-root.o)
 .data          0x000000000002b798        0x0 build/cooja/mtype55.a(watchdog.o)
 .data          0x000000000002b798        0x0 build/cooja/mtype55.a(int-master.o)
 .data          0x000000000002b798        0x0 build/cooja/mtype55.a(stimer.o)
 .data          0x000000000002b798        0x0 build/cooja/mtype55.a(memb.o)
 .data          0x000000000002b798        0x0 build/cooja/mtype55.a(assert.o)
 .data          0x000000000002b798        0x0 build/cooja/mtype55.a(ringbuf.o)
 .data          0x000000000002b798        0x0 build/cooja/mtype55.a(nbr-table.o)
 .data.rel.local
                0x000000000002b798       0x10 build/cooja/mtype55.a(nbr-table.o)
 .data          0x000000000002b7a8        0x0 build/cooja/mtype55.a(link-stats.o)
 .data.rel.local
                0x000000000002b7a8       0x14 build/cooja/mtype55.a(link-stats.o)
 .data          0x000000000002b7bc        0x0 build/cooja/mtype55.a(mac-sequence.o)
 .data          0x000000000002b7bc        0x0 build/cooja/mtype55.a(mac.o)
 .data          0x000000000002b7bc        0x0 build/cooja/mtype55.a(framer-802154.o)
 .data          0x000000000002b7bc        0x2 build/cooja/mtype55.a(frame802154.o)
 .data          0x000000000002b7be        0x0 build/cooja/mtype55.a(csma-security.o)
 .data          0x000000000002b7be        0x0 build/cooja/mtype55.a(uipbuf.o)
 .data          0x000000000002b7be        0x0 build/cooja/mtype55.a(uip-icmp6.o)
 *fill*         0x000000000002b7be        0x2 
 .data.rel.local
                0x000000000002b7c0       0x20 build/cooja/mtype55.a(uip-icmp6.o)
 .data          0x000000000002b7e0        0x0 build/cooja/mtype55.a(uip-sr.o)
 .data.rel.local
                0x000000000002b7e0       0x10 build/cooja/mtype55.a(uip-sr.o)
 .data          0x000000000002b7f0        0x0 build/cooja/mtype55.a(uip-packetqueue)
 .data.rel.local
                0x000000000002b7f0        0xc build/cooja/mtype55.a(uip-packetqueue)
 .data          0x000000000002b7fc        0x0 build/cooja/mtype55.a(uip-udp-packet.)
 .data          0x000000000002b7fc        0x0 build/cooja/mtype55.a(rpl-nbr-policy.)
 .data          0x000000000002b7fc        0x0 build/cooja/mtype55.a(rpl-neighbor.o)
 .data.rel.local
                0x000000000002b7fc       0x14 build/cooja/mtype55.a(rpl-neighbor.o)
                0x000000000002b80c                rpl_neighbors
 .data          0x000000000002b810        0x0 build/cooja/mtype55.a(rpl-timers.o)
 .data          0x000000000002b810        0x0 build/cooja/mtype55.a(rpl-ext-header.)
 .data          0x000000000002b810        0x0 build/cooja/mtype55.a(rpl-mrhof.o)
 *fill*         0x000000000002b810       0x10 
 .data.rel.local
                0x000000000002b820       0x24 build/cooja/mtype55.a(rpl-mrhof.o)
                0x000000000002b820                rpl_mrhof
 .data          0x000000000002b844        0x0 /usr/lib/i386-linux-gnu/libc_nonshared.a(stack_chk_fail_local.oS)
 .data          0x000000000002b844        0x0 /usr/lib/gcc/i686-linux-gnu/7/crtendS.o
 .data          0x000000000002b844        0x0 /usr/lib/gcc/i686-linux-gnu/7/../../../i386-linux-gnu/crtn.o

.tm_clone_table
                0x000000000002b844        0x0
 .tm_clone_table
                0x000000000002b844        0x0 /usr/lib/gcc/i686-linux-gnu/7/crtbeginS.o
 .tm_clone_table
                0x000000000002b844        0x0 /usr/lib/gcc/i686-linux-gnu/7/crtendS.o

.data1
 *(.data1)
                0x000000000002b844                _edata = .
                [!provide]                        PROVIDE (edata = .)
                0x000000000002b844                . = .
                0x000000000002b844                __bss_start = .

.bss            0x000000000002b860    0x13d00
 *(.dynbss)
 .dynbss        0x000000000002b860        0x0 /usr/lib/gcc/i686-linux-gnu/7/../../../i386-linux-gnu/crti.o
 *(.bss .bss.* .gnu.linkonce.b.*)
 .bss           0x000000000002b860        0x0 /usr/lib/gcc/i686-linux-gnu/7/../../../i386-linux-gnu/crti.o
 .bss           0x000000000002b860        0x1 /usr/lib/gcc/i686-linux-gnu/7/crtbeginS.o
 *fill*         0x000000000002b861       0x1f 
 .bss           0x000000000002b880       0x24 sink-node.o
 *fill*         0x000000000002b8a4       0x1c 
 .bss           0x000000000002b8c0     0x2040 build/cooja/mtype55.o
 .bss           0x000000000002d900        0x0 build/cooja/obj/virtual-sensor.o
 .bss           0x000000000002d900        0x1 build/cooja/mtype55.a(simEnvChange.o)
                0x000000000002d900                simDontFallAsleep
 *fill*         0x000000000002d901        0x3 
 .bss           0x000000000002d904        0x4 build/cooja/mtype55.a(cooja_mt.o)
 .bss           0x000000000002d908        0x4 build/cooja/mtype55.a(cooja_mtarch.o)
 .bss           0x000000000002d90c        0x0 build/cooja/mtype55.a(rtimer-arch.o)
 .bss           0x000000000002d90c        0x0 build/cooja/mtype55.a(beep.o)
 .bss           0x000000000002d90c        0x1 build/cooja/mtype55.a(leds-arch.o)
                0x000000000002d90c                simLedsValue
 .bss           0x000000000002d90d        0x0 build/cooja/mtype55.a(moteid.o)
 .bss           0x000000000002d90d        0x1 build/cooja/mtype55.a(pir-sensor.o)
                0x000000000002d90d                simPirValue
 *fill*         0x000000000002d90e        0x2 
 .bss           0x000000000002d910        0x4 build/cooja/mtype55.a(rs232.o)
 .bss           0x000000000002d914        0x1 build/cooja/mtype55.a(vib-sensor.o)
                0x000000000002d914                simVibValue
 .bss           0x000000000002d915        0x0 build/cooja/mtype55.a(clock.o)
 *fill*         0x000000000002d915        0xb 
 .bss           0x000000000002d920     0x2020 build/cooja/mtype55.a(cooja-log.o)
 .bss           0x000000000002f940      0xfc0 build/cooja/mtype55.a(cfs-cooja.o)
                0x000000000002f940                simCFSData
                0x00000000000308e0                simCFSSize
                0x00000000000308e4                simCFSChanged
                0x00000000000308e8                simCFSRead
                0x00000000000308ec                simCFSWritten
 .bss           0x0000000000030900       0x24 build/cooja/mtype55.a(cooja-radio.o)
                0x0000000000030900                simReceiving
                0x0000000000030904                simInSize
                0x0000000000030908                simLastPacketTimestamp
                0x0000000000030910                simOutSize
 .bss           0x0000000000030924        0xc build/cooja/mtype55.a(eeprom.o)
                0x0000000000030924                simEEPROMChanged
                0x0000000000030928                simEEPROMRead
                0x000000000003092c                simEEPROMWritten
 .bss           0x0000000000030930        0x0 build/cooja/mtype55.a(random.o)
 .bss           0x0000000000030930        0xc build/cooja/mtype55.a(sensors.o)
 .bss           0x000000000003093c        0x0 build/cooja/mtype55.a(leds.o)
 .bss           0x000000000003093c       0x24 build/cooja/mtype55.a(gpio-hal-arch.o)
 .bss           0x0000000000030960        0x0 build/cooja/mtype55.a(buttons.o)
 .bss           0x0000000000030960        0x0 build/cooja/mtype55.a(contiki-main.o)
 .bss           0x0000000000030960        0x0 build/cooja/mtype55.a(autostart.o)
 .bss           0x0000000000030960        0x5 build/cooja/mtype55.a(ctimer.o)
 *fill*         0x0000000000030965        0x3 
 .bss           0x0000000000030968       0x2c build/cooja/mtype55.a(log.o)
                0x0000000000030968                curr_log_level_rpl
                0x000000000003096c                curr_log_level_tcpip
                0x0000000000030970                curr_log_level_ipv6
                0x0000000000030974                curr_log_level_6lowpan
                0x0000000000030978                curr_log_level_nullnet
                0x000000000003097c                curr_log_level_mac
                0x0000000000030980                curr_log_level_framer
                0x0000000000030984                curr_log_level_6top
                0x0000000000030988                curr_log_level_coap
                0x000000000003098c                curr_log_level_snmp
                0x0000000000030990                curr_log_level_lwm2m
 .bss           0x0000000000030994        0x0 build/cooja/mtype55.a(energest.o)
 .bss           0x0000000000030994        0x8 build/cooja/mtype55.a(etimer.o)
 .bss           0x000000000003099c        0x2 build/cooja/mtype55.a(node-id.o)
                0x000000000003099c                node_id
 *fill*         0x000000000003099e        0x2 
 .bss           0x00000000000309a0      0x1a1 build/cooja/mtype55.a(process.o)
                0x00000000000309a0                process_list
                0x00000000000309a4                process_current
 *fill*         0x0000000000030b41        0x3 
 .bss           0x0000000000030b44        0x4 build/cooja/mtype55.a(rtimer.o)
 .bss           0x0000000000030b48        0x0 build/cooja/mtype55.a(timer.o)
 .bss           0x0000000000030b48        0x0 build/cooja/mtype55.a(list.o)
 .bss           0x0000000000030b48       0x10 build/cooja/mtype55.a(button-hal.o)
 *fill*         0x0000000000030b58        0x8 
 .bss           0x0000000000030b60      0x140 build/cooja/mtype55.a(serial-line.o)
 .bss           0x0000000000030ca0        0x4 build/cooja/mtype55.a(gpio-hal.o)
 *fill*         0x0000000000030ca4       0x1c 
 .bss           0x0000000000030cc0     0x2c80 build/cooja/mtype55.a(queuebuf.o)
 .bss           0x0000000000033940       0xa0 build/cooja/mtype55.a(packetbuf.o)
 .bss           0x00000000000339e0        0x4 build/cooja/mtype55.a(netstack.o)
 .bss           0x00000000000339e4        0x0 build/cooja/mtype55.a(linkaddr.o)
 .bss           0x00000000000339e4        0x0 build/cooja/mtype55.a(csma.o)
 *fill*         0x00000000000339e4       0x1c 
 .bss           0x0000000000033a00      0x726 build/cooja/mtype55.a(csma-output.o)
 *fill*         0x0000000000034126        0x2 
 .bss           0x0000000000034128       0x30 build/cooja/mtype55.a(uip-ds6.o)
 .bss           0x0000000000034158       0x10 build/cooja/mtype55.a(tcpip.o)
 *fill*         0x0000000000034168       0x18 
 .bss           0x0000000000034180       0x60 build/cooja/mtype55.a(uip-ds6-route.o)
 .bss           0x00000000000341e0     0x1c20 build/cooja/mtype55.a(uip-ds6-nbr.o)
 .bss           0x0000000000035e00        0x8 build/cooja/mtype55.a(uip6.o)
                0x0000000000035e00                uip_ext_bitmap
                0x0000000000035e02                uip_ext_len
                0x0000000000035e04                uip_last_proto
 .bss           0x0000000000035e08       0x10 build/cooja/mtype55.a(uip-nd6.o)
 *fill*         0x0000000000035e18        0x8 
 .bss           0x0000000000035e20      0x520 build/cooja/mtype55.a(simple-udp.o)
 .bss           0x0000000000036340      0x724 build/cooja/mtype55.a(sicslowpan.o)
 .bss           0x0000000000036a64        0x0 build/cooja/mtype55.a(uiplib.o)
 .bss           0x0000000000036a64        0x1 build/cooja/mtype55.a(rpl.o)
 .bss           0x0000000000036a65        0x0 build/cooja/mtype55.a(rpl-icmp6.o)
 .bss           0x0000000000036a65        0x0 build/cooja/mtype55.a(rpl-dag.o)
 *fill*         0x0000000000036a65        0x3 
 .bss           0x0000000000036a68       0x11 build/cooja/mtype55.a(rpl-dag-root.o)
 .bss           0x0000000000036a79        0x0 build/cooja/mtype55.a(watchdog.o)
 *fill*         0x0000000000036a79        0x3 
 .bss           0x0000000000036a7c        0x4 build/cooja/mtype55.a(int-master.o)
 .bss           0x0000000000036a80        0x0 build/cooja/mtype55.a(stimer.o)
 .bss           0x0000000000036a80        0x0 build/cooja/mtype55.a(memb.o)
 .bss           0x0000000000036a80        0x0 build/cooja/mtype55.a(assert.o)
 .bss           0x0000000000036a80        0x0 build/cooja/mtype55.a(ringbuf.o)
 .bss           0x0000000000036a80     0x1214 build/cooja/mtype55.a(nbr-table.o)
 *fill*         0x0000000000037c94        0xc 
 .bss           0x0000000000037ca0      0xe10 build/cooja/mtype55.a(link-stats.o)
 *fill*         0x0000000000038ab0       0x10 
 .bss           0x0000000000038ac0      0x100 build/cooja/mtype55.a(mac-sequence.o)
 .bss           0x0000000000038bc0        0x0 build/cooja/mtype55.a(mac.o)
 .bss           0x0000000000038bc0        0x2 build/cooja/mtype55.a(framer-802154.o)
 .bss           0x0000000000038bc2        0x0 build/cooja/mtype55.a(frame802154.o)
 .bss           0x0000000000038bc2        0x0 build/cooja/mtype55.a(csma-security.o)
 *fill*         0x0000000000038bc2        0x2 
 .bss           0x0000000000038bc4       0x20 build/cooja/mtype55.a(uipbuf.o)
 .bss           0x0000000000038be4       0x18 build/cooja/mtype55.a(uip-icmp6.o)
 *fill*         0x0000000000038bfc        0x4 
 .bss           0x0000000000038c00     0x1d80 build/cooja/mtype55.a(uip-sr.o)
 .bss           0x000000000003a980      0xa78 build/cooja/mtype55.a(uip-packetqueue)
 .bss           0x000000000003b3f8        0x0 build/cooja/mtype55.a(uip-udp-packet.)
 .bss           0x000000000003b3f8        0x0 build/cooja/mtype55.a(rpl-nbr-policy.)
 *fill*         0x000000000003b3f8        0x8 
 .bss           0x000000000003b400      0x960 build/cooja/mtype55.a(rpl-neighbor.o)
 .bss           0x000000000003bd60       0x40 build/cooja/mtype55.a(rpl-timers.o)
 .bss           0x000000000003bda0        0x0 build/cooja/mtype55.a(rpl-ext-header.)
 .bss           0x000000000003bda0        0x0 build/cooja/mtype55.a(rpl-mrhof.o)
 .bss           0x000000000003bda0        0x0 /usr/lib/i386-linux-gnu/libc_nonshared.a(stack_chk_fail_local.oS)
 .bss           0x000000000003bda0        0x0 /usr/lib/gcc/i686-linux-gnu/7/crtendS.o
 .bss           0x000000000003bda0        0x0 /usr/lib/gcc/i686-linux-gnu/7/../../../i386-linux-gnu/crtn.o
 *(COMMON)
 COMMON         0x000000000003bda0        0x8 build/cooja/mtype55.o
                0x000000000003bda0                referenceVar
                0x000000000003bda4                sensors_flags
 COMMON         0x000000000003bda8        0xc build/cooja/mtype55.a(simEnvChange.o)
                0x000000000003bda8                simEtimerPending
                0x000000000003bdac                simProcessRunValue
                0x000000000003bdb0                simEtimerNextExpirationTime
 *fill*         0x000000000003bdb4        0x4 
 COMMON         0x000000000003bdb8       0x18 build/cooja/mtype55.a(rtimer-arch.o)
                0x000000000003bdb8                simRtimerPending
                0x000000000003bdc0                simRtimerCurrentTicks
                0x000000000003bdc8                simRtimerNextExpirationTime
 COMMON         0x000000000003bdd0        0x1 build/cooja/mtype55.a(beep.o)
                0x000000000003bdd0                simBeeped
 *fill*         0x000000000003bdd1        0x3 
 COMMON         0x000000000003bdd4        0xc build/cooja/mtype55.a(moteid.o)
                0x000000000003bdd4                simRandomSeed
                0x000000000003bdd8                simMoteIDChanged
                0x000000000003bddc                simMoteID
 COMMON         0x000000000003bde0        0x2 build/cooja/mtype55.a(pir-sensor.o)
                0x000000000003bde0                simPirIsActive
                0x000000000003bde1                simPirChanged
 *fill*         0x000000000003bde2       0x1e 
 COMMON         0x000000000003be00      0x820 build/cooja/mtype55.a(rs232.o)
                0x000000000003be00                simSerialReceivingFlag
                0x000000000003be04                simSerialReceivingLength
                0x000000000003be20                simSerialReceivingData
 COMMON         0x000000000003c620        0x2 build/cooja/mtype55.a(vib-sensor.o)
                0x000000000003c620                simVibChanged
                0x000000000003c621                simVibIsActive
 *fill*         0x000000000003c622        0x2 
 COMMON         0x000000000003c624        0x4 build/cooja/mtype55.a(clock.o)
                0x000000000003c624                simCurrentTime
 *fill*         0x000000000003c628       0x18 
 COMMON         0x000000000003c640     0x2020 build/cooja/mtype55.a(cooja-log.o)
                0x000000000003c640                simLoggedLength
                0x000000000003c644                simLoggedFlag
                0x000000000003c660                simLoggedData
 COMMON         0x000000000003e660       0xfd build/cooja/mtype55.a(cooja-radio.o)