Archive member included to satisfy reference by file (symbol)

build/cooja/mtype120.a(simEnvChange.o)
                              build/cooja/mtype120.o (simDontFallAsleep)
build/cooja/mtype120.a(cooja_mt.o)
                              build/cooja/mtype120.o (cooja_mt_start)
build/cooja/mtype120.a(cooja_mtarch.o)
                              build/cooja/mtype120.a(cooja_mt.o) (cooja_mtarch_start)
build/cooja/mtype120.a(rtimer-arch.o)
                              build/cooja/mtype120.o (rtimer_arch_check)
build/cooja/mtype120.a(beep.o)
                              build/cooja/mtype120.o (beep_interface)
build/cooja/mtype120.a(leds-arch.o)
                              build/cooja/mtype120.o (leds_interface)
build/cooja/mtype120.a(moteid.o)
                              build/cooja/mtype120.o (moteid_interface)
build/cooja/mtype120.a(pir-sensor.o)
                              build/cooja/mtype120.o (pir_interface)
build/cooja/mtype120.a(rs232.o)
                              build/cooja/mtype120.o (rs232_interface)
build/cooja/mtype120.a(vib-sensor.o)
                              build/cooja/mtype120.o (vib_interface)
build/cooja/mtype120.a(clock.o)
                              build/cooja/mtype120.o (clock_interface)
build/cooja/mtype120.a(cooja-log.o)
                              build/cooja/mtype120.o (simlog_interface)
build/cooja/mtype120.a(cfs-cooja.o)
                              build/cooja/mtype120.o (cfs_interface)
build/cooja/mtype120.a(cooja-radio.o)
                              build/cooja/mtype120.o (radio_interface)
build/cooja/mtype120.a(eeprom.o)
                              build/cooja/mtype120.o (eeprom_interface)
build/cooja/mtype120.a(random.o)
                              build/cooja/mtype120.a(moteid.o) (random_init)
build/cooja/mtype120.a(sensors.o)
                              build/cooja/mtype120.a(pir-sensor.o) (sensors_changed)
build/cooja/mtype120.a(leds.o)
                              build/cooja/mtype120.a(leds-arch.o) (leds_get)
build/cooja/mtype120.a(gpio-hal-arch.o)
                              build/cooja/mtype120.a(leds-arch.o) (gpio_hal_arch_register_pin_callback)
build/cooja/mtype120.a(buttons.o)
                              build/cooja/mtype120.o (button_interface)
build/cooja/mtype120.a(contiki-main.o)
                              build/cooja/mtype120.o (main)
build/cooja/mtype120.a(autostart.o)
                              build/cooja/mtype120.a(contiki-main.o) (autostart_start)
build/cooja/mtype120.a(ctimer.o)
                              build/cooja/mtype120.a(contiki-main.o) (ctimer_init)
build/cooja/mtype120.a(log.o)
                              build/cooja/mtype120.a(contiki-main.o) (curr_log_level_main)
build/cooja/mtype120.a(energest.o)
                              build/cooja/mtype120.a(contiki-main.o) (energest_init)
build/cooja/mtype120.a(etimer.o)
                              build/cooja/mtype120.a(contiki-main.o) (etimer_process)
build/cooja/mtype120.a(node-id.o)
                              build/cooja/mtype120.a(contiki-main.o) (node_id)
build/cooja/mtype120.a(process.o)
                              build/cooja/mtype120.a(ctimer.o) (process_current)
build/cooja/mtype120.a(rtimer.o)
                              build/cooja/mtype120.a(contiki-main.o) (rtimer_init)
build/cooja/mtype120.a(timer.o)
                              build/cooja/mtype120.a(etimer.o) (timer_set)
build/cooja/mtype120.a(list.o)
                              build/cooja/mtype120.a(ctimer.o) (list_init)
build/cooja/mtype120.a(button-hal.o)
                              build/cooja/mtype120.o (button_hal_init)
build/cooja/mtype120.a(serial-line.o)
                              build/cooja/mtype120.a(rs232.o) (serial_line_input_byte)
build/cooja/mtype120.a(gpio-hal.o)
                              build/cooja/mtype120.a(button-hal.o) (gpio_hal_register_handler)
build/cooja/mtype120.a(queuebuf.o)
                              build/cooja/mtype120.a(contiki-main.o) (queuebuf_init)
build/cooja/mtype120.a(packetbuf.o)
                              build/cooja/mtype120.a(cooja-radio.o) (packetbuf_clear)
build/cooja/mtype120.a(netstack.o)
                              build/cooja/mtype120.a(contiki-main.o) (netstack_init)
build/cooja/mtype120.a(linkaddr.o)
                              build/cooja/mtype120.a(contiki-main.o) (linkaddr_node_addr)
build/cooja/mtype120.a(csma.o)
                              build/cooja/mtype120.a(cooja-radio.o) (csma_driver)
build/cooja/mtype120.a(csma-output.o)
                              build/cooja/mtype120.a(csma.o) (csma_output_packet)
build/cooja/mtype120.a(uip-ds6.o)
                              build/cooja/mtype120.a(contiki-main.o) (uip_ds6_get_link_local)
build/cooja/mtype120.a(tcpip.o)
                              build/cooja/mtype120.a(contiki-main.o) (tcpip_process)
build/cooja/mtype120.a(uip-ds6-route.o)
                              build/cooja/mtype120.a(uip-ds6.o) (uip_ds6_route_init)
[...]
Memory Configuration

Name             Origin             Length             Attributes
*default*        0x0000000000000000 0xffffffffffffffff

Linker script and memory map

LOAD /usr/lib/gcc/i686-linux-gnu/7/../../../i386-linux-gnu/crti.o
LOAD /usr/lib/gcc/i686-linux-gnu/7/crtbeginS.o
LOAD sensor-node.o
LOAD build/cooja/mtype120.o
LOAD build/cooja/obj/virtual-sensor.o
LOAD build/cooja/mtype120.a
LOAD /usr/lib/gcc/i686-linux-gnu/7/libgcc.a
LOAD /usr/lib/gcc/i686-linux-gnu/7/libgcc_s.so
START GROUP
LOAD /usr/lib/gcc/i686-linux-gnu/7/libgcc_s.so.1
LOAD /usr/lib/gcc/i686-linux-gnu/7/libgcc.a
END GROUP
LOAD /usr/lib/gcc/i686-linux-gnu/7/../../../i386-linux-gnu/libc.so
START GROUP
LOAD /lib/i386-linux-gnu/libc.so.6
LOAD /usr/lib/i386-linux-gnu/libc_nonshared.a
LOAD /lib/i386-linux-gnu/ld-linux.so.2
END GROUP
LOAD /usr/lib/gcc/i686-linux-gnu/7/libgcc.a
LOAD /usr/lib/gcc/i686-linux-gnu/7/libgcc_s.so
START GROUP
LOAD /usr/lib/gcc/i686-linux-gnu/7/libgcc_s.so.1
LOAD /usr/lib/gcc/i686-linux-gnu/7/libgcc.a
END GROUP
LOAD /usr/lib/gcc/i686-linux-gnu/7/crtendS.o
LOAD /usr/lib/gcc/i686-linux-gnu/7/../../../i386-linux-gnu/crtn.o
                0x0000000000000114                . = (SEGMENT_START ("text-segment", 0x0) + SIZEOF_HEADERS)

.note.gnu.build-id
                0x0000000000000114       0x24
 *(.note.gnu.build-id)
 .note.gnu.build-id
                0x0000000000000114       0x24 /usr/lib/gcc/i686-linux-gnu/7/../../../i386-linux-gnu/crti.o

.hash
 *(.hash)

.gnu.hash       0x0000000000000138     0x1440
 *(.gnu.hash)
 .gnu.hash      0x0000000000000138     0x1440 /usr/lib/gcc/i686-linux-gnu/7/../../../i386-linux-gnu/crti.o

.dynsym         0x0000000000001578     0x2940
 *(.dynsym)
 .dynsym        0x0000000000001578     0x2940 /usr/lib/gcc/i686-linux-gnu/7/../../../i386-linux-gnu/crti.o

.dynstr         0x0000000000003eb8     0x2ed6
 *(.dynstr)
 .dynstr        0x0000000000003eb8     0x2ed6 /usr/lib/gcc/i686-linux-gnu/7/../../../i386-linux-gnu/crti.o

.gnu.version    0x0000000000006d8e      0x528
 *(.gnu.version)
 .gnu.version   0x0000000000006d8e      0x528 /usr/lib/gcc/i686-linux-gnu/7/../../../i386-linux-gnu/crti.o

.gnu.version_d  0x00000000000072b8        0x0
 *(.gnu.version_d)
 .gnu.version_d
                0x00000000000072b8        0x0 /usr/lib/gcc/i686-linux-gnu/7/../../../i386-linux-gnu/crti.o

.gnu.version_r  0x00000000000072b8       0x40
 *(.gnu.version_r)
 .gnu.version_r
                0x00000000000072b8       0x40 /usr/lib/gcc/i686-linux-gnu/7/../../../i386-linux-gnu/crti.o

.rel.dyn        0x00000000000072f8      0xdb0
 *(.rel.init)
 .rel.init      0x00000000000072f8        0x0 /usr/lib/gcc/i686-linux-gnu/7/../../../i386-linux-gnu/crti.o
 *(.rel.text .rel.text.* .rel.gnu.linkonce.t.*)
 .rel.text      0x00000000000072f8      0x4f0 /usr/lib/gcc/i686-linux-gnu/7/../../../i386-linux-gnu/crti.o
 *(.rel.fini)
 .rel.fini      0x00000000000077e8        0x0 /usr/lib/gcc/i686-linux-gnu/7/../../../i386-linux-gnu/crti.o
 *(.rel.rodata .rel.rodata.* .rel.gnu.linkonce.r.*)
 *(.rel.data.rel.ro .rel.data.rel.ro.* .rel.gnu.linkonce.d.rel.ro.*)
 .rel.data.rel.ro.local
                0x00000000000077e8      0x208 /usr/lib/gcc/i686-linux-gnu/7/../../../i386-linux-gnu/crti.o
 .rel.data.rel.ro
                0x00000000000079f0       0xb0 /usr/lib/gcc/i686-linux-gnu/7/../../../i386-linux-gnu/crti.o
 *(.rel.data .rel.data.* .rel.gnu.linkonce.d.*)
 .rel.data.rel.local
                0x0000000000007aa0      0x2f0 /usr/lib/gcc/i686-linux-gnu/7/../../../i386-linux-gnu/crti.o
 .rel.data.rel  0x0000000000007d90       0x78 /usr/lib/gcc/i686-linux-gnu/7/../../../i386-linux-gnu/crti.o
 *(.rel.tdata .rel.tdata.* .rel.gnu.linkonce.td.*)
 *(.rel.tbss .rel.tbss.* .rel.gnu.linkonce.tb.*)
 *(.rel.ctors)
 *(.rel.dtors)
 *(.rel.got)
 .rel.got       0x0000000000007e08      0x290 /usr/lib/gcc/i686-linux-gnu/7/../../../i386-linux-gnu/crti.o
 *(.rel.bss .rel.bss.* .rel.gnu.linkonce.b.*)
 *(.rel.ifunc)
 .rel.ifunc     0x0000000000008098        0x0 /usr/lib/gcc/i686-linux-gnu/7/../../../i386-linux-gnu/crti.o
 .rel.fini_array
                0x0000000000008098        0x8 /usr/lib/gcc/i686-linux-gnu/7/../../../i386-linux-gnu/crti.o
 .rel.init_array
                0x00000000000080a0        0x8 /usr/lib/gcc/i686-linux-gnu/7/../../../i386-linux-gnu/crti.o

.rel.plt        0x00000000000080a8      0x950
 *(.rel.plt)
 .rel.plt       0x00000000000080a8      0x950 /usr/lib/gcc/i686-linux-gnu/7/../../../i386-linux-gnu/crti.o
 *(.rel.iplt)

.init           0x00000000000089f8       0x23
 *(SORT_NONE(.init))
 .init          0x00000000000089f8       0x1e /usr/lib/gcc/i686-linux-gnu/7/../../../i386-linux-gnu/crti.o
                0x00000000000089f8                _init
 .init          0x0000000000008a16        0x5 /usr/lib/gcc/i686-linux-gnu/7/../../../i386-linux-gnu/crtn.o

.plt            0x0000000000008a20     0x12b0
 *(.plt)
 .plt           0x0000000000008a20     0x12b0 /usr/lib/gcc/i686-linux-gnu/7/../../../i386-linux-gnu/crti.o
 *(.iplt)

.plt.got        0x0000000000009cd0       0x18
 *(.plt.got)
 .plt.got       0x0000000000009cd0       0x18 /usr/lib/gcc/i686-linux-gnu/7/../../../i386-linux-gnu/crti.o

.plt.sec
 *(.plt.sec)

.text           0x0000000000009cf0    0x17dd4
 *(.text.unlikely .text.*_unlikely .text.unlikely.*)
 *(.text.exit .text.exit.*)
 *(.text.startup .text.startup.*)
 *(.text.hot .text.hot.*)
 *(.text .stub .text.* .gnu.linkonce.t.*)
 .text          0x0000000000009cf0        0x0 /usr/lib/gcc/i686-linux-gnu/7/../../../i386-linux-gnu/crti.o
 .gnu.linkonce.t.__x86.get_pc_thunk.bx
                0x0000000000009cf0        0x4 /usr/lib/gcc/i686-linux-gnu/7/../../../i386-linux-gnu/crti.o
                0x0000000000009cf0                __x86.get_pc_thunk.bx
 *fill*         0x0000000000009cf4        0xc 
 .text          0x0000000000009d00       0xe9 /usr/lib/gcc/i686-linux-gnu/7/crtbeginS.o
 .text.__x86.get_pc_thunk.dx
                0x0000000000009de9        0x4 /usr/lib/gcc/i686-linux-gnu/7/crtbeginS.o
                0x0000000000009de9                __x86.get_pc_thunk.dx
 .text          0x0000000000009ded      0x24f sensor-node.o
 .text          0x000000000000a03c      0x36b build/cooja/mtype120.o
                0x000000000000a0ee                platform_init_stage_one
                0x000000000000a111                platform_init_stage_two
                0x000000000000a134                platform_init_stage_three
                0x000000000000a157                platform_main_loop
                0x000000000000a1fd                Java_org_contikios_cooja_corecomm_Lib8_init
                0x000000000000a24b                Java_org_contikios_cooja_corecomm_Lib8_getMemory
                0x000000000000a28b                Java_org_contikios_cooja_corecomm_Lib8_setMemory
                0x000000000000a2fc                Java_org_contikios_cooja_corecomm_Lib8_tick
                0x000000000000a386                Java_org_contikios_cooja_corecomm_Lib8_setReferenceAddress
 .text.__x86.get_pc_thunk.ax
                0x000000000000a3a7        0x4 build/cooja/mtype120.o
                0x000000000000a3a7                __x86.get_pc_thunk.ax
 .text          0x000000000000a3ab       0xbc build/cooja/obj/virtual-sensor.o
                0x000000000000a3ab                random_value
                0x000000000000a3e5                read_tempature
                0x000000000000a424                read_humidity
 .text          0x000000000000a467       0x8d build/cooja/mtype120.a(simEnvChange.o)
                0x000000000000a467                doActionsBeforeTick
                0x000000000000a4ad                doActionsAfterTick
 .text          0x000000000000a4f4       0xb6 build/cooja/mtype120.a(cooja_mt.o)
                0x000000000000a4f4                cooja_mt_start
                0x000000000000a52e                cooja_mt_exec
                0x000000000000a575                cooja_mt_yield
 .text          0x000000000000a5aa       0xf2 build/cooja/mtype120.a(cooja_mtarch.o)
                0x000000000000a5aa                cooja_mtarch_start
                0x000000000000a62e                cooja_sw
                0x000000000000a65c                cooja_mtarch_exec
                0x000000000000a687                cooja_mtarch_yield
 .text          0x000000000000a69c      0x127 build/cooja/mtype120.a(rtimer-arch.o)
                0x000000000000a69c                rtimer_arch_init
                0x000000000000a6cb                rtimer_arch_schedule
                0x000000000000a70d                rtimer_arch_next
                0x000000000000a727                rtimer_arch_pending
                0x000000000000a73e                rtimer_arch_check
                0x000000000000a7a9                rtimer_arch_now
 .text.__x86.get_pc_thunk.cx
                0x000000000000a7c3        0x4 build/cooja/mtype120.a(rtimer-arch.o)
                0x000000000000a7c3                __x86.get_pc_thunk.cx
 .text          0x000000000000a7c7      0x101 build/cooja/mtype120.a(beep.o)
                0x000000000000a7c7                beep_alarm
                0x000000000000a7e0                beep_beep
                0x000000000000a7f9                beep
                0x000000000000a812                beep_down
                0x000000000000a82b                beep_on
                0x000000000000a844                beep_off
                0x000000000000a85d                beep_spinup
                0x000000000000a876                beep_quick
                0x000000000000a88f                beep_long
 .text          0x000000000000a8c8       0x9f build/cooja/mtype120.a(leds-arch.o)
                0x000000000000a8ec                leds_arch_init
 .text          0x000000000000a967       0x56 build/cooja/mtype120.a(moteid.o)
 .text          0x000000000000a9bd      0x101 build/cooja/mtype120.a(pir-sensor.o)
 .text          0x000000000000aabe      0x1cc build/cooja/mtype120.a(rs232.o)
                0x000000000000aabe                rs232_init
                0x000000000000aace                rs232_set_speed
                0x000000000000aae7                rs232_set_input
                0x000000000000ab00                rs232_send
                0x000000000000ab36                rs232_print
                0x000000000000ab64                slip_arch_writeb
 .text          0x000000000000ac8a      0x101 build/cooja/mtype120.a(vib-sensor.o)
 .text          0x000000000000ad8b       0x7a build/cooja/mtype120.a(clock.o)
                0x000000000000ad8b                clock_init
                0x000000000000ad9b                clock_time
                0x000000000000adb2                clock_seconds
                0x000000000000add5                clock_delay
 .text          0x000000000000ae05      0x2b5 build/cooja/mtype120.a(cooja-log.o)
                0x000000000000ae05                simlog_char
                0x000000000000ae69                simlog
                0x000000000000af03                log_message
                0x000000000000af52                log_set_putchar_with_slip
                0x000000000000af6b                log_putchar
                0x000000000000aff6                log_puts
                0x000000000000b028                log_printf
 .text          0x000000000000b0ba      0x36c build/cooja/mtype120.a(cfs-cooja.o)
                0x000000000000b0ba                cfs_open
                0x000000000000b132                cfs_close
                0x000000000000b149                cfs_read
                0x000000000000b1fd                cfs_write
                0x000000000000b2fb                cfs_seek
                0x000000000000b398                cfs_remove
                0x000000000000b3ce                cfs_opendir
                0x000000000000b3e2                cfs_readdir
                0x000000000000b3f6                cfs_closedir
 .text          0x000000000000b426      0x785 build/cooja/mtype120.a(cooja-radio.o)
                0x000000000000b494                radio_set_channel
                0x000000000000b4ad                radio_set_txpower
                0x000000000000b4d0                radio_signal_strength_last
                0x000000000000b4e5                radio_signal_strength_current
                0x000000000000b4fa                radio_LQI
 .text          0x000000000000bbab      0x130 build/cooja/mtype120.a(eeprom.o)
                0x000000000000bbab                eeprom_init
                0x000000000000bbbb                eeprom_read
                0x000000000000bc3b                eeprom_write
 .text          0x000000000000bcdb       0x4e build/cooja/mtype120.a(random.o)
                0x000000000000bcdb                random_init
                0x000000000000bd0b                random_rand
 .text          0x000000000000bd29      0x332 build/cooja/mtype120.a(sensors.o)
                0x000000000000bd70                sensors_first
                0x000000000000bd87                sensors_next
                0x000000000000bdb2                sensors_changed
                0x000000000000bdff                sensors_find
 .text          0x000000000000c05b      0x3fc build/cooja/mtype120.a(leds.o)
                0x000000000000c05b                leds_init
                0x000000000000c0b3                leds_single_on
                0x000000000000c12b                leds_single_off
                0x000000000000c1a3                leds_single_toggle
                0x000000000000c1e7                leds_on
                0x000000000000c27f                leds_off
                0x000000000000c317                leds_toggle
                0x000000000000c37d                leds_set
                0x000000000000c3b3                leds_get
 .text          0x000000000000c457      0x401 build/cooja/mtype120.a(gpio-hal-arch.o)
                0x000000000000c457                gpio_hal_arch_register_pin_callback
                0x000000000000c4d8                gpio_hal_arch_init
                0x000000000000c532                gpio_hal_arch_no_port_interrupt_enable
                0x000000000000c56c                gpio_hal_arch_no_port_interrupt_disable
                0x000000000000c5a6                gpio_hal_arch_no_port_pin_cfg_set
                0x000000000000c5d5                gpio_hal_arch_no_port_pin_cfg_get
                0x000000000000c605                gpio_hal_arch_no_port_pin_set_input
                0x000000000000c621                gpio_hal_arch_no_port_pin_set_output
                0x000000000000c63d                gpio_hal_arch_no_port_set_pin
                0x000000000000c668                gpio_hal_arch_no_port_clear_pin
                0x000000000000c693                gpio_hal_arch_no_port_read_pin
                0x000000000000c6c5                gpio_hal_arch_no_port_write_pin
                0x000000000000c6f9                gpio_hal_arch_no_port_set_pins
                0x000000000000c74a                gpio_hal_arch_no_port_clear_pins
                0x000000000000c79b                gpio_hal_arch_no_port_read_pins
                0x000000000000c7ee                gpio_hal_arch_no_port_write_pins
 .text          0x000000000000c858       0xc6 build/cooja/mtype120.a(buttons.o)
 .text          0x000000000000c91e      0x3c1 build/cooja/mtype120.a(contiki-main.o)
                0x000000000000c91e                main
 .text          0x000000000000ccdf       0xb0 build/cooja/mtype120.a(autostart.o)
                0x000000000000ccdf                autostart_start
                0x000000000000cd38                autostart_exit
 .text          0x000000000000cd8f      0x400 build/cooja/mtype120.a(ctimer.o)
                0x000000000000ced2                ctimer_init
                0x000000000000cf17                ctimer_set
                0x000000000000cf4a                ctimer_set_with_process
                0x000000000000cfe1                ctimer_reset
                0x000000000000d04f                ctimer_restart
                0x000000000000d0bd                ctimer_stop
                0x000000000000d11d                ctimer_expired
 .text          0x000000000000d18f      0x4a3 build/cooja/mtype120.a(log.o)
                0x000000000000d18f                log_6addr
                0x000000000000d1f3                log_6addr_compact_snprint
                0x000000000000d2b3                log_6addr_compact
                0x000000000000d317                log_lladdr
                0x000000000000d39e                log_lladdr_compact
                0x000000000000d41b                log_bytes
                0x000000000000d46f                log_set_level
                0x000000000000d54d                log_get_level
                0x000000000000d5de                log_level_to_str
 .text          0x000000000000d632       0x39 build/cooja/mtype120.a(energest.o)
                0x000000000000d632                energest_init
                0x000000000000d642                energest_flush
                0x000000000000d652                energest_get_total_time
 .text          0x000000000000d66b      0x527 build/cooja/mtype120.a(etimer.o)
                0x000000000000d8c0                etimer_request_poll
                0x000000000000d971                etimer_set
                0x000000000000d9aa                etimer_reset_with_new_interval
                0x000000000000d9e9                etimer_reset
                0x000000000000da1f                etimer_restart
                0x000000000000da55                etimer_adjust
                0x000000000000da7c                etimer_expired
                0x000000000000da99                etimer_expiration_time
                0x000000000000dab5                etimer_start_time
                0x000000000000dac9                etimer_pending
                0x000000000000dae6                etimer_next_expiration_time
                0x000000000000db0e                etimer_stop
 .text          0x000000000000db92       0x36 build/cooja/mtype120.a(node-id.o)
                0x000000000000db92                node_id_init
 .text          0x000000000000dbc8      0x5cb build/cooja/mtype120.a(process.o)
                0x000000000000dbc8                process_alloc_event
                0x000000000000dbe9                process_start
                0x000000000000ddee                process_exit
                0x000000000000de16                process_init
                0x000000000000dfde                process_run
                0x000000000000e021                process_nevents
                0x000000000000e046                process_post
                0x000000000000e0f3                process_post_synch
                0x000000000000e139                process_poll
                0x000000000000e175                process_is_running
 .text.__x86.get_pc_thunk.si
                0x000000000000e193        0x4 build/cooja/mtype120.a(process.o)
                0x000000000000e193                __x86.get_pc_thunk.si
 .text          0x000000000000e197      0x122 build/cooja/mtype120.a(rtimer.o)
                0x000000000000e197                rtimer_init
                0x000000000000e1b6                rtimer_set
                0x000000000000e244                rtimer_run_next
 .text          0x000000000000e2b9       0xf6 build/cooja/mtype120.a(timer.o)
                0x000000000000e2b9                timer_set
                0x000000000000e2e8                timer_reset
                0x000000000000e31f                timer_restart
                0x000000000000e345                timer_expired
                0x000000000000e383                timer_remaining
 .text          0x000000000000e3af      0x311 build/cooja/mtype120.a(list.o)
                0x000000000000e3af                list_init
                0x000000000000e3c8                list_head
                0x000000000000e3dc                list_copy
                0x000000000000e3f6                list_tail
                0x000000000000e436                list_add
                0x000000000000e48c                list_push
                0x000000000000e4c2                list_chop
                0x000000000000e536                list_pop
                0x000000000000e568                list_remove
                0x000000000000e5da                list_length
                0x000000000000e612                list_insert
                0x000000000000e661                list_item_next
                0x000000000000e682                list_contains
 .text          0x000000000000e6c0      0x566 build/cooja/mtype120.a(button-hal.o)
                0x000000000000e8b4                button_hal_get_by_id
                0x000000000000e8fe                button_hal_get_by_index
                0x000000000000e938                button_hal_get_state
                0x000000000000e99a                button_hal_init
 .text          0x000000000000ec26      0x242 build/cooja/mtype120.a(serial-line.o)
                0x000000000000ec26                serial_line_input_byte
                0x000000000000ee1e                serial_line_init
 .text          0x000000000000ee68      0x1d6 build/cooja/mtype120.a(gpio-hal.o)
                0x000000000000ee68                gpio_hal_register_handler
                0x000000000000ee96                gpio_hal_event_handler
                0x000000000000ef03                gpio_hal_init
                0x000000000000ef32                gpio_hal_arch_port_toggle_pin
                0x000000000000ef7d                gpio_hal_arch_port_toggle_pins
                0x000000000000efba                gpio_hal_arch_no_port_toggle_pin
                0x000000000000f007                gpio_hal_arch_no_port_toggle_pins
 .text          0x000000000000f03e      0x3a9 build/cooja/mtype120.a(queuebuf.o)
                0x000000000000f052                queuebuf_init
                0x000000000000f08e                queuebuf_numfree
                0x000000000000f0b8                queuebuf_new_from_packetbuf
                0x000000000000f16c                queuebuf_update_attr_from_packetbuf
                0x000000000000f1b0                queuebuf_update_from_packetbuf
                0x000000000000f20f                queuebuf_free
                0x000000000000f26d                queuebuf_to_packetbuf
                0x000000000000f2ea                queuebuf_dataptr
                0x000000000000f336                queuebuf_datalen
                0x000000000000f363                queuebuf_addr
                0x000000000000f3a2                queuebuf_attr
                0x000000000000f3d7                queuebuf_debug_print
 .text          0x000000000000f3e7      0x4dd build/cooja/mtype120.a(packetbuf.o)
                0x000000000000f3e7                packetbuf_clear
                0x000000000000f41d                packetbuf_copyfrom
                0x000000000000f47d                packetbuf_copyto
                0x000000000000f51b                packetbuf_hdralloc
                0x000000000000f5ab                packetbuf_hdrreduce
                0x000000000000f5fd                packetbuf_set_datalen
                0x000000000000f622                packetbuf_dataptr
                0x000000000000f649                packetbuf_hdrptr
                0x000000000000f65e                packetbuf_datalen
                0x000000000000f674                packetbuf_hdrlen
                0x000000000000f693                packetbuf_totlen
                0x000000000000f6b3                packetbuf_remaininglen
                0x000000000000f6d0                packetbuf_attr_clear
                0x000000000000f736                packetbuf_attr_copyto
                0x000000000000f77c                packetbuf_attr_copyfrom
                0x000000000000f7c2                packetbuf_set_attr
                0x000000000000f7f8                packetbuf_attr
                0x000000000000f81e                packetbuf_set_addr
                0x000000000000f866                packetbuf_addr
                0x000000000000f890                packetbuf_holds_broadcast
 .text          0x000000000000f8c4      0x13c build/cooja/mtype120.a(netstack.o)
                0x000000000000f8c4                netstack_process_ip_callback
                0x000000000000f965                netstack_ip_packet_processor_add
                0x000000000000f999                uip_ds6_ip_packet_processor_rm
                0x000000000000f9c7                netstack_init
 .text          0x000000000000fa00       0x75 build/cooja/mtype120.a(linkaddr.o)
                0x000000000000fa00                linkaddr_copy
                0x000000000000fa20                linkaddr_cmp
                0x000000000000fa53                linkaddr_set_node_addr
 .text          0x000000000000fa75      0x2ae build/cooja/mtype120.a(csma.o)
 .text          0x000000000000fd23      0xa6f build/cooja/mtype120.a(csma-output.o)
                0x0000000000010495                csma_output_packet
                0x0000000000010744                csma_output_init
 .text          0x0000000000010792      0xe47 build/cooja/mtype120.a(uip-ds6.o)
                0x0000000000010792                uip_ds6_default_prefix
                0x00000000000107a7                uip_ds6_set_default_prefix
                0x00000000000107dd                uip_ds6_init
                0x0000000000010a78                uip_ds6_periodic
                0x0000000000010b20                uip_ds6_list_loop
                0x0000000000010bef                uip_ds6_prefix_add
                0x0000000000010cb6                uip_ds6_prefix_rm
                0x0000000000010cd3                uip_ds6_prefix_lookup
                0x0000000000010d26                uip_ds6_is_addr_onlink
                0x0000000000010db3                uip_ds6_addr_add
                0x0000000000010ef5                uip_ds6_addr_rm
                0x0000000000010fb4                uip_ds6_addr_lookup
                0x0000000000011004                uip_ds6_get_link_local
                0x00000000000110a2                uip_ds6_get_global
                0x0000000000011140                uip_ds6_maddr_add
                0x00000000000111bc                uip_ds6_maddr_rm
                0x00000000000111d9                uip_ds6_maddr_lookup
                0x000000000001122c                uip_ds6_aaddr_add
                0x00000000000112a5                uip_ds6_aaddr_rm
                0x00000000000112c2                uip_ds6_aaddr_lookup
                0x0000000000011312                uip_ds6_select_src
                0x0000000000011480                uip_ds6_set_addr_iid
                0x00000000000114b5                uip_ds6_set_lladdr_from_iid
                0x00000000000114e8                get_match_length
                0x0000000000011583                uip_ds6_compute_reachable_time
 .text          0x00000000000115d9      0x870 build/cooja/mtype120.a(tcpip.o)
                0x00000000000115ff                tcpip_output
                0x00000000000116ae                udp_attach
                0x00000000000116d0                udp_new
                0x000000000001172a                udp_broadcast_new
                0x00000000000118ca                tcpip_input
                0x0000000000011ac0                tcpip_ipv6_output
                0x0000000000011cfc                tcpip_poll_udp
                0x0000000000011d2c                tcpip_uipcall
 .text          0x0000000000011e49      0x453 build/cooja/mtype120.a(uip-ds6-route.o)
                0x0000000000011eab                uip_ds6_route_init
                0x0000000000011ee7                uip_ds6_route_count_nexthop_neighbors
                0x0000000000011efb                uip_ds6_route_nexthop
                0x0000000000011f0f                uip_ds6_route_head
                0x0000000000011f23                uip_ds6_route_next
                0x0000000000011f37                uip_ds6_route_is_nexthop
                0x0000000000011f4b                uip_ds6_route_num_routes
                0x0000000000011f5f                uip_ds6_route_lookup
                0x0000000000011f73                uip_ds6_route_add
                0x0000000000011f90                uip_ds6_route_rm
                0x0000000000011fa0                uip_ds6_route_rm_by_nexthop
                0x0000000000011fb0                uip_ds6_defrt_head
                0x0000000000011fda                uip_ds6_defrt_add
                0x000000000001209a                uip_ds6_defrt_rm
                0x0000000000012113                uip_ds6_defrt_lookup
                0x000000000001218a                uip_ds6_defrt_choose
                0x0000000000012210                uip_ds6_defrt_periodic
 .text          0x000000000001229c      0x43e build/cooja/mtype120.a(uip-ds6-nbr.o)
                0x000000000001229c                uip_ds6_neighbors_init
                0x00000000000122d2                uip_ds6_nbr_add
                0x000000000001236c                uip_ds6_nbr_rm
                0x00000000000123cb                uip_ds6_nbr_update_ll
                0x00000000000124c8                uip_ds6_nbr_get_ipaddr
                0x00000000000124e7                uip_ds6_nbr_get_ll
                0x0000000000012514                uip_ds6_nbr_num
                0x000000000001256e                uip_ds6_nbr_head
                0x0000000000012598                uip_ds6_nbr_next
                0x00000000000125c5                uip_ds6_nbr_lookup
                0x000000000001262c                uip_ds6_nbr_ll_lookup
                0x0000000000012659                uip_ds6_nbr_ipaddr_from_lladdr
                0x000000000001268c                uip_ds6_nbr_lladdr_from_ipaddr
                0x00000000000126ca                uip_ds6_link_callback
 .text          0x00000000000126da     0x1520 build/cooja/mtype120.a(uip6.o)
                0x0000000000012793                uip_chksum
                0x000000000001288b                uip_icmp6chksum
                0x00000000000128aa                uip_udpchksum
                0x00000000000128c9                uip_init
                0x0000000000012928                uip_remove_ext_hdr
                0x0000000000012a23                uip_udp_new
                0x0000000000012d9c                uip_process
                0x0000000000013a8a                uip_htons
                0x0000000000013ab6                uip_htonl
                0x0000000000013b00                uip_send
 .text          0x0000000000013bfa      0x7d4 build/cooja/mtype120.a(uip-nd6.o)
                0x00000000000143a3                uip_nd6_init
 .text          0x00000000000143ce      0x44d build/cooja/mtype120.a(simple-udp.o)
                0x000000000001440c                simple_udp_send
                0x000000000001447e                simple_udp_sendto
                0x00000000000144e9                simple_udp_sendto_port
                0x0000000000014552                simple_udp_register
 .text          0x000000000001481b     0x3370 build/cooja/mtype120.a(sicslowpan.o)
                0x0000000000014f19                netstack_sniffer_add
                0x0000000000014f32                netstack_sniffer_remove
                0x0000000000017b4a                sicslowpan_init
                0x0000000000017b76                sicslowpan_get_last_rssi
 .text          0x0000000000017b8b      0x51a build/cooja/mtype120.a(uiplib.o)
                0x0000000000017b8b                uiplib_ip6addrconv
                0x0000000000017d51                uiplib_ip4addrconv
                0x0000000000017e1e                uiplib_ipaddr_print
                0x0000000000017e82                uiplib_ipaddr_snprint
 .text          0x00000000000180a5      0x610 build/cooja/mtype120.a(rpl.o)
                0x00000000000180a5                rpl_lollipop_greater_than
                0x0000000000018108                rpl_get_global_address
                0x000000000001823e                rpl_link_callback
                0x00000000000182a1                rpl_has_joined
                0x00000000000182d7                rpl_is_reachable
                0x000000000001837a                rpl_reset_prefix
                0x00000000000183f6                rpl_set_prefix_from_addr
                0x0000000000018508                rpl_set_prefix
                0x000000000001867c                rpl_set_leaf_only
                0x000000000001869f                rpl_get_leaf_only
 .text          0x00000000000186b5     0x1491 build/cooja/mtype120.a(rpl-icmp6.o)
                0x0000000000018812                rpl_icmp6_update_nbr_table
                0x00000000000188c4                rpl_icmp6_dis_output
                0x0000000000018ed9                rpl_icmp6_dio_output
                0x0000000000019732                rpl_icmp6_dao_output
                0x0000000000019a5f                rpl_icmp6_dao_ack_output
                0x0000000000019ae6                rpl_icmp6_init
 .text          0x0000000000019b46     0x11f4 build/cooja/mtype120.a(rpl-dag.o)
                0x0000000000019b46                rpl_dag_state_to_str
                0x0000000000019b94                rpl_dag_get_root_ipaddr
                0x0000000000019be4                rpl_dag_leave
                0x0000000000019c9a                rpl_dag_poison_and_leave
                0x0000000000019cc6                rpl_dag_periodic
                0x0000000000019d8b                rpl_is_addr_in_our_dag
                0x0000000000019dea                rpl_get_default_instance
                0x0000000000019e14                rpl_get_any_dag
                0x0000000000019e8a                rpl_refresh_routes
                0x0000000000019eed                rpl_global_repair
                0x0000000000019fbe                rpl_local_repair
                0x000000000001a023                rpl_dag_ready_to_advertise
                0x000000000001a07c                rpl_dag_update_state
                0x000000000001a8f8                rpl_process_dio
                0x000000000001a993                rpl_process_dis
                0x000000000001a9e9                rpl_process_dao
                0x000000000001aa8a                rpl_process_dao_ack
                0x000000000001ab46                rpl_process_hbh
                0x000000000001aba6                rpl_dag_init_root
                0x000000000001ad08                rpl_dag_init
 .text          0x000000000001ad3a      0x2e4 build/cooja/mtype120.a(rpl-dag-root.o)
                0x000000000001ad3a                rpl_dag_root_print_links
                0x000000000001ae93                rpl_dag_root_set_prefix
                0x000000000001aece                rpl_dag_root_start
                0x000000000001afdc                rpl_dag_root_is_root
 .text          0x000000000001b01e       0x6b build/cooja/mtype120.a(watchdog.o)
                0x000000000001b01e                watchdog_init
                0x000000000001b02e                watchdog_start
                0x000000000001b03e                watchdog_periodic
                0x000000000001b069                watchdog_stop
                0x000000000001b079                watchdog_reboot
 .text          0x000000000001b089       0x75 build/cooja/mtype120.a(int-master.o)
                0x000000000001b089                int_master_enable
                0x000000000001b0a3                int_master_read_and_disable
                0x000000000001b0cb                int_master_status_set
                0x000000000001b0e4                int_master_is_enabled
 .text          0x000000000001b0fe      0x11d build/cooja/mtype120.a(stimer.o)
                0x000000000001b0fe                stimer_set
                0x000000000001b12d                stimer_reset
                0x000000000001b164                stimer_restart
                0x000000000001b18a                stimer_expired
                0x000000000001b1c6                stimer_remaining
                0x000000000001b1f2                stimer_elapsed
 .text          0x000000000001b21b      0x1ec build/cooja/mtype120.a(memb.o)
                0x000000000001b21b                memb_init
                0x000000000001b27f                memb_alloc
                0x000000000001b2ec                memb_free
                0x000000000001b36d                memb_inmemb
                0x000000000001b3b6                memb_numfree
 .text          0x000000000001b407       0x31 build/cooja/mtype120.a(assert.o)
                0x000000000001b407                _xassert
 .text          0x000000000001b438      0x188 build/cooja/mtype120.a(ringbuf.o)
                0x000000000001b438                ringbuf_init
                0x000000000001b474                ringbuf_put
                0x000000000001b4fc                ringbuf_get
                0x000000000001b573                ringbuf_size
                0x000000000001b58f                ringbuf_elements
 .text          0x000000000001b5c0      0xb68 build/cooja/mtype120.a(nbr-table.o)
                0x000000000001b962                nbr_table_count_entries
                0x000000000001ba0f                nbr_table_gc_get_worst
                0x000000000001ba4f                nbr_table_can_accept_new
                0x000000000001bbd8                nbr_table_entry_is_allowed
                0x000000000001bc78                nbr_table_register
                0x000000000001bcf6                nbr_table_is_registered
                0x000000000001bd3b                nbr_table_head
                0x000000000001bda8                nbr_table_next
                0x000000000001be1a                nbr_table_add_lladdr
                0x000000000001bf69                nbr_table_get_from_lladdr
                0x000000000001bfc6                nbr_table_remove
                0x000000000001c011                nbr_table_lock
                0x000000000001c037                nbr_table_unlock
                0x000000000001c05d                nbr_table_get_lladdr
                0x000000000001c093                nbr_table_clear
                0x000000000001c0d8                nbr_table_key_head
                0x000000000001c102                nbr_table_key_next
 .text          0x000000000001c128      0x450 build/cooja/mtype120.a(link-stats.o)
                0x000000000001c128                link_stats_from_lladdr
                0x000000000001c155                link_stats_get_lladdr
                0x000000000001c182                link_stats_is_fresh
                0x000000000001c1cf                guess_etx_from_rssi
                0x000000000001c255                link_stats_packet_sent
                0x000000000001c399                link_stats_input_callback
                0x000000000001c4cd                link_stats_reset
                0x000000000001c52f                link_stats_init
 .text          0x000000000001c578      0x1a8 build/cooja/mtype120.a(mac-sequence.o)
                0x000000000001c578                mac_sequence_is_duplicate
                0x000000000001c638                mac_sequence_register_seqno
 .text          0x000000000001c720       0x2d build/cooja/mtype120.a(mac.o)
                0x000000000001c720                mac_call_sent_callback
 .text          0x000000000001c74d      0x477 build/cooja/mtype120.a(framer-802154.o)
                0x000000000001c8f0                framer_802154_setup_params
 .text          0x000000000001cbc4      0xc1a build/cooja/mtype120.a(frame802154.o)
                0x000000000001cbff                frame802154_get_pan_id
                0x000000000001cc15                frame802154_set_pan_id
                0x000000000001cc3a                frame802154_has_panid
                0x000000000001cdf3                frame802154_check_dest_panid
                0x000000000001ce85                frame802154_is_broadcast_addr
                0x000000000001cedc                frame802154_extract_linkaddr
                0x000000000001d165                frame802154_hdrlen
                0x000000000001d1e2                frame802154_create_fcf
                0x000000000001d2a4                frame802154_create
                0x000000000001d42f                frame802154_parse_fcf
                0x000000000001d51b                frame802154_parse
 .text          0x000000000001d7de       0x4e build/cooja/mtype120.a(csma-security.o)
                0x000000000001d7de                csma_security_create_frame
                0x000000000001d80f                csma_security_parse_frame
 .text          0x000000000001d82c      0x5be build/cooja/mtype120.a(uipbuf.o)
                0x000000000001d82c                uipbuf_clear
                0x000000000001d863                uipbuf_add_ext_hdr
                0x000000000001d8fe                uipbuf_set_len
                0x000000000001d938                uipbuf_set_len_field
                0x000000000001d96e                uipbuf_get_len_field
                0x000000000001d998                uipbuf_get_next_header
                0x000000000001dad4                uipbuf_get_last_header
                0x000000000001db57                uipbuf_search_header
                0x000000000001dc1b                uipbuf_get_attr
                0x000000000001dc4c                uipbuf_set_attr
                0x000000000001dc8d                uipbuf_set_default_attr
                0x000000000001dcce                uipbuf_clear_attr
                0x000000000001dd0e                uipbuf_set_attr_flag
                0x000000000001dd3a                uipbuf_clr_attr_flag
                0x000000000001dd6c                uipbuf_is_attr_flag
                0x000000000001dd9a                uipbuf_init
 .text          0x000000000001ddea      0x8b7 build/cooja/mtype120.a(uip-icmp6.o)
                0x000000000001de6f                uip_icmp6_input
                0x000000000001ded0                uip_icmp6_register_input_handler
                0x000000000001e084                uip_icmp6_error_output
                0x000000000001e3c6                uip_icmp6_send
                0x000000000001e5f4                uip_icmp6_echo_reply_callback_add
                0x000000000001e637                uip_icmp6_echo_reply_callback_rm
                0x000000000001e665                uip_icmp6_init
 .text          0x000000000001e6a1      0x772 build/cooja/mtype120.a(uip-sr.o)
                0x000000000001e6a1                uip_sr_num_nodes
                0x000000000001e74d                uip_sr_get_node
                0x000000000001e7b4                uip_sr_is_addr_reachable
                0x000000000001e871                uip_sr_expire_parent
                0x000000000001e8c4                uip_sr_update_node
                0x000000000001ea08                uip_sr_init
                0x000000000001ea4e                uip_sr_node_head
                0x000000000001ea78                uip_sr_node_next
                0x000000000001ea9e                uip_sr_periodic
                0x000000000001ebba                uip_sr_free_all
                0x000000000001ec3f                uip_sr_link_snprint
 .text          0x000000000001ee13      0x1a5 build/cooja/mtype120.a(uip-packetqueue)
                0x000000000001ee53                uip_packetqueue_new
                0x000000000001ee6c                uip_packetqueue_alloc
                0x000000000001eedb                uip_packetqueue_free
                0x000000000001ef33                uip_packetqueue_buf
                0x000000000001ef5a                uip_packetqueue_buflen
                0x000000000001ef85                uip_packetqueue_set_buflen
 .text          0x000000000001efb8      0x152 build/cooja/mtype120.a(uip-udp-packet.)
                0x000000000001efb8                uip_udp_packet_send
                0x000000000001f031                uip_udp_packet_sendto
 .text          0x000000000001f10a       0x8d build/cooja/mtype120.a(rpl-nbr-policy.)
                0x000000000001f156                rpl_nbr_gc_get_worst
 .text          0x000000000001f197      0xaad build/cooja/mtype120.a(rpl-neighbor.o)
                0x000000000001f233                rpl_neighbor_snprint
                0x000000000001f51b                rpl_neighbor_print_list
                0x000000000001f5ee                rpl_neighbor_count
                0x000000000001f6d1                rpl_neighbor_get_from_lladdr
                0x000000000001f6fe                rpl_neighbor_is_acceptable_parent
                0x000000000001f744                rpl_neighbor_get_link_metric
                0x000000000001f78a                rpl_neighbor_rank_via_nbr
                0x000000000001f7d0                rpl_neighbor_get_lladdr
                0x000000000001f7fd                rpl_neighbor_get_ipaddr
                0x000000000001f833                rpl_neighbor_get_link_stats
                0x000000000001f869                rpl_neighbor_is_fresh
                0x000000000001f89f                rpl_neighbor_is_parent
                0x000000000001f8d6                rpl_neighbor_set_preferred_parent
                0x000000000001f990                rpl_neighbor_remove_all
                0x000000000001f9fd                rpl_neighbor_get_from_ipaddr
                0x000000000001fb37                rpl_neighbor_select_best
                0x000000000001fc12                rpl_neighbor_init
 .text          0x000000000001fc44      0xd8d build/cooja/mtype120.a(rpl-timers.o)
                0x000000000001fc44                rpl_timers_schedule_periodic_dis
                0x000000000001fdee                rpl_timers_dio_reset
                0x000000000001ff66                rpl_timers_schedule_unicast_dio
                0x0000000000020139                rpl_timers_schedule_dao
                0x000000000002023f                rpl_timers_schedule_dao_ack
                0x000000000002030e                rpl_timers_notify_dao_ack
                0x0000000000020394                get_probing_delay
                0x00000000000203d9                get_probing_target
                0x000000000002060e                rpl_schedule_probing
                0x000000000002065a                rpl_schedule_probing_now
                0x00000000000206f4                rpl_timers_unschedule_leaving
                0x000000000002074e                rpl_timers_schedule_leaving
                0x00000000000207b3                rpl_timers_init
                0x0000000000020875                rpl_timers_stop_dag_timers
                0x0000000000020932                rpl_timers_unschedule_state_update
                0x000000000002096e                rpl_timers_schedule_state_update
 .text          0x00000000000209d1      0xd42 build/cooja/mtype120.a(rpl-ext-header.)
                0x00000000000209d1                rpl_ext_header_srh_get_next_hop
                0x0000000000020adc                rpl_ext_header_srh_update
                0x000000000002110e                rpl_ext_header_hbh_update
                0x000000000002148d                rpl_ext_header_update
                0x000000000002153c                rpl_ext_header_remove
 .text          0x0000000000021713      0x39b build/cooja/mtype120.a(rpl-mrhof.o)
 *fill*         0x0000000000021aae        0x2 
 .text          0x0000000000021ab0       0x14 /usr/lib/i386-linux-gnu/libc_nonshared.a(stack_chk_fail_local.oS)
                0x0000000000021ab0                __stack_chk_fail_local
 .text          0x0000000000021ac4        0x0 /usr/lib/gcc/i686-linux-gnu/7/crtendS.o
 .text          0x0000000000021ac4        0x0 /usr/lib/gcc/i686-linux-gnu/7/../../../i386-linux-gnu/crtn.o
 *(.gnu.warning)

.fini           0x0000000000021ac4       0x14
 *(SORT_NONE(.fini))
 .fini          0x0000000000021ac4        0xf /usr/lib/gcc/i686-linux-gnu/7/../../../i386-linux-gnu/crti.o
                0x0000000000021ac4                _fini
 .fini          0x0000000000021ad3        0x5 /usr/lib/gcc/i686-linux-gnu/7/../../../i386-linux-gnu/crtn.o
                [!provide]                        PROVIDE (__etext = .)
                [!provide]                        PROVIDE (_etext = .)
                [!provide]                        PROVIDE (etext = .)

.rodata         0x0000000000021ad8      0x5ec
 *(.rodata .rodata.* .gnu.linkonce.r.*)
 .rodata        0x0000000000021ad8       0x78 sensor-node.o
 .rodata        0x0000000000021b50       0x10 build/cooja/obj/virtual-sensor.o
 .rodata        0x0000000000021b60        0x6 build/cooja/mtype120.a(leds-arch.o)
                0x0000000000021b60                leds_arch_leds
 .rodata        0x0000000000021b66        0x4 build/cooja/mtype120.a(pir-sensor.o)
 .rodata        0x0000000000021b6a        0x6 build/cooja/mtype120.a(rs232.o)
 .rodata        0x0000000000021b70        0xa build/cooja/mtype120.a(vib-sensor.o)
 *fill*         0x0000000000021b7a        0x2 
 .rodata        0x0000000000021b7c       0x27 build/cooja/mtype120.a(cfs-cooja.o)
 *fill*         0x0000000000021ba3        0x1 
 .rodata        0x0000000000021ba4       0x68 build/cooja/mtype120.a(cooja-radio.o)
 .rodata        0x0000000000021c0c        0x8 build/cooja/mtype120.a(sensors.o)
 .rodata        0x0000000000021c14       0x14 build/cooja/mtype120.a(buttons.o)
                0x0000000000021c20                button_hal_button_count
 .rodata        0x0000000000021c28       0xf8 build/cooja/mtype120.a(contiki-main.o)
 .rodata        0x0000000000021d20        0xf build/cooja/mtype120.a(ctimer.o)
 *fill*         0x0000000000021d2f        0x1 
 .rodata        0x0000000000021d30       0xc4 build/cooja/mtype120.a(log.o)
 .rodata        0x0000000000021df4        0xc build/cooja/mtype120.a(etimer.o)
 .rodata        0x0000000000021e00       0x13 build/cooja/mtype120.a(button-hal.o)
 .rodata        0x0000000000021e13        0xe build/cooja/mtype120.a(serial-line.o)
 *fill*         0x0000000000021e21        0x3 
 .rodata        0x0000000000021e24        0x8 build/cooja/mtype120.a(linkaddr.o)
                0x0000000000021e24                linkaddr_null
 .rodata        0x0000000000021e2c        0x5 build/cooja/mtype120.a(csma.o)
 *fill*         0x0000000000021e31        0x3 
 .rodata        0x0000000000021e34       0x24 build/cooja/mtype120.a(csma-output.o)
 .rodata        0x0000000000021e58        0xd build/cooja/mtype120.a(tcpip.o)
 *fill*         0x0000000000021e65        0x3 
 .rodata        0x0000000000021e68       0x4d build/cooja/mtype120.a(uip-ds6-route.o)
 .rodata        0x0000000000021eb5       0x13 build/cooja/mtype120.a(simple-udp.o)
 .rodata        0x0000000000021ec8       0x1f build/cooja/mtype120.a(sicslowpan.o)
                0x0000000000021ec8                unc_llconf
                0x0000000000021ecc                unc_ctxconf
                0x0000000000021ed0                unc_mxconf
                0x0000000000021ed4                llprefix
 .rodata        0x0000000000021ee7       0x2d build/cooja/mtype120.a(uiplib.o)
 .rodata        0x0000000000021f14        0x9 build/cooja/mtype120.a(rpl.o)
 .rodata        0x0000000000021f1d       0xd7 build/cooja/mtype120.a(rpl-dag.o)
 .rodata        0x0000000000021ff4       0x25 build/cooja/mtype120.a(assert.o)
 .rodata        0x0000000000022019       0x44 build/cooja/mtype120.a(uip-sr.o)
 *fill*         0x000000000002205d        0x3 
 .rodata        0x0000000000022060       0x58 build/cooja/mtype120.a(rpl-neighbor.o)
 .rodata        0x00000000000220b8        0xc build/cooja/mtype120.a(rpl-timers.o)

.rodata1
 *(.rodata1)

.eh_frame_hdr   0x00000000000220c4     0x1684
 *(.eh_frame_hdr)
 .eh_frame_hdr  0x00000000000220c4     0x1684 sensor-node.o
                0x00000000000220c4                __GNU_EH_FRAME_HDR
 *(.eh_frame_entry .eh_frame_entry.*)

.eh_frame       0x0000000000023748     0x610c
 *(.eh_frame)
 .eh_frame      0x0000000000023748       0x3c /usr/lib/gcc/i686-linux-gnu/7/../../../i386-linux-gnu/crti.o
                                         0x40 (size before relaxing)
 .eh_frame      0x0000000000023784       0x14 /usr/lib/gcc/i686-linux-gnu/7/../../../i386-linux-gnu/crti.o
                                         0x2c (size before relaxing)
 .eh_frame      0x0000000000023798       0x24 sensor-node.o
                                         0x50 (size before relaxing)
 .eh_frame      0x00000000000237bc      0x1ac build/cooja/mtype120.o
                                        0x1ec (size before relaxing)
 .eh_frame      0x0000000000023968       0x64 build/cooja/obj/virtual-sensor.o
                                         0xa4 (size before relaxing)
 .eh_frame      0x00000000000239cc       0x48 build/cooja/mtype120.a(simEnvChange.o)
                                         0x74 (size before relaxing)
 .eh_frame      0x0000000000023a14       0x6c build/cooja/mtype120.a(cooja_mt.o)
                                         0x98 (size before relaxing)
 .eh_frame      0x0000000000023a80       0x88 build/cooja/mtype120.a(cooja_mtarch.o)
                                         0xc8 (size before relaxing)
 .eh_frame      0x0000000000023b08       0xe4 build/cooja/mtype120.a(rtimer-arch.o)
                                        0x110 (size before relaxing)
 .eh_frame      0x0000000000023bec      0x160 build/cooja/mtype120.a(beep.o)
                                        0x18c (size before relaxing)
 .eh_frame      0x0000000000023d4c       0x88 build/cooja/mtype120.a(leds-arch.o)
                                         0xc8 (size before relaxing)
 .eh_frame      0x0000000000023dd4       0x44 build/cooja/mtype120.a(moteid.o)
                                         0x70 (size before relaxing)
 .eh_frame      0x0000000000023e18       0xa4 build/cooja/mtype120.a(pir-sensor.o)
                                         0xe4 (size before relaxing)
 .eh_frame      0x0000000000023ebc      0x110 build/cooja/mtype120.a(rs232.o)
                                        0x150 (size before relaxing)
 .eh_frame      0x0000000000023fcc       0xa4 build/cooja/mtype120.a(vib-sensor.o)
                                         0xe4 (size before relaxing)
 .eh_frame      0x0000000000024070       0xc0 build/cooja/mtype120.a(clock.o)
                                         0xec (size before relaxing)
 .eh_frame      0x0000000000024130      0x130 build/cooja/mtype120.a(cooja-log.o)
                                        0x170 (size before relaxing)
 .eh_frame      0x0000000000024260      0x16c build/cooja/mtype120.a(cfs-cooja.o)
                                        0x1ac (size before relaxing)
 .eh_frame      0x00000000000243cc      0x354 build/cooja/mtype120.a(cooja-radio.o)
                                        0x394 (size before relaxing)
 .eh_frame      0x0000000000024720       0xa8 build/cooja/mtype120.a(eeprom.o)
                                         0xe8 (size before relaxing)
 .eh_frame      0x00000000000247c8       0x48 build/cooja/mtype120.a(random.o)
                                         0x74 (size before relaxing)
 .eh_frame      0x0000000000024810       0xd0 build/cooja/mtype120.a(sensors.o)
                                        0x110 (size before relaxing)
 .eh_frame      0x00000000000248e0      0x140 build/cooja/mtype120.a(leds.o)
                                        0x180 (size before relaxing)
 .eh_frame      0x0000000000024a20      0x228 build/cooja/mtype120.a(gpio-hal-arch.o)
                                        0x27c (size before relaxing)
 .eh_frame      0x0000000000024c48       0xa4 build/cooja/mtype120.a(buttons.o)
                                         0xe4 (size before relaxing)
 .eh_frame      0x0000000000024cec       0x38 build/cooja/mtype120.a(contiki-main.o)
                                         0x64 (size before relaxing)
 .eh_frame      0x0000000000024d24       0x48 build/cooja/mtype120.a(autostart.o)
                                         0x74 (size before relaxing)
 .eh_frame      0x0000000000024d6c      0x11c build/cooja/mtype120.a(ctimer.o)
                                        0x15c (size before relaxing)
 .eh_frame      0x0000000000024e88      0x144 build/cooja/mtype120.a(log.o)
                                        0x184 (size before relaxing)
 .eh_frame      0x0000000000024fcc       0x60 build/cooja/mtype120.a(energest.o)
                                         0x8c (size before relaxing)
 .eh_frame      0x000000000002502c      0x204 build/cooja/mtype120.a(etimer.o)
                                        0x244 (size before relaxing)
 .eh_frame      0x0000000000025230       0x20 build/cooja/mtype120.a(node-id.o)
                                         0x4c (size before relaxing)
 .eh_frame      0x0000000000025250      0x1ec build/cooja/mtype120.a(process.o)
                                        0x22c (size before relaxing)
 .eh_frame      0x000000000002543c       0x6c build/cooja/mtype120.a(rtimer.o)
                                         0xc0 (size before relaxing)
 .eh_frame      0x00000000000254a8       0xb4 build/cooja/mtype120.a(timer.o)
                                         0xe0 (size before relaxing)
 .eh_frame      0x000000000002555c      0x1a0 build/cooja/mtype120.a(list.o)
                                        0x1cc (size before relaxing)
 .eh_frame      0x00000000000256fc      0x188 build/cooja/mtype120.a(button-hal.o)
                                        0x1c8 (size before relaxing)
 .eh_frame      0x0000000000025884       0x6c build/cooja/mtype120.a(serial-line.o)
                                         0x98 (size before relaxing)
 .eh_frame      0x00000000000258f0       0xfc build/cooja/mtype120.a(gpio-hal.o)
                                        0x13c (size before relaxing)
 .eh_frame      0x00000000000259ec      0x1c0 build/cooja/mtype120.a(queuebuf.o)
                                        0x200 (size before relaxing)
 .eh_frame      0x0000000000025bac      0x2b0 build/cooja/mtype120.a(packetbuf.o)
                                        0x2f0 (size before relaxing)
 .eh_frame      0x0000000000025e5c       0x90 build/cooja/mtype120.a(netstack.o)
                                         0xd0 (size before relaxing)
 .eh_frame      0x0000000000025eec       0x64 build/cooja/mtype120.a(linkaddr.o)
                                         0x90 (size before relaxing)
 .eh_frame      0x0000000000025f50       0xf0 build/cooja/mtype120.a(csma.o)
                                        0x130 (size before relaxing)
 .eh_frame      0x0000000000026040      0x1f8 build/cooja/mtype120.a(csma-output.o)
                                        0x238 (size before relaxing)
 .eh_frame      0x0000000000026238      0x364 build/cooja/mtype120.a(uip-ds6.o)
                                        0x3a4 (size before relaxing)
 .eh_frame      0x000000000002659c      0x270 build/cooja/mtype120.a(tcpip.o)
                                        0x2b0 (size before relaxing)
 .eh_frame      0x000000000002680c      0x260 build/cooja/mtype120.a(uip-ds6-route.o)
                                        0x2a0 (size before relaxing)
 .eh_frame      0x0000000000026a6c      0x1e8 build/cooja/mtype120.a(uip-ds6-nbr.o)
                                        0x228 (size before relaxing)
 .eh_frame      0x0000000000026c54      0x20c build/cooja/mtype120.a(uip6.o)
                                        0x24c (size before relaxing)
 .eh_frame      0x0000000000026e60       0x8c build/cooja/mtype120.a(uip-nd6.o)
                                         0xe0 (size before relaxing)
 .eh_frame      0x0000000000026eec       0xe8 build/cooja/mtype120.a(simple-udp.o)
                                        0x128 (size before relaxing)
 .eh_frame      0x0000000000026fd4      0x354 build/cooja/mtype120.a(sicslowpan.o)
                                        0x3a8 (size before relaxing)
 .eh_frame      0x0000000000027328       0x9c build/cooja/mtype120.a(uiplib.o)
                                         0xdc (size before relaxing)
 .eh_frame      0x00000000000273c4      0x1fc build/cooja/mtype120.a(rpl.o)
                                        0x23c (size before relaxing)
 .eh_frame      0x00000000000275c0      0x1f0 build/cooja/mtype120.a(rpl-icmp6.o)
                                        0x230 (size before relaxing)
 .eh_frame      0x00000000000277b0      0x3c0 build/cooja/mtype120.a(rpl-dag.o)
                                        0x414 (size before relaxing)
 .eh_frame      0x0000000000027b70       0xb0 build/cooja/mtype120.a(rpl-dag-root.o)
                                         0xf0 (size before relaxing)
 .eh_frame      0x0000000000027c20       0xa4 build/cooja/mtype120.a(watchdog.o)
                                         0xd0 (size before relaxing)
 .eh_frame      0x0000000000027cc4       0x80 build/cooja/mtype120.a(int-master.o)
                                         0xac (size before relaxing)
 .eh_frame      0x0000000000027d44       0xd8 build/cooja/mtype120.a(stimer.o)
                                        0x104 (size before relaxing)
 .eh_frame      0x0000000000027e1c       0xa4 build/cooja/mtype120.a(memb.o)
                                         0xe4 (size before relaxing)
 .eh_frame      0x0000000000027ec0       0x24 build/cooja/mtype120.a(assert.o)
                                         0x50 (size before relaxing)
 .eh_frame      0x0000000000027ee4       0xa0 build/cooja/mtype120.a(ringbuf.o)
                                         0xcc (size before relaxing)
 .eh_frame      0x0000000000027f84      0x428 build/cooja/mtype120.a(nbr-table.o)
                                        0x468 (size before relaxing)
 .eh_frame      0x00000000000283ac      0x140 build/cooja/mtype120.a(link-stats.o)
                                        0x180 (size before relaxing)
 .eh_frame      0x00000000000284ec       0x50 build/cooja/mtype120.a(mac-sequence.o)
                                         0x7c (size before relaxing)
 .eh_frame      0x000000000002853c       0x20 build/cooja/mtype120.a(mac.o)
                                         0x4c (size before relaxing)
 .eh_frame      0x000000000002855c       0xb4 build/cooja/mtype120.a(framer-802154.o)
                                         0xf4 (size before relaxing)
 .eh_frame      0x0000000000028610      0x1b0 build/cooja/mtype120.a(frame802154.o)
                                        0x1f0 (size before relaxing)
 .eh_frame      0x00000000000287c0       0x44 build/cooja/mtype120.a(csma-security.o)
                                         0x84 (size before relaxing)
 .eh_frame      0x0000000000028804      0x204 build/cooja/mtype120.a(uipbuf.o)
                                        0x230 (size before relaxing)
 .eh_frame      0x0000000000028a08      0x170 build/cooja/mtype120.a(uip-icmp6.o)
                                        0x1b0 (size before relaxing)
 .eh_frame      0x0000000000028b78      0x1ac build/cooja/mtype120.a(uip-sr.o)
                                        0x1ec (size before relaxing)
 .eh_frame      0x0000000000028d24       0xec build/cooja/mtype120.a(uip-packetqueue)
                                        0x12c (size before relaxing)
 .eh_frame      0x0000000000028e10       0x44 build/cooja/mtype120.a(uip-udp-packet.)
                                         0x84 (size before relaxing)
 .eh_frame      0x0000000000028e54       0x48 build/cooja/mtype120.a(rpl-nbr-policy.)
                                         0x88 (size before relaxing)
 .eh_frame      0x0000000000028e9c      0x2ec build/cooja/mtype120.a(rpl-neighbor.o)
                                        0x340 (size before relaxing)
 .eh_frame      0x0000000000029188      0x418 build/cooja/mtype120.a(rpl-timers.o)
                                        0x458 (size before relaxing)
 .eh_frame      0x00000000000295a0      0x144 build/cooja/mtype120.a(rpl-ext-header.)
                                        0x184 (size before relaxing)
 .eh_frame      0x00000000000296e4      0x150 build/cooja/mtype120.a(rpl-mrhof.o)
                                        0x190 (size before relaxing)
 .eh_frame      0x0000000000029834       0x1c /usr/lib/i386-linux-gnu/libc_nonshared.a(stack_chk_fail_local.oS)
                                         0x48 (size before relaxing)
 .eh_frame      0x0000000000029850        0x4 /usr/lib/gcc/i686-linux-gnu/7/crtendS.o
 *(.eh_frame.*)

.gcc_except_table
 *(.gcc_except_table .gcc_except_table.*)

.gnu_extab
 *(.gnu_extab*)

.exception_ranges
 *(.exception_ranges .exception_ranges*)
                0x000000000002ac18                . = DATA_SEGMENT_ALIGN (CONSTANT (MAXPAGESIZE), CONSTANT (COMMONPAGESIZE))

.eh_frame
 *(.eh_frame)
 *(.eh_frame.*)

.gnu_extab
 *(.gnu_extab)

.gcc_except_table
 *(.gcc_except_table .gcc_except_table.*)

.exception_ranges
 *(.exception_ranges .exception_ranges*)

.tdata
 *(.tdata .tdata.* .gnu.linkonce.td.*)

.tbss
 *(.tbss .tbss.* .gnu.linkonce.tb.*)
 *(.tcommon)

.preinit_array
 *(.preinit_array)

.init_array     0x000000000002ac18        0x4
 *(SORT_BY_INIT_PRIORITY(.init_array.*) SORT_BY_INIT_PRIORITY(.ctors.*))
 *(.init_array EXCLUDE_FILE(*crtend?.o *crtend.o *crtbegin?.o *crtbegin.o) .ctors)
 .init_array    0x000000000002ac18        0x4 /usr/lib/gcc/i686-linux-gnu/7/crtbeginS.o

.fini_array     0x000000000002ac1c        0x4
 *(SORT_BY_INIT_PRIORITY(.fini_array.*) SORT_BY_INIT_PRIORITY(.dtors.*))
 *(.fini_array EXCLUDE_FILE(*crtend?.o *crtend.o *crtbegin?.o *crtbegin.o) .dtors)
 .fini_array    0x000000000002ac1c        0x4 /usr/lib/gcc/i686-linux-gnu/7/crtbeginS.o

.ctors
 *crtbegin.o(.ctors)
 *crtbegin?.o(.ctors)
 *(EXCLUDE_FILE(*crtend?.o *crtend.o) .ctors)
 *(SORT_BY_NAME(.ctors.*))
 *(.ctors)

.dtors
 *crtbegin.o(.dtors)
 *crtbegin?.o(.dtors)
 *(EXCLUDE_FILE(*crtend?.o *crtend.o) .dtors)
 *(SORT_BY_NAME(.dtors.*))
 *(.dtors)

.jcr
 *(.jcr)

.data.rel.ro    0x000000000002ac20      0x198
 *(.data.rel.ro.local* .gnu.linkonce.d.rel.ro.local.*)
 .data.rel.ro.local
                0x000000000002ac20        0x8 sensor-node.o
                0x000000000002ac20                autostart_processes
 .data.rel.ro.local
                0x000000000002ac28        0x8 build/cooja/mtype120.a(beep.o)
                0x000000000002ac28                beep_interface
 .data.rel.ro.local
                0x000000000002ac30        0x8 build/cooja/mtype120.a(leds-arch.o)
                0x000000000002ac30                leds_interface
 .data.rel.ro.local
                0x000000000002ac38        0x8 build/cooja/mtype120.a(moteid.o)
                0x000000000002ac38                moteid_interface
 .data.rel.ro.local
                0x000000000002ac40       0x18 build/cooja/mtype120.a(pir-sensor.o)
                0x000000000002ac40                pir_interface
                0x000000000002ac48                pir_sensor
 .data.rel.ro.local
                0x000000000002ac58        0x8 build/cooja/mtype120.a(rs232.o)
                0x000000000002ac58                rs232_interface
 .data.rel.ro.local
                0x000000000002ac60       0x18 build/cooja/mtype120.a(vib-sensor.o)
                0x000000000002ac60                vib_interface
                0x000000000002ac68                vib_sensor
 .data.rel.ro.local
                0x000000000002ac78        0x8 build/cooja/mtype120.a(clock.o)
                0x000000000002ac78                clock_interface
 .data.rel.ro.local
                0x000000000002ac80        0x8 build/cooja/mtype120.a(cooja-log.o)
                0x000000000002ac80                simlog_interface
 .data.rel.ro.local
                0x000000000002ac88        0x8 build/cooja/mtype120.a(cfs-cooja.o)
                0x000000000002ac88                cfs_interface
 *fill*         0x000000000002ac90       0x10 
 .data.rel.ro.local
                0x000000000002aca0       0x58 build/cooja/mtype120.a(cooja-radio.o)
                0x000000000002aca0                radio_interface
                0x000000000002acc0                cooja_radio_driver
 .data.rel.ro.local
                0x000000000002acf8        0x8 build/cooja/mtype120.a(eeprom.o)
                0x000000000002acf8                eeprom_interface
 .data.rel.ro.local
                0x000000000002ad00       0x18 build/cooja/mtype120.a(buttons.o)
                0x000000000002ad00                button_interface
                0x000000000002ad08                button_sensor
 .data.rel.ro.local
                0x000000000002ad18       0x1c build/cooja/mtype120.a(csma.o)
                0x000000000002ad18                csma_driver
 .data.rel.ro.local
                0x000000000002ad34       0x10 build/cooja/mtype120.a(sicslowpan.o)
                0x000000000002ad34                sicslowpan_driver
 .data.rel.ro.local
                0x000000000002ad44        0xc build/cooja/mtype120.a(framer-802154.o)
                0x000000000002ad44                framer_802154
 *(.data.rel.ro .data.rel.ro.* .gnu.linkonce.d.rel.ro.*)
 .data.rel.ro   0x000000000002ad50        0x0 /usr/lib/gcc/i686-linux-gnu/7/../../../i386-linux-gnu/crti.o
 *fill*         0x000000000002ad50       0x10 
 .data.rel.ro   0x000000000002ad60       0x54 build/cooja/mtype120.a(rpl.o)
                0x000000000002ad60                rpl_lite_driver
 .data.rel.ro   0x000000000002adb4        0x4 build/cooja/mtype120.a(rpl-dag.o)

.dynamic        0x000000000002adb8       0xf0
 *(.dynamic)
 .dynamic       0x000000000002adb8       0xf0 /usr/lib/gcc/i686-linux-gnu/7/../../../i386-linux-gnu/crti.o
                0x000000000002adb8                _DYNAMIC

.got            0x000000000002aea8      0x148
 *(.got)
 .got           0x000000000002aea8      0x148 /usr/lib/gcc/i686-linux-gnu/7/../../../i386-linux-gnu/crti.o
 *(.igot)
                0x000000000002aff4                . = DATA_SEGMENT_RELRO_END (., (SIZEOF (.got.plt) >= 0xc)?0xc:0x0)

.got.plt        0x000000000002b000      0x4b4
 *(.got.plt)
 .got.plt       0x000000000002b000      0x4b4 /usr/lib/gcc/i686-linux-gnu/7/../../../i386-linux-gnu/crti.o
                0x000000000002b000                _GLOBAL_OFFSET_TABLE_
 *(.igot.plt)

.data           0x000000000002b4c0      0x384
 *(.data .data.* .gnu.linkonce.d.*)
 .data          0x000000000002b4c0        0x0 /usr/lib/gcc/i686-linux-gnu/7/../../../i386-linux-gnu/crti.o
 .data          0x000000000002b4c0        0x0 /usr/lib/gcc/i686-linux-gnu/7/crtbeginS.o
 .data.rel.local
                0x000000000002b4c0        0x4 /usr/lib/gcc/i686-linux-gnu/7/crtbeginS.o
                0x000000000002b4c0                __dso_handle
 .data          0x000000000002b4c4        0x0 sensor-node.o
 .data.rel.local
                0x000000000002b4c4       0x10 sensor-node.o
                0x000000000002b4c4                sensor_node
 .data          0x000000000002b4d4        0x0 build/cooja/mtype120.o
 *fill*         0x000000000002b4d4        0xc 
 .data.rel      0x000000000002b4e0       0x44 build/cooja/mtype120.o
                0x000000000002b4e0                simInterfaces
                0x000000000002b514                sensors
 .data          0x000000000002b524        0x0 build/cooja/obj/virtual-sensor.o
 .data          0x000000000002b524        0x0 build/cooja/mtype120.a(simEnvChange.o)
 .data          0x000000000002b524        0x0 build/cooja/mtype120.a(cooja_mt.o)
 .data          0x000000000002b524        0x0 build/cooja/mtype120.a(cooja_mtarch.o)
 .data          0x000000000002b524        0x0 build/cooja/mtype120.a(rtimer-arch.o)
 .data          0x000000000002b524        0x0 build/cooja/mtype120.a(beep.o)
 .data          0x000000000002b524        0x0 build/cooja/mtype120.a(leds-arch.o)
 .data          0x000000000002b524        0x0 build/cooja/mtype120.a(moteid.o)
 .data          0x000000000002b524        0x0 build/cooja/mtype120.a(pir-sensor.o)
 .data          0x000000000002b524        0x0 build/cooja/mtype120.a(rs232.o)
 .data          0x000000000002b524        0x0 build/cooja/mtype120.a(vib-sensor.o)
 .data          0x000000000002b524        0x0 build/cooja/mtype120.a(clock.o)
 .data          0x000000000002b524        0x0 build/cooja/mtype120.a(cooja-log.o)
 .data          0x000000000002b524        0x0 build/cooja/mtype120.a(cfs-cooja.o)
 .data          0x000000000002b524       0x1c build/cooja/mtype120.a(cooja-radio.o)
                0x000000000002b524                simRadioHWOn
                0x000000000002b528                simSignalStrength
                0x000000000002b52c                simLastSignalStrength
                0x000000000002b530                simPower
                0x000000000002b534                simRadioChannel
                0x000000000002b538                simLQI
 .data.rel.local
                0x000000000002b540       0x10 build/cooja/mtype120.a(cooja-radio.o)
                0x000000000002b540                cooja_radio_process
 .data          0x000000000002b550        0x0 build/cooja/mtype120.a(eeprom.o)
 .data          0x000000000002b550        0x0 build/cooja/mtype120.a(random.o)
 .data          0x000000000002b550        0x0 build/cooja/mtype120.a(sensors.o)
 .data.rel.local
                0x000000000002b550       0x10 build/cooja/mtype120.a(sensors.o)
                0x000000000002b550                sensors_process
 .data          0x000000000002b560        0x0 build/cooja/mtype120.a(leds.o)
 .data          0x000000000002b560        0x0 build/cooja/mtype120.a(gpio-hal-arch.o)
 .data          0x000000000002b560        0x1 build/cooja/mtype120.a(buttons.o)
                0x000000000002b560                simButtonIsActive
 *fill*         0x000000000002b561       0x1f 
 .data.rel.local
                0x000000000002b580       0x58 build/cooja/mtype120.a(buttons.o)
                0x000000000002b5d0                button_hal_buttons
 .data          0x000000000002b5d8        0x0 build/cooja/mtype120.a(contiki-main.o)
 .data          0x000000000002b5d8        0x0 build/cooja/mtype120.a(autostart.o)
 .data          0x000000000002b5d8        0x0 build/cooja/mtype120.a(ctimer.o)
 .data.rel.local
                0x000000000002b5d8       0x14 build/cooja/mtype120.a(ctimer.o)
                0x000000000002b5dc                ctimer_process
 .data          0x000000000002b5ec        0x4 build/cooja/mtype120.a(log.o)
                0x000000000002b5ec                curr_log_level_main
 *fill*         0x000000000002b5f0       0x10 
 .data.rel.local
                0x000000000002b600       0x9c build/cooja/mtype120.a(log.o)
                0x000000000002b600                all_modules
 .data          0x000000000002b69c        0x0 build/cooja/mtype120.a(energest.o)
 .data          0x000000000002b69c        0x0 build/cooja/mtype120.a(etimer.o)
 .data.rel.local
                0x000000000002b69c       0x10 build/cooja/mtype120.a(etimer.o)
                0x000000000002b69c                etimer_process
 .data          0x000000000002b6ac        0x0 build/cooja/mtype120.a(node-id.o)
 .data          0x000000000002b6ac        0x0 build/cooja/mtype120.a(process.o)
 .data          0x000000000002b6ac        0x0 build/cooja/mtype120.a(rtimer.o)
 .data          0x000000000002b6ac        0x0 build/cooja/mtype120.a(timer.o)
 .data          0x000000000002b6ac        0x0 build/cooja/mtype120.a(list.o)
 .data          0x000000000002b6ac        0x0 build/cooja/mtype120.a(button-hal.o)
 .data.rel.local
                0x000000000002b6ac       0x10 build/cooja/mtype120.a(button-hal.o)
                0x000000000002b6ac                button_hal_process
 .data          0x000000000002b6bc        0x0 build/cooja/mtype120.a(serial-line.o)
 .data.rel.local
                0x000000000002b6bc       0x10 build/cooja/mtype120.a(serial-line.o)
                0x000000000002b6bc                serial_line_process
 .data          0x000000000002b6cc        0x0 build/cooja/mtype120.a(gpio-hal.o)
 .data.rel.local
                0x000000000002b6cc        0x4 build/cooja/mtype120.a(gpio-hal.o)
 .data          0x000000000002b6d0        0x0 build/cooja/mtype120.a(queuebuf.o)
 .data.rel.local
                0x000000000002b6d0       0x18 build/cooja/mtype120.a(queuebuf.o)
 .data          0x000000000002b6e8        0x0 build/cooja/mtype120.a(packetbuf.o)
 .data.rel.local
                0x000000000002b6e8        0x4 build/cooja/mtype120.a(packetbuf.o)
 .data          0x000000000002b6ec        0x0 build/cooja/mtype120.a(netstack.o)
 .data.rel.local
                0x000000000002b6ec        0x4 build/cooja/mtype120.a(netstack.o)
 .data          0x000000000002b6f0        0x0 build/cooja/mtype120.a(linkaddr.o)
 .data          0x000000000002b6f0        0x0 build/cooja/mtype120.a(csma.o)
 .data          0x000000000002b6f0        0x0 build/cooja/mtype120.a(csma-output.o)
 .data.rel.local
                0x000000000002b6f0       0x28 build/cooja/mtype120.a(csma-output.o)
 .data          0x000000000002b718        0x0 build/cooja/mtype120.a(uip-ds6.o)
 .data          0x000000000002b718        0x0 build/cooja/mtype120.a(tcpip.o)
 .data.rel.local
                0x000000000002b718       0x10 build/cooja/mtype120.a(tcpip.o)
                0x000000000002b718                tcpip_process
 .data          0x000000000002b728        0x0 build/cooja/mtype120.a(uip-ds6-route.o)
 .data.rel.local
                0x000000000002b728       0x10 build/cooja/mtype120.a(uip-ds6-route.o)
 .data          0x000000000002b738        0x0 build/cooja/mtype120.a(uip-ds6-nbr.o)
 .data.rel.local
                0x000000000002b738       0x14 build/cooja/mtype120.a(uip-ds6-nbr.o)
 .data          0x000000000002b74c        0x0 build/cooja/mtype120.a(uip6.o)
 .data          0x000000000002b74c        0x0 build/cooja/mtype120.a(uip-nd6.o)
 .data.rel.local
                0x000000000002b74c        0xc build/cooja/mtype120.a(uip-nd6.o)
 .data          0x000000000002b758        0x0 build/cooja/mtype120.a(simple-udp.o)
 .data.rel.local
                0x000000000002b758       0x10 build/cooja/mtype120.a(simple-udp.o)
                0x000000000002b758                simple_udp_process
 .data          0x000000000002b768        0x0 build/cooja/mtype120.a(sicslowpan.o)
 .data          0x000000000002b768        0x0 build/cooja/mtype120.a(uiplib.o)
 .data          0x000000000002b768        0x0 build/cooja/mtype120.a(rpl.o)
 .data          0x000000000002b768        0x0 build/cooja/mtype120.a(rpl-icmp6.o)
 .data.rel.local
                0x000000000002b768       0x30 build/cooja/mtype120.a(rpl-icmp6.o)
 .data          0x000000000002b798        0x0 build/cooja/mtype120.a(rpl-dag.o)
 .data          0x000000000002b798        0x0 build/cooja/mtype120.a(rpl-dag-root.o)
 .data          0x000000000002b798        0x0 build/cooja/mtype120.a(watchdog.o)
 .data          0x000000000002b798        0x0 build/cooja/mtype120.a(int-master.o)
 .data          0x000000000002b798        0x0 build/cooja/mtype120.a(stimer.o)
 .data          0x000000000002b798        0x0 build/cooja/mtype120.a(memb.o)
 .data          0x000000000002b798        0x0 build/cooja/mtype120.a(assert.o)
 .data          0x000000000002b798        0x0 build/cooja/mtype120.a(ringbuf.o)
 .data          0x000000000002b798        0x0 build/cooja/mtype120.a(nbr-table.o)
 .data.rel.local
                0x000000000002b798       0x10 build/cooja/mtype120.a(nbr-table.o)
 .data          0x000000000002b7a8        0x0 build/cooja/mtype120.a(link-stats.o)
 .data.rel.local
                0x000000000002b7a8       0x14 build/cooja/mtype120.a(link-stats.o)
 .data          0x000000000002b7bc        0x0 build/cooja/mtype120.a(mac-sequence.o)
 .data          0x000000000002b7bc        0x0 build/cooja/mtype120.a(mac.o)
 .data          0x000000000002b7bc        0x0 build/cooja/mtype120.a(framer-802154.o)
 .data          0x000000000002b7bc        0x2 build/cooja/mtype120.a(frame802154.o)
 .data          0x000000000002b7be        0x0 build/cooja/mtype120.a(csma-security.o)
 .data          0x000000000002b7be        0x0 build/cooja/mtype120.a(uipbuf.o)
 .data          0x000000000002b7be        0x0 build/cooja/mtype120.a(uip-icmp6.o)
 *fill*         0x000000000002b7be        0x2 
 .data.rel.local
                0x000000000002b7c0       0x20 build/cooja/mtype120.a(uip-icmp6.o)
 .data          0x000000000002b7e0        0x0 build/cooja/mtype120.a(uip-sr.o)
 .data.rel.local
                0x000000000002b7e0       0x10 build/cooja/mtype120.a(uip-sr.o)
 .data          0x000000000002b7f0        0x0 build/cooja/mtype120.a(uip-packetqueue)
 .data.rel.local
                0x000000000002b7f0        0xc build/cooja/mtype120.a(uip-packetqueue)
 .data          0x000000000002b7fc        0x0 build/cooja/mtype120.a(uip-udp-packet.)
 .data          0x000000000002b7fc        0x0 build/cooja/mtype120.a(rpl-nbr-policy.)
 .data          0x000000000002b7fc        0x0 build/cooja/mtype120.a(rpl-neighbor.o)
 .data.rel.local
                0x000000000002b7fc       0x14 build/cooja/mtype120.a(rpl-neighbor.o)
                0x000000000002b80c                rpl_neighbors
 .data          0x000000000002b810        0x0 build/cooja/mtype120.a(rpl-timers.o)
 .data          0x000000000002b810        0x0 build/cooja/mtype120.a(rpl-ext-header.)
 .data          0x000000000002b810        0x0 build/cooja/mtype120.a(rpl-mrhof.o)
 *fill*         0x000000000002b810       0x10 
 .data.rel.local
                0x000000000002b820       0x24 build/cooja/mtype120.a(rpl-mrhof.o)
                0x000000000002b820                rpl_mrhof
 .data          0x000000000002b844        0x0 /usr/lib/i386-linux-gnu/libc_nonshared.a(stack_chk_fail_local.oS)
 .data          0x000000000002b844        0x0 /usr/lib/gcc/i686-linux-gnu/7/crtendS.o
 .data          0x000000000002b844        0x0 /usr/lib/gcc/i686-linux-gnu/7/../../../i386-linux-gnu/crtn.o

.tm_clone_table
                0x000000000002b844        0x0
 .tm_clone_table
                0x000000000002b844        0x0 /usr/lib/gcc/i686-linux-gnu/7/crtbeginS.o
 .tm_clone_table
                0x000000000002b844        0x0 /usr/lib/gcc/i686-linux-gnu/7/crtendS.o

.data1
 *(.data1)
                0x000000000002b844                _edata = .
                [!provide]                        PROVIDE (edata = .)
                0x000000000002b844                . = .
                0x000000000002b844                __bss_start = .

.bss            0x000000000002b860    0x13d20
 *(.dynbss)
 .dynbss        0x000000000002b860        0x0 /usr/lib/gcc/i686-linux-gnu/7/../../../i386-linux-gnu/crti.o
 *(.bss .bss.* .gnu.linkonce.b.*)
 .bss           0x000000000002b860        0x0 /usr/lib/gcc/i686-linux-gnu/7/../../../i386-linux-gnu/crti.o
 .bss           0x000000000002b860        0x1 /usr/lib/gcc/i686-linux-gnu/7/crtbeginS.o
 *fill*         0x000000000002b861       0x1f 
 .bss           0x000000000002b880       0x60 sensor-node.o
 .bss           0x000000000002b8e0     0x2040 build/cooja/mtype120.o
 .bss           0x000000000002d920        0x0 build/cooja/obj/virtual-sensor.o
 .bss           0x000000000002d920        0x1 build/cooja/mtype120.a(simEnvChange.o)
                0x000000000002d920                simDontFallAsleep
 *fill*         0x000000000002d921        0x3 
 .bss           0x000000000002d924        0x4 build/cooja/mtype120.a(cooja_mt.o)
 .bss           0x000000000002d928        0x4 build/cooja/mtype120.a(cooja_mtarch.o)
 .bss           0x000000000002d92c        0x0 build/cooja/mtype120.a(rtimer-arch.o)
 .bss           0x000000000002d92c        0x0 build/cooja/mtype120.a(beep.o)
 .bss           0x000000000002d92c        0x1 build/cooja/mtype120.a(leds-arch.o)
                0x000000000002d92c                simLedsValue
 .bss           0x000000000002d92d        0x0 build/cooja/mtype120.a(moteid.o)
 .bss           0x000000000002d92d        0x1 build/cooja/mtype120.a(pir-sensor.o)
                0x000000000002d92d                simPirValue
 *fill*         0x000000000002d92e        0x2 
 .bss           0x000000000002d930        0x4 build/cooja/mtype120.a(rs232.o)
 .bss           0x000000000002d934        0x1 build/cooja/mtype120.a(vib-sensor.o)
                0x000000000002d934                simVibValue
 .bss           0x000000000002d935        0x0 build/cooja/mtype120.a(clock.o)
 *fill*         0x000000000002d935        0xb 
 .bss           0x000000000002d940     0x2020 build/cooja/mtype120.a(cooja-log.o)
 .bss           0x000000000002f960      0xfc0 build/cooja/mtype120.a(cfs-cooja.o)
                0x000000000002f960                simCFSData
                0x0000000000030900                simCFSSize
                0x0000000000030904                simCFSChanged
                0x0000000000030908                simCFSRead
                0x000000000003090c                simCFSWritten
 .bss           0x0000000000030920       0x24 build/cooja/mtype120.a(cooja-radio.o)
                0x0000000000030920                simReceiving
                0x0000000000030924                simInSize
                0x0000000000030928                simLastPacketTimestamp
                0x0000000000030930                simOutSize
 .bss           0x0000000000030944        0xc build/cooja/mtype120.a(eeprom.o)
                0x0000000000030944                simEEPROMChanged
                0x0000000000030948                simEEPROMRead
                0x000000000003094c                simEEPROMWritten
 .bss           0x0000000000030950        0x0 build/cooja/mtype120.a(random.o)
 .bss           0x0000000000030950        0xc build/cooja/mtype120.a(sensors.o)
 .bss           0x000000000003095c        0x0 build/cooja/mtype120.a(leds.o)
 .bss           0x000000000003095c       0x24 build/cooja/mtype120.a(gpio-hal-arch.o)
 .bss           0x0000000000030980        0x0 build/cooja/mtype120.a(buttons.o)
 .bss           0x0000000000030980        0x0 build/cooja/mtype120.a(contiki-main.o)
 .bss           0x0000000000030980        0x0 build/cooja/mtype120.a(autostart.o)
 .bss           0x0000000000030980        0x5 build/cooja/mtype120.a(ctimer.o)
 *fill*         0x0000000000030985        0x3 
 .bss           0x0000000000030988       0x2c build/cooja/mtype120.a(log.o)
                0x0000000000030988                curr_log_level_rpl
                0x000000000003098c                curr_log_level_tcpip
                0x0000000000030990                curr_log_level_ipv6
                0x0000000000030994                curr_log_level_6lowpan
                0x0000000000030998                curr_log_level_nullnet
                0x000000000003099c                curr_log_level_mac
                0x00000000000309a0                curr_log_level_framer
                0x00000000000309a4                curr_log_level_6top
                0x00000000000309a8                curr_log_level_coap
                0x00000000000309ac                curr_log_level_snmp
                0x00000000000309b0                curr_log_level_lwm2m
 .bss           0x00000000000309b4        0x0 build/cooja/mtype120.a(energest.o)
 .bss           0x00000000000309b4        0x8 build/cooja/mtype120.a(etimer.o)
 .bss           0x00000000000309bc        0x2 build/cooja/mtype120.a(node-id.o)
                0x00000000000309bc                node_id
 *fill*         0x00000000000309be        0x2 
 .bss           0x00000000000309c0      0x1a1 build/cooja/mtype120.a(process.o)
                0x00000000000309c0                process_list
                0x00000000000309c4                process_current
 *fill*         0x0000000000030b61        0x3 
 .bss           0x0000000000030b64        0x4 build/cooja/mtype120.a(rtimer.o)
 .bss           0x0000000000030b68        0x0 build/cooja/mtype120.a(timer.o)
 .bss           0x0000000000030b68        0x0 build/cooja/mtype120.a(list.o)
 .bss           0x0000000000030b68       0x10 build/cooja/mtype120.a(button-hal.o)
 *fill*         0x0000000000030b78        0x8 
 .bss           0x0000000000030b80      0x140 build/cooja/mtype120.a(serial-line.o)
 .bss           0x0000000000030cc0        0x4 build/cooja/mtype120.a(gpio-hal.o)
 *fill*         0x0000000000030cc4       0x1c 
 .bss           0x0000000000030ce0     0x2c80 build/cooja/mtype120.a(queuebuf.o)
 .bss           0x0000000000033960       0xa0 build/cooja/mtype120.a(packetbuf.o)
 .bss           0x0000000000033a00        0x4 build/cooja/mtype120.a(netstack.o)
 .bss           0x0000000000033a04        0x0 build/cooja/mtype120.a(linkaddr.o)
 .bss           0x0000000000033a04        0x0 build/cooja/mtype120.a(csma.o)
 *fill*         0x0000000000033a04       0x1c 
 .bss           0x0000000000033a20      0x726 build/cooja/mtype120.a(csma-output.o)
 *fill*         0x0000000000034146        0x2 
 .bss           0x0000000000034148       0x30 build/cooja/mtype120.a(uip-ds6.o)
 .bss           0x0000000000034178       0x10 build/cooja/mtype120.a(tcpip.o)
 *fill*         0x0000000000034188       0x18 
 .bss           0x00000000000341a0       0x60 build/cooja/mtype120.a(uip-ds6-route.o)
 .bss           0x0000000000034200     0x1c20 build/cooja/mtype120.a(uip-ds6-nbr.o)
 .bss           0x0000000000035e20        0x8 build/cooja/mtype120.a(uip6.o)
                0x0000000000035e20                uip_ext_bitmap
                0x0000000000035e22                uip_ext_len
                0x0000000000035e24                uip_last_proto
 .bss           0x0000000000035e28       0x10 build/cooja/mtype120.a(uip-nd6.o)
 *fill*         0x0000000000035e38        0x8 
 .bss           0x0000000000035e40      0x520 build/cooja/mtype120.a(simple-udp.o)
 .bss           0x0000000000036360      0x724 build/cooja/mtype120.a(sicslowpan.o)
 .bss           0x0000000000036a84        0x0 build/cooja/mtype120.a(uiplib.o)
 .bss           0x0000000000036a84        0x1 build/cooja/mtype120.a(rpl.o)
 .bss           0x0000000000036a85        0x0 build/cooja/mtype120.a(rpl-icmp6.o)
 .bss           0x0000000000036a85        0x0 build/cooja/mtype120.a(rpl-dag.o)
 *fill*         0x0000000000036a85        0x3 
 .bss           0x0000000000036a88       0x11 build/cooja/mtype120.a(rpl-dag-root.o)
 .bss           0x0000000000036a99        0x0 build/cooja/mtype120.a(watchdog.o)
 *fill*         0x0000000000036a99        0x3 
 .bss           0x0000000000036a9c        0x4 build/cooja/mtype120.a(int-master.o)
 .bss           0x0000000000036aa0        0x0 build/cooja/mtype120.a(stimer.o)
 .bss           0x0000000000036aa0        0x0 build/cooja/mtype120.a(memb.o)
 .bss           0x0000000000036aa0        0x0 build/cooja/mtype120.a(assert.o)
 .bss           0x0000000000036aa0        0x0 build/cooja/mtype120.a(ringbuf.o)
 .bss           0x0000000000036aa0     0x1214 build/cooja/mtype120.a(nbr-table.o)
 *fill*         0x0000000000037cb4        0xc 
 .bss           0x0000000000037cc0      0xe10 build/cooja/mtype120.a(link-stats.o)
 *fill*         0x0000000000038ad0       0x10 
 .bss           0x0000000000038ae0      0x100 build/cooja/mtype120.a(mac-sequence.o)
 .bss           0x0000000000038be0        0x0 build/cooja/mtype120.a(mac.o)
 .bss           0x0000000000038be0        0x2 build/cooja/mtype120.a(framer-802154.o)
 .bss           0x0000000000038be2        0x0 build/cooja/mtype120.a(frame802154.o)
 .bss           0x0000000000038be2        0x0 build/cooja/mtype120.a(csma-security.o)
 *fill*         0x0000000000038be2        0x2 
 .bss           0x0000000000038be4       0x20 build/cooja/mtype120.a(uipbuf.o)
 .bss           0x0000000000038c04       0x18 build/cooja/mtype120.a(uip-icmp6.o)
 *fill*         0x0000000000038c1c        0x4 
 .bss           0x0000000000038c20     0x1d80 build/cooja/mtype120.a(uip-sr.o)
 .bss           0x000000000003a9a0      0xa78 build/cooja/mtype120.a(uip-packetqueue)
 .bss           0x000000000003b418        0x0 build/cooja/mtype120.a(uip-udp-packet.)
 .bss           0x000000000003b418        0x0 build/cooja/mtype120.a(rpl-nbr-policy.)
 *fill*         0x000000000003b418        0x8 
 .bss           0x000000000003b420      0x960 build/cooja/mtype120.a(rpl-neighbor.o)
 .bss           0x000000000003bd80       0x40 build/cooja/mtype120.a(rpl-timers.o)
 .bss           0x000000000003bdc0        0x0 build/cooja/mtype120.a(rpl-ext-header.)
 .bss           0x000000000003bdc0        0x0 build/cooja/mtype120.a(rpl-mrhof.o)
 .bss           0x000000000003bdc0        0x0 /usr/lib/i386-linux-gnu/libc_nonshared.a(stack_chk_fail_local.oS)
 .bss           0x000000000003bdc0        0x0 /usr/lib/gcc/i686-linux-gnu/7/crtendS.o
 .bss           0x000000000003bdc0        0x0 /usr/lib/gcc/i686-linux-gnu/7/../../../i386-linux-gnu/crtn.o
 *(COMMON)
 COMMON         0x000000000003bdc0        0x8 build/cooja/mtype120.o
                0x000000000003bdc0                referenceVar
                0x000000000003bdc4                sensors_flags
 COMMON         0x000000000003bdc8        0xc build/cooja/mtype120.a(simEnvChange.o)
                0x000000000003bdc8                simEtimerPending
                0x000000000003bdcc                simProcessRunValue
                0x000000000003bdd0                simEtimerNextExpirationTime
 *fill*         0x000000000003bdd4        0x4 
 COMMON         0x000000000003bdd8       0x18 build/cooja/mtype120.a(rtimer-arch.o)
                0x000000000003bdd8                simRtimerPending
                0x000000000003bde0                simRtimerCurrentTicks
                0x000000000003bde8                simRtimerNextExpirationTime
 COMMON         0x000000000003bdf0        0x1 build/cooja/mtype120.a(beep.o)
                0x000000000003bdf0                simBeeped
 *fill*         0x000000000003bdf1        0x3 
 COMMON         0x000000000003bdf4        0xc build/cooja/mtype120.a(moteid.o)
                0x000000000003bdf4                simRandomSeed
                0x000000000003bdf8                simMoteIDChanged
                0x000000000003bdfc                simMoteID
 COMMON         0x000000000003be00        0x2 build/cooja/mtype120.a(pir-sensor.o)
                0x000000000003be00                simPirIsActive
                0x000000000003be01                simPirChanged
 *fill*         0x000000000003be02       0x1e 
 COMMON         0x000000000003be20      0x820 build/cooja/mtype120.a(rs232.o)
                0x000000000003be20                simSerialReceivingFlag
                0x000000000003be24                simSerialReceivingLength
                0x000000000003be40                simSerialReceivingData
 COMMON         0x000000000003c640        0x2 build/cooja/mtype120.a(vib-sensor.o)
                0x000000000003c640                simVibChanged
                0x000000000003c641                simVibIsActive
 *fill*         0x000000000003c642        0x2 
 COMMON         0x000000000003c644        0x4 build/cooja/mtype120.a(clock.o)
                0x000000000003c644                simCurrentTime
 *fill*         0x000000000003c648       0x18 
 COMMON         0x000000000003c660     0x2020 build/cooja/mtype120.a(cooja-log.o)