Archive member included to satisfy reference by file (symbol)

build/cooja/mtype99.a(simEnvChange.o)
                              build/cooja/mtype99.o (simDontFallAsleep)
build/cooja/mtype99.a(cooja_mt.o)
                              build/cooja/mtype99.o (cooja_mt_start)
build/cooja/mtype99.a(cooja_mtarch.o)
                              build/cooja/mtype99.a(cooja_mt.o) (cooja_mtarch_start)
build/cooja/mtype99.a(rtimer-arch.o)
                              build/cooja/mtype99.o (rtimer_arch_check)
build/cooja/mtype99.a(beep.o)
                              build/cooja/mtype99.o (beep_interface)
build/cooja/mtype99.a(leds-arch.o)
                              build/cooja/mtype99.o (leds_interface)
build/cooja/mtype99.a(moteid.o)
                              build/cooja/mtype99.o (moteid_interface)
build/cooja/mtype99.a(pir-sensor.o)
                              build/cooja/mtype99.o (pir_interface)
build/cooja/mtype99.a(rs232.o)
                              build/cooja/mtype99.o (rs232_interface)
build/cooja/mtype99.a(vib-sensor.o)
                              build/cooja/mtype99.o (vib_interface)
build/cooja/mtype99.a(clock.o)
                              build/cooja/mtype99.o (clock_interface)
build/cooja/mtype99.a(cooja-log.o)
                              build/cooja/mtype99.o (simlog_interface)
build/cooja/mtype99.a(cfs-cooja.o)
                              build/cooja/mtype99.o (cfs_interface)
build/cooja/mtype99.a(cooja-radio.o)
                              build/cooja/mtype99.o (radio_interface)
build/cooja/mtype99.a(eeprom.o)
                              build/cooja/mtype99.o (eeprom_interface)
build/cooja/mtype99.a(random.o)
                              build/cooja/mtype99.a(moteid.o) (random_init)
build/cooja/mtype99.a(sensors.o)
                              build/cooja/mtype99.a(pir-sensor.o) (sensors_changed)
build/cooja/mtype99.a(leds.o)
                              build/cooja/mtype99.a(leds-arch.o) (leds_get)
build/cooja/mtype99.a(gpio-hal-arch.o)
                              build/cooja/mtype99.a(leds-arch.o) (gpio_hal_arch_register_pin_callback)
build/cooja/mtype99.a(buttons.o)
                              build/cooja/mtype99.o (button_interface)
build/cooja/mtype99.a(res-humidity.o)
                              coap-server.o (res_humidity)
build/cooja/mtype99.a(res-battery.o)
                              coap-server.o (res_battery)
build/cooja/mtype99.a(res-temperature)
                              coap-server.o (res_temperature)
build/cooja/mtype99.a(coap-engine.o)
                              coap-server.o (coap_activate_resource)
build/cooja/mtype99.a(coap-observe.o)
                              build/cooja/mtype99.a(coap-engine.o) (coap_remove_observer_by_mid)
build/cooja/mtype99.a(coap-transactio)
                              build/cooja/mtype99.a(coap-engine.o) (coap_send_transaction)
build/cooja/mtype99.a(coap-res-well-k)
                              build/cooja/mtype99.a(coap-engine.o) (res_well_known_core)
build/cooja/mtype99.a(coap.o)
                              build/cooja/mtype99.a(coap-engine.o) (coap_status_code)
build/cooja/mtype99.a(coap-uip.o)
                              build/cooja/mtype99.a(coap-observe.o) (coap_endpoint_copy)
build/cooja/mtype99.a(coap-timer.o)
                              build/cooja/mtype99.a(coap-transactio) (coap_timer_stop)
build/cooja/mtype99.a(contiki-main.o)
                              build/cooja/mtype99.o (main)
build/cooja/mtype99.a(autostart.o)
                              build/cooja/mtype99.a(contiki-main.o) (autostart_start)
build/cooja/mtype99.a(energest.o)
                              build/cooja/mtype99.a(contiki-main.o) (energest_init)
build/cooja/mtype99.a(etimer.o)
                              build/cooja/mtype99.a(contiki-main.o) (etimer_process)
build/cooja/mtype99.a(log.o)  build/cooja/mtype99.a(contiki-main.o) (curr_log_level_main)
build/cooja/mtype99.a(ctimer.o)
                              build/cooja/mtype99.a(contiki-main.o) (ctimer_init)
build/cooja/mtype99.a(process.o)
                              coap-server.o (process_current)
build/cooja/mtype99.a(rtimer.o)
                              build/cooja/mtype99.a(contiki-main.o) (rtimer_init)
build/cooja/mtype99.a(node-id.o)
                              build/cooja/mtype99.a(contiki-main.o) (node_id)
build/cooja/mtype99.a(timer.o)
                              build/cooja/mtype99.a(etimer.o) (timer_set)
build/cooja/mtype99.a(list.o)
                              build/cooja/mtype99.a(coap-engine.o) (list_init)
build/cooja/mtype99.a(memb.o)
                              build/cooja/mtype99.a(coap-observe.o) (memb_alloc)
build/cooja/mtype99.a(button-hal.o)
                              build/cooja/mtype99.o (button_hal_init)
build/cooja/mtype99.a(serial-line.o)
                              build/cooja/mtype99.a(rs232.o) (serial_line_input_byte)
build/cooja/mtype99.a(gpio-hal.o)
[...]
Memory Configuration

Name             Origin             Length             Attributes
*default*        0x0000000000000000 0xffffffffffffffff

Linker script and memory map

LOAD /usr/lib/gcc/i686-linux-gnu/7/../../../i386-linux-gnu/crti.o
LOAD /usr/lib/gcc/i686-linux-gnu/7/crtbeginS.o
LOAD coap-server.o
LOAD build/cooja/mtype99.o
LOAD build/cooja/obj/virtual-sensor.o
LOAD build/cooja/mtype99.a
LOAD /usr/lib/gcc/i686-linux-gnu/7/libgcc.a
LOAD /usr/lib/gcc/i686-linux-gnu/7/libgcc_s.so
START GROUP
LOAD /usr/lib/gcc/i686-linux-gnu/7/libgcc_s.so.1
LOAD /usr/lib/gcc/i686-linux-gnu/7/libgcc.a
END GROUP
LOAD /usr/lib/gcc/i686-linux-gnu/7/../../../i386-linux-gnu/libc.so
START GROUP
LOAD /lib/i386-linux-gnu/libc.so.6
LOAD /usr/lib/i386-linux-gnu/libc_nonshared.a
LOAD /lib/i386-linux-gnu/ld-linux.so.2
END GROUP
LOAD /usr/lib/gcc/i686-linux-gnu/7/libgcc.a
LOAD /usr/lib/gcc/i686-linux-gnu/7/libgcc_s.so
START GROUP
LOAD /usr/lib/gcc/i686-linux-gnu/7/libgcc_s.so.1
LOAD /usr/lib/gcc/i686-linux-gnu/7/libgcc.a
END GROUP
LOAD /usr/lib/gcc/i686-linux-gnu/7/crtendS.o
LOAD /usr/lib/gcc/i686-linux-gnu/7/../../../i386-linux-gnu/crtn.o
                0x0000000000000114                . = (SEGMENT_START ("text-segment", 0x0) + SIZEOF_HEADERS)

.note.gnu.build-id
                0x0000000000000114       0x24
 *(.note.gnu.build-id)
 .note.gnu.build-id
                0x0000000000000114       0x24 /usr/lib/gcc/i686-linux-gnu/7/../../../i386-linux-gnu/crti.o

.hash
 *(.hash)

.gnu.hash       0x0000000000000138     0x15a8
 *(.gnu.hash)
 .gnu.hash      0x0000000000000138     0x15a8 /usr/lib/gcc/i686-linux-gnu/7/../../../i386-linux-gnu/crti.o

.dynsym         0x00000000000016e0     0x2f10
 *(.dynsym)
 .dynsym        0x00000000000016e0     0x2f10 /usr/lib/gcc/i686-linux-gnu/7/../../../i386-linux-gnu/crti.o

.dynstr         0x00000000000045f0     0x36b4
 *(.dynstr)
 .dynstr        0x00000000000045f0     0x36b4 /usr/lib/gcc/i686-linux-gnu/7/../../../i386-linux-gnu/crti.o

.gnu.version    0x0000000000007ca4      0x5e2
 *(.gnu.version)
 .gnu.version   0x0000000000007ca4      0x5e2 /usr/lib/gcc/i686-linux-gnu/7/../../../i386-linux-gnu/crti.o

.gnu.version_d  0x0000000000008288        0x0
 *(.gnu.version_d)
 .gnu.version_d
                0x0000000000008288        0x0 /usr/lib/gcc/i686-linux-gnu/7/../../../i386-linux-gnu/crti.o

.gnu.version_r  0x0000000000008288       0x40
 *(.gnu.version_r)
 .gnu.version_r
                0x0000000000008288       0x40 /usr/lib/gcc/i686-linux-gnu/7/../../../i386-linux-gnu/crti.o

.rel.dyn        0x00000000000082c8      0xf50
 *(.rel.init)
 .rel.init      0x00000000000082c8        0x0 /usr/lib/gcc/i686-linux-gnu/7/../../../i386-linux-gnu/crti.o
 *(.rel.text .rel.text.* .rel.gnu.linkonce.t.*)
 .rel.text      0x00000000000082c8      0x580 /usr/lib/gcc/i686-linux-gnu/7/../../../i386-linux-gnu/crti.o
 *(.rel.fini)
 .rel.fini      0x0000000000008848        0x0 /usr/lib/gcc/i686-linux-gnu/7/../../../i386-linux-gnu/crti.o
 *(.rel.rodata .rel.rodata.* .rel.gnu.linkonce.r.*)
 *(.rel.data.rel.ro .rel.data.rel.ro.* .rel.gnu.linkonce.d.rel.ro.*)
 .rel.data.rel.ro.local
                0x0000000000008848      0x220 /usr/lib/gcc/i686-linux-gnu/7/../../../i386-linux-gnu/crti.o
 .rel.data.rel.ro
                0x0000000000008a68       0xb0 /usr/lib/gcc/i686-linux-gnu/7/../../../i386-linux-gnu/crti.o
 *(.rel.data .rel.data.* .rel.gnu.linkonce.d.*)
 .rel.data.rel.local
                0x0000000000008b18      0x3b0 /usr/lib/gcc/i686-linux-gnu/7/../../../i386-linux-gnu/crti.o
 .rel.data.rel  0x0000000000008ec8       0x78 /usr/lib/gcc/i686-linux-gnu/7/../../../i386-linux-gnu/crti.o
 *(.rel.tdata .rel.tdata.* .rel.gnu.linkonce.td.*)
 *(.rel.tbss .rel.tbss.* .rel.gnu.linkonce.tb.*)
 *(.rel.ctors)
 *(.rel.dtors)
 *(.rel.got)
 .rel.got       0x0000000000008f40      0x2c8 /usr/lib/gcc/i686-linux-gnu/7/../../../i386-linux-gnu/crti.o
 *(.rel.bss .rel.bss.* .rel.gnu.linkonce.b.*)
 *(.rel.ifunc)
 .rel.ifunc     0x0000000000009208        0x0 /usr/lib/gcc/i686-linux-gnu/7/../../../i386-linux-gnu/crti.o
 .rel.fini_array
                0x0000000000009208        0x8 /usr/lib/gcc/i686-linux-gnu/7/../../../i386-linux-gnu/crti.o
 .rel.init_array
                0x0000000000009210        0x8 /usr/lib/gcc/i686-linux-gnu/7/../../../i386-linux-gnu/crti.o

.rel.plt        0x0000000000009218      0xaa0
 *(.rel.plt)
 .rel.plt       0x0000000000009218      0xaa0 /usr/lib/gcc/i686-linux-gnu/7/../../../i386-linux-gnu/crti.o
 *(.rel.iplt)

.init           0x0000000000009cb8       0x23
 *(SORT_NONE(.init))
 .init          0x0000000000009cb8       0x1e /usr/lib/gcc/i686-linux-gnu/7/../../../i386-linux-gnu/crti.o
                0x0000000000009cb8                _init
 .init          0x0000000000009cd6        0x5 /usr/lib/gcc/i686-linux-gnu/7/../../../i386-linux-gnu/crtn.o

.plt            0x0000000000009ce0     0x1550
 *(.plt)
 .plt           0x0000000000009ce0     0x1550 /usr/lib/gcc/i686-linux-gnu/7/../../../i386-linux-gnu/crti.o
 *(.iplt)

.plt.got        0x000000000000b230       0x18
 *(.plt.got)
 .plt.got       0x000000000000b230       0x18 /usr/lib/gcc/i686-linux-gnu/7/../../../i386-linux-gnu/crti.o

.plt.sec
 *(.plt.sec)

.text           0x000000000000b250    0x1c924
 *(.text.unlikely .text.*_unlikely .text.unlikely.*)
 *(.text.exit .text.exit.*)
 *(.text.startup .text.startup.*)
 *(.text.hot .text.hot.*)
 *(.text .stub .text.* .gnu.linkonce.t.*)
 .text          0x000000000000b250        0x0 /usr/lib/gcc/i686-linux-gnu/7/../../../i386-linux-gnu/crti.o
 .gnu.linkonce.t.__x86.get_pc_thunk.bx
                0x000000000000b250        0x4 /usr/lib/gcc/i686-linux-gnu/7/../../../i386-linux-gnu/crti.o
                0x000000000000b250                __x86.get_pc_thunk.bx
 *fill*         0x000000000000b254        0xc 
 .text          0x000000000000b260       0xe9 /usr/lib/gcc/i686-linux-gnu/7/crtbeginS.o
 .text.__x86.get_pc_thunk.dx
                0x000000000000b349        0x4 /usr/lib/gcc/i686-linux-gnu/7/crtbeginS.o
                0x000000000000b349                __x86.get_pc_thunk.dx
 .text          0x000000000000b34d      0x124 coap-server.o
 .text          0x000000000000b471      0x36b build/cooja/mtype99.o
                0x000000000000b523                platform_init_stage_one
                0x000000000000b546                platform_init_stage_two
                0x000000000000b569                platform_init_stage_three
                0x000000000000b58c                platform_main_loop
                0x000000000000b632                Java_org_contikios_cooja_corecomm_Lib2_init
                0x000000000000b680                Java_org_contikios_cooja_corecomm_Lib2_getMemory
                0x000000000000b6c0                Java_org_contikios_cooja_corecomm_Lib2_setMemory
                0x000000000000b731                Java_org_contikios_cooja_corecomm_Lib2_tick
                0x000000000000b7bb                Java_org_contikios_cooja_corecomm_Lib2_setReferenceAddress
 .text.__x86.get_pc_thunk.ax
                0x000000000000b7dc        0x4 build/cooja/mtype99.o
                0x000000000000b7dc                __x86.get_pc_thunk.ax
 .text          0x000000000000b7e0       0xbc build/cooja/obj/virtual-sensor.o
                0x000000000000b7e0                random_value
                0x000000000000b81a                read_tempature
                0x000000000000b859                read_humidity
 .text          0x000000000000b89c       0x8d build/cooja/mtype99.a(simEnvChange.o)
                0x000000000000b89c                doActionsBeforeTick
                0x000000000000b8e2                doActionsAfterTick
 .text          0x000000000000b929       0xb6 build/cooja/mtype99.a(cooja_mt.o)
                0x000000000000b929                cooja_mt_start
                0x000000000000b963                cooja_mt_exec
                0x000000000000b9aa                cooja_mt_yield
 .text          0x000000000000b9df       0xf2 build/cooja/mtype99.a(cooja_mtarch.o)
                0x000000000000b9df                cooja_mtarch_start
                0x000000000000ba63                cooja_sw
                0x000000000000ba91                cooja_mtarch_exec
                0x000000000000babc                cooja_mtarch_yield
 .text          0x000000000000bad1      0x127 build/cooja/mtype99.a(rtimer-arch.o)
                0x000000000000bad1                rtimer_arch_init
                0x000000000000bb00                rtimer_arch_schedule
                0x000000000000bb42                rtimer_arch_next
                0x000000000000bb5c                rtimer_arch_pending
                0x000000000000bb73                rtimer_arch_check
                0x000000000000bbde                rtimer_arch_now
 .text.__x86.get_pc_thunk.cx
                0x000000000000bbf8        0x4 build/cooja/mtype99.a(rtimer-arch.o)
                0x000000000000bbf8                __x86.get_pc_thunk.cx
 .text          0x000000000000bbfc      0x101 build/cooja/mtype99.a(beep.o)
                0x000000000000bbfc                beep_alarm
                0x000000000000bc15                beep_beep
                0x000000000000bc2e                beep
                0x000000000000bc47                beep_down
                0x000000000000bc60                beep_on
                0x000000000000bc79                beep_off
                0x000000000000bc92                beep_spinup
                0x000000000000bcab                beep_quick
                0x000000000000bcc4                beep_long
 .text          0x000000000000bcfd       0x9f build/cooja/mtype99.a(leds-arch.o)
                0x000000000000bd21                leds_arch_init
 .text          0x000000000000bd9c       0x56 build/cooja/mtype99.a(moteid.o)
 .text          0x000000000000bdf2      0x101 build/cooja/mtype99.a(pir-sensor.o)
 .text          0x000000000000bef3      0x1cc build/cooja/mtype99.a(rs232.o)
                0x000000000000bef3                rs232_init
                0x000000000000bf03                rs232_set_speed
                0x000000000000bf1c                rs232_set_input
                0x000000000000bf35                rs232_send
                0x000000000000bf6b                rs232_print
                0x000000000000bf99                slip_arch_writeb
 .text          0x000000000000c0bf      0x101 build/cooja/mtype99.a(vib-sensor.o)
 .text          0x000000000000c1c0       0x7a build/cooja/mtype99.a(clock.o)
                0x000000000000c1c0                clock_init
                0x000000000000c1d0                clock_time
                0x000000000000c1e7                clock_seconds
                0x000000000000c20a                clock_delay
 .text          0x000000000000c23a      0x2b5 build/cooja/mtype99.a(cooja-log.o)
                0x000000000000c23a                simlog_char
                0x000000000000c29e                simlog
                0x000000000000c338                log_message
                0x000000000000c387                log_set_putchar_with_slip
                0x000000000000c3a0                log_putchar
                0x000000000000c42b                log_puts
                0x000000000000c45d                log_printf
 .text          0x000000000000c4ef      0x36c build/cooja/mtype99.a(cfs-cooja.o)
                0x000000000000c4ef                cfs_open
                0x000000000000c567                cfs_close
                0x000000000000c57e                cfs_read
                0x000000000000c632                cfs_write
                0x000000000000c730                cfs_seek
                0x000000000000c7cd                cfs_remove
                0x000000000000c803                cfs_opendir
                0x000000000000c817                cfs_readdir
                0x000000000000c82b                cfs_closedir
 .text          0x000000000000c85b      0x78b build/cooja/mtype99.a(cooja-radio.o)
                0x000000000000c8c9                radio_set_channel
                0x000000000000c8e2                radio_set_txpower
                0x000000000000c905                radio_signal_strength_last
                0x000000000000c91a                radio_signal_strength_current
                0x000000000000c92f                radio_LQI
 .text          0x000000000000cfe6      0x130 build/cooja/mtype99.a(eeprom.o)
                0x000000000000cfe6                eeprom_init
                0x000000000000cff6                eeprom_read
                0x000000000000d076                eeprom_write
 .text          0x000000000000d116       0x4e build/cooja/mtype99.a(random.o)
                0x000000000000d116                random_init
                0x000000000000d146                random_rand
 .text          0x000000000000d164      0x332 build/cooja/mtype99.a(sensors.o)
                0x000000000000d1ab                sensors_first
                0x000000000000d1c2                sensors_next
                0x000000000000d1ed                sensors_changed
                0x000000000000d23a                sensors_find
 .text          0x000000000000d496      0x3fc build/cooja/mtype99.a(leds.o)
                0x000000000000d496                leds_init
                0x000000000000d4ee                leds_single_on
                0x000000000000d566                leds_single_off
                0x000000000000d5de                leds_single_toggle
                0x000000000000d622                leds_on
                0x000000000000d6ba                leds_off
                0x000000000000d752                leds_toggle
                0x000000000000d7b8                leds_set
                0x000000000000d7ee                leds_get
 .text          0x000000000000d892      0x401 build/cooja/mtype99.a(gpio-hal-arch.o)
                0x000000000000d892                gpio_hal_arch_register_pin_callback
                0x000000000000d913                gpio_hal_arch_init
                0x000000000000d96d                gpio_hal_arch_no_port_interrupt_enable
                0x000000000000d9a7                gpio_hal_arch_no_port_interrupt_disable
                0x000000000000d9e1                gpio_hal_arch_no_port_pin_cfg_set
                0x000000000000da10                gpio_hal_arch_no_port_pin_cfg_get
                0x000000000000da40                gpio_hal_arch_no_port_pin_set_input
                0x000000000000da5c                gpio_hal_arch_no_port_pin_set_output
                0x000000000000da78                gpio_hal_arch_no_port_set_pin
                0x000000000000daa3                gpio_hal_arch_no_port_clear_pin
                0x000000000000dace                gpio_hal_arch_no_port_read_pin
                0x000000000000db00                gpio_hal_arch_no_port_write_pin
                0x000000000000db34                gpio_hal_arch_no_port_set_pins
                0x000000000000db85                gpio_hal_arch_no_port_clear_pins
                0x000000000000dbd6                gpio_hal_arch_no_port_read_pins
                0x000000000000dc29                gpio_hal_arch_no_port_write_pins
 .text          0x000000000000dc93       0xc6 build/cooja/mtype99.a(buttons.o)
 .text          0x000000000000dd59       0xfa build/cooja/mtype99.a(res-humidity.o)
 .text          0x000000000000de53      0x136 build/cooja/mtype99.a(res-battery.o)
 .text          0x000000000000df89       0xfa build/cooja/mtype99.a(res-temperature)
 .text          0x000000000000e083      0xd4f build/cooja/mtype99.a(coap-engine.o)
                0x000000000000e154                coap_add_handler
                0x000000000000e182                coap_remove_handler
                0x000000000000e1b0                coap_call_handlers
                0x000000000000e2d7                coap_receive
                0x000000000000e951                coap_engine_init
                0x000000000000e9c4                coap_activate_resource
                0x000000000000ea81                coap_get_first_resource
                0x000000000000eaab                coap_get_next_resource
 .text          0x000000000000edd2      0xa13 build/cooja/mtype99.a(coap-observe.o)
                0x000000000000ef0d                coap_remove_observer
                0x000000000000ef4f                coap_remove_observer_by_client
                0x000000000000efc7                coap_remove_observer_by_token
                0x000000000000f06a                coap_remove_observer_by_uri
                0x000000000000f121                coap_remove_observer_by_mid
                0x000000000000f1ad                coap_notify_observers
                0x000000000000f1d0                coap_notify_observers_sub
                0x000000000000f641                coap_observe_handler
                0x000000000000f76c                coap_has_observers
 .text          0x000000000000f7e5      0x334 build/cooja/mtype99.a(coap-transactio)
                0x000000000000f873                coap_new_transaction
                0x000000000000f8eb                coap_send_transaction
                0x000000000000fa5d                coap_clear_transaction
                0x000000000000fab7                coap_get_transaction_by_mid
 .text          0x000000000000fb19      0x2ed build/cooja/mtype99.a(coap-res-well-k)
 .text          0x000000000000fe06     0x1f9f build/cooja/mtype99.a(coap.o)
                0x0000000000010401                coap_init_connection
                0x0000000000010426                coap_get_mid
                0x000000000001044d                coap_init_message
                0x00000000000104a6                coap_serialize_message
                0x0000000000010b3d                coap_parse_message
                0x0000000000011259                coap_get_query_variable
                0x00000000000112a5                coap_get_post_variable
                0x00000000000112f3                coap_set_status_code
                0x0000000000011322                coap_set_token
                0x0000000000011379                coap_get_header_content_format
                0x00000000000113b4                coap_set_header_content_format
                0x00000000000113e1                coap_get_header_accept
                0x000000000001141c                coap_set_header_accept
                0x0000000000011449                coap_get_header_max_age
                0x0000000000011484                coap_set_header_max_age
                0x00000000000114ae                coap_get_header_etag
                0x00000000000114ea                coap_set_header_etag
                0x0000000000011551                coap_get_header_if_match
                0x000000000001158d                coap_set_header_if_match
                0x00000000000115f4                coap_get_header_if_none_match
                0x0000000000011618                coap_set_header_if_none_match
                0x0000000000011639                coap_get_header_proxy_uri
                0x0000000000011671                coap_set_header_proxy_uri
                0x00000000000116be                coap_get_header_uri_host
                0x00000000000116f6                coap_set_header_uri_host
                0x0000000000011743                coap_get_header_uri_path
                0x000000000001177b                coap_set_header_uri_path
                0x00000000000117d9                coap_get_header_uri_query
                0x0000000000011817                coap_set_header_uri_query
                0x000000000001187e                coap_get_header_location_path
                0x00000000000118b6                coap_set_header_location_path
                0x000000000001195e                coap_get_header_location_query
                0x0000000000011996                coap_set_header_location_query
                0x00000000000119f4                coap_get_header_observe
                0x0000000000011a2d                coap_set_header_observe
                0x0000000000011a57                coap_get_header_block2
                0x0000000000011acd                coap_set_header_block2
                0x0000000000011b4e                coap_get_header_block1
                0x0000000000011bcd                coap_set_header_block1
                0x0000000000011c52                coap_get_header_size2
                0x0000000000011c8c                coap_set_header_size2
                0x0000000000011cb9                coap_get_header_size1
                0x0000000000011cf3                coap_set_header_size1
                0x0000000000011d20                coap_get_payload
                0x0000000000011d64                coap_set_payload
 .text          0x0000000000011da5      0x84c build/cooja/mtype99.a(coap-uip.o)
                0x0000000000011da5                coap_endpoint_log
                0x0000000000011e42                coap_endpoint_print
                0x0000000000011edf                coap_endpoint_snprint
                0x0000000000012028                coap_endpoint_copy
                0x000000000001206f                coap_endpoint_cmp
                0x00000000000121a0                coap_endpoint_parse
                0x00000000000123b1                coap_endpoint_is_secure
                0x00000000000123ca                coap_endpoint_is_connected
                0x000000000001240e                coap_endpoint_connect
                0x0000000000012434                coap_endpoint_disconnect
                0x0000000000012444                coap_databuf
                0x000000000001245b                coap_transport_init
                0x00000000000124d1                coap_sendto
 .text          0x00000000000125f1      0x3ad build/cooja/mtype99.a(coap-timer.o)
                0x0000000000012716                coap_timer_stop
                0x0000000000012751                coap_timer_set
                0x000000000001279e                coap_timer_reset
                0x00000000000127eb                coap_timer_time_to_next_expiration
                0x0000000000012868                coap_timer_run
                0x000000000001294a                coap_timer_init
 .text          0x000000000001299e      0x3c6 build/cooja/mtype99.a(contiki-main.o)
                0x000000000001299e                main
 .text          0x0000000000012d64       0xb0 build/cooja/mtype99.a(autostart.o)
                0x0000000000012d64                autostart_start
                0x0000000000012dbd                autostart_exit
 .text          0x0000000000012e14       0x39 build/cooja/mtype99.a(energest.o)
                0x0000000000012e14                energest_init
                0x0000000000012e24                energest_flush
                0x0000000000012e34                energest_get_total_time
 .text          0x0000000000012e4d      0x527 build/cooja/mtype99.a(etimer.o)
                0x00000000000130a2                etimer_request_poll
                0x0000000000013153                etimer_set
                0x000000000001318c                etimer_reset_with_new_interval
                0x00000000000131cb                etimer_reset
                0x0000000000013201                etimer_restart
                0x0000000000013237                etimer_adjust
                0x000000000001325e                etimer_expired
                0x000000000001327b                etimer_expiration_time
                0x0000000000013297                etimer_start_time
                0x00000000000132ab                etimer_pending
                0x00000000000132c8                etimer_next_expiration_time
                0x00000000000132f0                etimer_stop
 .text          0x0000000000013374      0x4a3 build/cooja/mtype99.a(log.o)
                0x0000000000013374                log_6addr
                0x00000000000133d8                log_6addr_compact_snprint
                0x0000000000013498                log_6addr_compact
                0x00000000000134fc                log_lladdr
                0x0000000000013583                log_lladdr_compact
                0x0000000000013600                log_bytes
                0x0000000000013654                log_set_level
                0x0000000000013732                log_get_level
                0x00000000000137c3                log_level_to_str
 .text          0x0000000000013817      0x400 build/cooja/mtype99.a(ctimer.o)
                0x000000000001395a                ctimer_init
                0x000000000001399f                ctimer_set
                0x00000000000139d2                ctimer_set_with_process
                0x0000000000013a69                ctimer_reset
                0x0000000000013ad7                ctimer_restart
                0x0000000000013b45                ctimer_stop
                0x0000000000013ba5                ctimer_expired
 .text          0x0000000000013c17      0x5cb build/cooja/mtype99.a(process.o)
                0x0000000000013c17                process_alloc_event
                0x0000000000013c38                process_start
                0x0000000000013e3d                process_exit
                0x0000000000013e65                process_init
                0x000000000001402d                process_run
                0x0000000000014070                process_nevents
                0x0000000000014095                process_post
                0x0000000000014142                process_post_synch
                0x0000000000014188                process_poll
                0x00000000000141c4                process_is_running
 .text.__x86.get_pc_thunk.si
                0x00000000000141e2        0x4 build/cooja/mtype99.a(process.o)
                0x00000000000141e2                __x86.get_pc_thunk.si
 .text          0x00000000000141e6      0x122 build/cooja/mtype99.a(rtimer.o)
                0x00000000000141e6                rtimer_init
                0x0000000000014205                rtimer_set
                0x0000000000014293                rtimer_run_next
 .text          0x0000000000014308       0x36 build/cooja/mtype99.a(node-id.o)
                0x0000000000014308                node_id_init
 .text          0x000000000001433e       0xf6 build/cooja/mtype99.a(timer.o)
                0x000000000001433e                timer_set
                0x000000000001436d                timer_reset
                0x00000000000143a4                timer_restart
                0x00000000000143ca                timer_expired
                0x0000000000014408                timer_remaining
 .text          0x0000000000014434      0x311 build/cooja/mtype99.a(list.o)
                0x0000000000014434                list_init
                0x000000000001444d                list_head
                0x0000000000014461                list_copy
                0x000000000001447b                list_tail
                0x00000000000144bb                list_add
                0x0000000000014511                list_push
                0x0000000000014547                list_chop
                0x00000000000145bb                list_pop
                0x00000000000145ed                list_remove
                0x000000000001465f                list_length
                0x0000000000014697                list_insert
                0x00000000000146e6                list_item_next
                0x0000000000014707                list_contains
 .text          0x0000000000014745      0x1ec build/cooja/mtype99.a(memb.o)
                0x0000000000014745                memb_init
                0x00000000000147a9                memb_alloc
                0x0000000000014816                memb_free
                0x0000000000014897                memb_inmemb
                0x00000000000148e0                memb_numfree
 .text          0x0000000000014931      0x566 build/cooja/mtype99.a(button-hal.o)
                0x0000000000014b25                button_hal_get_by_id
                0x0000000000014b6f                button_hal_get_by_index
                0x0000000000014ba9                button_hal_get_state
                0x0000000000014c0b                button_hal_init
 .text          0x0000000000014e97      0x242 build/cooja/mtype99.a(serial-line.o)
                0x0000000000014e97                serial_line_input_byte
                0x000000000001508f                serial_line_init
 .text          0x00000000000150d9      0x1d6 build/cooja/mtype99.a(gpio-hal.o)
                0x00000000000150d9                gpio_hal_register_handler
                0x0000000000015107                gpio_hal_event_handler
                0x0000000000015174                gpio_hal_init
                0x00000000000151a3                gpio_hal_arch_port_toggle_pin
                0x00000000000151ee                gpio_hal_arch_port_toggle_pins
                0x000000000001522b                gpio_hal_arch_no_port_toggle_pin
                0x0000000000015278                gpio_hal_arch_no_port_toggle_pins
 .text          0x00000000000152af      0x3a9 build/cooja/mtype99.a(queuebuf.o)
                0x00000000000152c3                queuebuf_init
                0x00000000000152ff                queuebuf_numfree
                0x0000000000015329                queuebuf_new_from_packetbuf
                0x00000000000153dd                queuebuf_update_attr_from_packetbuf
                0x0000000000015421                queuebuf_update_from_packetbuf
                0x0000000000015480                queuebuf_free
                0x00000000000154de                queuebuf_to_packetbuf
                0x000000000001555b                queuebuf_dataptr
                0x00000000000155a7                queuebuf_datalen
                0x00000000000155d4                queuebuf_addr
                0x0000000000015613                queuebuf_attr
                0x0000000000015648                queuebuf_debug_print
 .text          0x0000000000015658      0x4dd build/cooja/mtype99.a(packetbuf.o)
                0x0000000000015658                packetbuf_clear
                0x000000000001568e                packetbuf_copyfrom
                0x00000000000156ee                packetbuf_copyto
                0x000000000001578c                packetbuf_hdralloc
                0x000000000001581c                packetbuf_hdrreduce
                0x000000000001586e                packetbuf_set_datalen
                0x0000000000015893                packetbuf_dataptr
                0x00000000000158ba                packetbuf_hdrptr
                0x00000000000158cf                packetbuf_datalen
                0x00000000000158e5                packetbuf_hdrlen
                0x0000000000015904                packetbuf_totlen
                0x0000000000015924                packetbuf_remaininglen
                0x0000000000015941                packetbuf_attr_clear
                0x00000000000159a7                packetbuf_attr_copyto
                0x00000000000159ed                packetbuf_attr_copyfrom
                0x0000000000015a33                packetbuf_set_attr
                0x0000000000015a69                packetbuf_attr
                0x0000000000015a8f                packetbuf_set_addr
                0x0000000000015ad7                packetbuf_addr
                0x0000000000015b01                packetbuf_holds_broadcast
 .text          0x0000000000015b35      0x13c build/cooja/mtype99.a(netstack.o)
                0x0000000000015b35                netstack_process_ip_callback
                0x0000000000015bd6                netstack_ip_packet_processor_add
                0x0000000000015c0a                uip_ds6_ip_packet_processor_rm
                0x0000000000015c38                netstack_init
 .text          0x0000000000015c71       0x75 build/cooja/mtype99.a(linkaddr.o)
                0x0000000000015c71                linkaddr_copy
                0x0000000000015c91                linkaddr_cmp
                0x0000000000015cc4                linkaddr_set_node_addr
 .text          0x0000000000015ce6      0x2ae build/cooja/mtype99.a(csma.o)
 .text          0x0000000000015f94      0xa6f build/cooja/mtype99.a(csma-output.o)
                0x0000000000016706                csma_output_packet
                0x00000000000169b5                csma_output_init
 .text          0x0000000000016a03      0xe47 build/cooja/mtype99.a(uip-ds6.o)
                0x0000000000016a03                uip_ds6_default_prefix
                0x0000000000016a18                uip_ds6_set_default_prefix
                0x0000000000016a4e                uip_ds6_init
                0x0000000000016ce9                uip_ds6_periodic
                0x0000000000016d91                uip_ds6_list_loop
                0x0000000000016e60                uip_ds6_prefix_add
                0x0000000000016f27                uip_ds6_prefix_rm
                0x0000000000016f44                uip_ds6_prefix_lookup
                0x0000000000016f97                uip_ds6_is_addr_onlink
                0x0000000000017024                uip_ds6_addr_add
                0x0000000000017166                uip_ds6_addr_rm
                0x0000000000017225                uip_ds6_addr_lookup
                0x0000000000017275                uip_ds6_get_link_local
                0x0000000000017313                uip_ds6_get_global
                0x00000000000173b1                uip_ds6_maddr_add
                0x000000000001742d                uip_ds6_maddr_rm
                0x000000000001744a                uip_ds6_maddr_lookup
                0x000000000001749d                uip_ds6_aaddr_add
                0x0000000000017516                uip_ds6_aaddr_rm
                0x0000000000017533                uip_ds6_aaddr_lookup
                0x0000000000017583                uip_ds6_select_src
                0x00000000000176f1                uip_ds6_set_addr_iid
                0x0000000000017726                uip_ds6_set_lladdr_from_iid
                0x0000000000017759                get_match_length
                0x00000000000177f4                uip_ds6_compute_reachable_time
 .text          0x000000000001784a      0x152 build/cooja/mtype99.a(uip-udp-packet.)
                0x000000000001784a                uip_udp_packet_send
                0x00000000000178c3                uip_udp_packet_sendto
 .text          0x000000000001799c      0x453 build/cooja/mtype99.a(uip-ds6-route.o)
                0x00000000000179fe                uip_ds6_route_init
                0x0000000000017a3a                uip_ds6_route_count_nexthop_neighbors
                0x0000000000017a4e                uip_ds6_route_nexthop
                0x0000000000017a62                uip_ds6_route_head
                0x0000000000017a76                uip_ds6_route_next
                0x0000000000017a8a                uip_ds6_route_is_nexthop
                0x0000000000017a9e                uip_ds6_route_num_routes
                0x0000000000017ab2                uip_ds6_route_lookup
                0x0000000000017ac6                uip_ds6_route_add
                0x0000000000017ae3                uip_ds6_route_rm
                0x0000000000017af3                uip_ds6_route_rm_by_nexthop
                0x0000000000017b03                uip_ds6_defrt_head
                0x0000000000017b2d                uip_ds6_defrt_add
                0x0000000000017bed                uip_ds6_defrt_rm
                0x0000000000017c66                uip_ds6_defrt_lookup
                0x0000000000017cdd                uip_ds6_defrt_choose
                0x0000000000017d63                uip_ds6_defrt_periodic
 .text          0x0000000000017def      0x43e build/cooja/mtype99.a(uip-ds6-nbr.o)
                0x0000000000017def                uip_ds6_neighbors_init
                0x0000000000017e25                uip_ds6_nbr_add
                0x0000000000017ebf                uip_ds6_nbr_rm
                0x0000000000017f1e                uip_ds6_nbr_update_ll
                0x000000000001801b                uip_ds6_nbr_get_ipaddr
                0x000000000001803a                uip_ds6_nbr_get_ll
                0x0000000000018067                uip_ds6_nbr_num
                0x00000000000180c1                uip_ds6_nbr_head
                0x00000000000180eb                uip_ds6_nbr_next
                0x0000000000018118                uip_ds6_nbr_lookup
                0x000000000001817f                uip_ds6_nbr_ll_lookup
                0x00000000000181ac                uip_ds6_nbr_ipaddr_from_lladdr
                0x00000000000181df                uip_ds6_nbr_lladdr_from_ipaddr
                0x000000000001821d                uip_ds6_link_callback
 .text          0x000000000001822d      0x870 build/cooja/mtype99.a(tcpip.o)
                0x0000000000018253                tcpip_output
                0x0000000000018302                udp_attach
                0x0000000000018324                udp_new
                0x000000000001837e                udp_broadcast_new
                0x000000000001851e                tcpip_input
                0x0000000000018714                tcpip_ipv6_output
                0x0000000000018950                tcpip_poll_udp
                0x0000000000018980                tcpip_uipcall
 .text          0x0000000000018a9d     0x1520 build/cooja/mtype99.a(uip6.o)
                0x0000000000018b56                uip_chksum
                0x0000000000018c4e                uip_icmp6chksum
                0x0000000000018c6d                uip_udpchksum
                0x0000000000018c8c                uip_init
                0x0000000000018ceb                uip_remove_ext_hdr
                0x0000000000018de6                uip_udp_new
                0x000000000001915f                uip_process
                0x0000000000019e4d                uip_htons
                0x0000000000019e79                uip_htonl
                0x0000000000019ec3                uip_send
 .text          0x0000000000019fbd      0x810 build/cooja/mtype99.a(uip-nd6.o)
                0x000000000001a7a2                uip_nd6_init
 .text          0x000000000001a7cd     0x33b0 build/cooja/mtype99.a(sicslowpan.o)
                0x000000000001aecb                netstack_sniffer_add
                0x000000000001aee4                netstack_sniffer_remove
                0x000000000001db3c                sicslowpan_init
                0x000000000001db68                sicslowpan_get_last_rssi
 .text          0x000000000001db7d      0x51a build/cooja/mtype99.a(uiplib.o)
                0x000000000001db7d                uiplib_ip6addrconv
                0x000000000001dd43                uiplib_ip4addrconv
                0x000000000001de10                uiplib_ipaddr_print
                0x000000000001de74                uiplib_ipaddr_snprint
 .text          0x000000000001e097      0x610 build/cooja/mtype99.a(rpl.o)
                0x000000000001e097                rpl_lollipop_greater_than
                0x000000000001e0fa                rpl_get_global_address
                0x000000000001e230                rpl_link_callback
                0x000000000001e293                rpl_has_joined
                0x000000000001e2c9                rpl_is_reachable
                0x000000000001e36c                rpl_reset_prefix
                0x000000000001e3e8                rpl_set_prefix_from_addr
                0x000000000001e4fa                rpl_set_prefix
                0x000000000001e66e                rpl_set_leaf_only
                0x000000000001e691                rpl_get_leaf_only
 .text          0x000000000001e6a7      0x2e4 build/cooja/mtype99.a(rpl-dag-root.o)
                0x000000000001e6a7                rpl_dag_root_print_links
                0x000000000001e800                rpl_dag_root_set_prefix
                0x000000000001e83b                rpl_dag_root_start
                0x000000000001e949                rpl_dag_root_is_root
 .text          0x000000000001e98b       0x6b build/cooja/mtype99.a(watchdog.o)
                0x000000000001e98b                watchdog_init
                0x000000000001e99b                watchdog_start
                0x000000000001e9ab                watchdog_periodic
                0x000000000001e9d6                watchdog_stop
                0x000000000001e9e6                watchdog_reboot
 .text          0x000000000001e9f6       0x75 build/cooja/mtype99.a(int-master.o)
                0x000000000001e9f6                int_master_enable
                0x000000000001ea10                int_master_read_and_disable
                0x000000000001ea38                int_master_status_set
                0x000000000001ea51                int_master_is_enabled
 .text          0x000000000001ea6b      0x2bc build/cooja/mtype99.a(coap-timer-defa)
 .text          0x000000000001ed27      0x11d build/cooja/mtype99.a(stimer.o)
                0x000000000001ed27                stimer_set
                0x000000000001ed56                stimer_reset
                0x000000000001ed8d                stimer_restart
                0x000000000001edb3                stimer_expired
                0x000000000001edef                stimer_remaining
                0x000000000001ee1b                stimer_elapsed
 .text          0x000000000001ee44       0x31 build/cooja/mtype99.a(assert.o)
                0x000000000001ee44                _xassert
 .text          0x000000000001ee75      0x188 build/cooja/mtype99.a(ringbuf.o)
                0x000000000001ee75                ringbuf_init
                0x000000000001eeb1                ringbuf_put
                0x000000000001ef39                ringbuf_get
                0x000000000001efb0                ringbuf_size
                0x000000000001efcc                ringbuf_elements
 .text          0x000000000001effd      0xb68 build/cooja/mtype99.a(nbr-table.o)
                0x000000000001f39f                nbr_table_count_entries
                0x000000000001f44c                nbr_table_gc_get_worst
                0x000000000001f48c                nbr_table_can_accept_new
                0x000000000001f615                nbr_table_entry_is_allowed
                0x000000000001f6b5                nbr_table_register
                0x000000000001f733                nbr_table_is_registered
                0x000000000001f778                nbr_table_head
                0x000000000001f7e5                nbr_table_next
                0x000000000001f857                nbr_table_add_lladdr
                0x000000000001f9a6                nbr_table_get_from_lladdr
                0x000000000001fa03                nbr_table_remove
                0x000000000001fa4e                nbr_table_lock
                0x000000000001fa74                nbr_table_unlock
                0x000000000001fa9a                nbr_table_get_lladdr
                0x000000000001fad0                nbr_table_clear
                0x000000000001fb15                nbr_table_key_head
                0x000000000001fb3f                nbr_table_key_next
 .text          0x000000000001fb65      0x450 build/cooja/mtype99.a(link-stats.o)
                0x000000000001fb65                link_stats_from_lladdr
                0x000000000001fb92                link_stats_get_lladdr
                0x000000000001fbbf                link_stats_is_fresh
                0x000000000001fc0c                guess_etx_from_rssi
                0x000000000001fc92                link_stats_packet_sent
                0x000000000001fdd6                link_stats_input_callback
                0x000000000001ff0a                link_stats_reset
                0x000000000001ff6c                link_stats_init
 .text          0x000000000001ffb5      0x1a8 build/cooja/mtype99.a(mac-sequence.o)
                0x000000000001ffb5                mac_sequence_is_duplicate
                0x0000000000020075                mac_sequence_register_seqno
 .text          0x000000000002015d       0x2d build/cooja/mtype99.a(mac.o)
                0x000000000002015d                mac_call_sent_callback
 .text          0x000000000002018a      0x477 build/cooja/mtype99.a(framer-802154.o)
                0x000000000002032d                framer_802154_setup_params
 .text          0x0000000000020601      0xc1a build/cooja/mtype99.a(frame802154.o)
                0x000000000002063c                frame802154_get_pan_id
                0x0000000000020652                frame802154_set_pan_id
                0x0000000000020677                frame802154_has_panid
                0x0000000000020830                frame802154_check_dest_panid
                0x00000000000208c2                frame802154_is_broadcast_addr
                0x0000000000020919                frame802154_extract_linkaddr
                0x0000000000020ba2                frame802154_hdrlen
                0x0000000000020c1f                frame802154_create_fcf
                0x0000000000020ce1                frame802154_create
                0x0000000000020e6c                frame802154_parse_fcf
                0x0000000000020f58                frame802154_parse
 .text          0x000000000002121b       0x4e build/cooja/mtype99.a(csma-security.o)
                0x000000000002121b                csma_security_create_frame
                0x000000000002124c                csma_security_parse_frame
 .text          0x0000000000021269      0x5d3 build/cooja/mtype99.a(uipbuf.o)
                0x0000000000021269                uipbuf_clear
                0x00000000000212a0                uipbuf_add_ext_hdr
                0x000000000002133b                uipbuf_set_len
                0x0000000000021375                uipbuf_set_len_field
                0x00000000000213ab                uipbuf_get_len_field
                0x00000000000213d5                uipbuf_get_next_header
                0x0000000000021526                uipbuf_get_last_header
                0x00000000000215a9                uipbuf_search_header
                0x000000000002166d                uipbuf_get_attr
                0x000000000002169e                uipbuf_set_attr
                0x00000000000216df                uipbuf_set_default_attr
                0x0000000000021720                uipbuf_clear_attr
                0x0000000000021760                uipbuf_set_attr_flag
                0x000000000002178c                uipbuf_clr_attr_flag
                0x00000000000217be                uipbuf_is_attr_flag
                0x00000000000217ec                uipbuf_init
 .text          0x000000000002183c      0x8b7 build/cooja/mtype99.a(uip-icmp6.o)
                0x00000000000218c1                uip_icmp6_input
                0x0000000000021922                uip_icmp6_register_input_handler
                0x0000000000021ad6                uip_icmp6_error_output
                0x0000000000021e18                uip_icmp6_send
                0x0000000000022046                uip_icmp6_echo_reply_callback_add
                0x0000000000022089                uip_icmp6_echo_reply_callback_rm
                0x00000000000220b7                uip_icmp6_init
 .text          0x00000000000220f3      0x772 build/cooja/mtype99.a(uip-sr.o)
                0x00000000000220f3                uip_sr_num_nodes
                0x000000000002219f                uip_sr_get_node
                0x0000000000022206                uip_sr_is_addr_reachable
                0x00000000000222c3                uip_sr_expire_parent
                0x0000000000022316                uip_sr_update_node
                0x000000000002245a                uip_sr_init
                0x00000000000224a0                uip_sr_node_head
                0x00000000000224ca                uip_sr_node_next
                0x00000000000224f0                uip_sr_periodic
                0x000000000002260c                uip_sr_free_all
                0x0000000000022691                uip_sr_link_snprint
 .text          0x0000000000022865      0x1a5 build/cooja/mtype99.a(uip-packetqueue)
                0x00000000000228a5                uip_packetqueue_new
                0x00000000000228be                uip_packetqueue_alloc
                0x000000000002292d                uip_packetqueue_free
                0x0000000000022985                uip_packetqueue_buf
                0x00000000000229ac                uip_packetqueue_buflen
                0x00000000000229d7                uip_packetqueue_set_buflen
 .text          0x0000000000022a0a     0x1491 build/cooja/mtype99.a(rpl-icmp6.o)
                0x0000000000022b67                rpl_icmp6_update_nbr_table
                0x0000000000022c19                rpl_icmp6_dis_output
                0x000000000002322e                rpl_icmp6_dio_output
                0x0000000000023a87                rpl_icmp6_dao_output
                0x0000000000023db4                rpl_icmp6_dao_ack_output
                0x0000000000023e3b                rpl_icmp6_init
 .text          0x0000000000023e9b      0xaad build/cooja/mtype99.a(rpl-neighbor.o)
                0x0000000000023f37                rpl_neighbor_snprint
                0x000000000002421f                rpl_neighbor_print_list
                0x00000000000242f2                rpl_neighbor_count
                0x00000000000243d5                rpl_neighbor_get_from_lladdr
                0x0000000000024402                rpl_neighbor_is_acceptable_parent
                0x0000000000024448                rpl_neighbor_get_link_metric
                0x000000000002448e                rpl_neighbor_rank_via_nbr
                0x00000000000244d4                rpl_neighbor_get_lladdr
                0x0000000000024501                rpl_neighbor_get_ipaddr
                0x0000000000024537                rpl_neighbor_get_link_stats
                0x000000000002456d                rpl_neighbor_is_fresh
                0x00000000000245a3                rpl_neighbor_is_parent
                0x00000000000245da                rpl_neighbor_set_preferred_parent
                0x0000000000024694                rpl_neighbor_remove_all
                0x0000000000024701                rpl_neighbor_get_from_ipaddr
                0x000000000002483b                rpl_neighbor_select_best
                0x0000000000024916                rpl_neighbor_init
 .text          0x0000000000024948     0x11f4 build/cooja/mtype99.a(rpl-dag.o)
                0x0000000000024948                rpl_dag_state_to_str
                0x0000000000024996                rpl_dag_get_root_ipaddr
                0x00000000000249e6                rpl_dag_leave
                0x0000000000024a9c                rpl_dag_poison_and_leave
                0x0000000000024ac8                rpl_dag_periodic
                0x0000000000024b8d                rpl_is_addr_in_our_dag
                0x0000000000024bec                rpl_get_default_instance
                0x0000000000024c16                rpl_get_any_dag
                0x0000000000024c8c                rpl_refresh_routes
                0x0000000000024cef                rpl_global_repair
                0x0000000000024dc0                rpl_local_repair
                0x0000000000024e25                rpl_dag_ready_to_advertise
                0x0000000000024e7e                rpl_dag_update_state
                0x00000000000256fa                rpl_process_dio
                0x0000000000025795                rpl_process_dis
                0x00000000000257eb                rpl_process_dao
                0x000000000002588c                rpl_process_dao_ack
                0x0000000000025948                rpl_process_hbh
                0x00000000000259a8                rpl_dag_init_root
                0x0000000000025b0a                rpl_dag_init
 .text          0x0000000000025b3c      0xd8d build/cooja/mtype99.a(rpl-timers.o)
                0x0000000000025b3c                rpl_timers_schedule_periodic_dis
                0x0000000000025ce6                rpl_timers_dio_reset
                0x0000000000025e5e                rpl_timers_schedule_unicast_dio
                0x0000000000026031                rpl_timers_schedule_dao
                0x0000000000026137                rpl_timers_schedule_dao_ack
                0x0000000000026206                rpl_timers_notify_dao_ack
                0x000000000002628c                get_probing_delay
                0x00000000000262d1                get_probing_target
                0x0000000000026506                rpl_schedule_probing
                0x0000000000026552                rpl_schedule_probing_now
                0x00000000000265ec                rpl_timers_unschedule_leaving
                0x0000000000026646                rpl_timers_schedule_leaving
                0x00000000000266ab                rpl_timers_init
                0x000000000002676d                rpl_timers_stop_dag_timers
                0x000000000002682a                rpl_timers_unschedule_state_update
                0x0000000000026866                rpl_timers_schedule_state_update
 .text          0x00000000000268c9      0xd42 build/cooja/mtype99.a(rpl-ext-header.)
                0x00000000000268c9                rpl_ext_header_srh_get_next_hop
                0x00000000000269d4                rpl_ext_header_srh_update
                0x0000000000027006                rpl_ext_header_hbh_update
                0x0000000000027385                rpl_ext_header_update
                0x0000000000027434                rpl_ext_header_remove
 .text          0x000000000002760b       0x8d build/cooja/mtype99.a(rpl-nbr-policy.)
                0x0000000000027657                rpl_nbr_gc_get_worst
 .text          0x0000000000027698      0x39b build/cooja/mtype99.a(rpl-mrhof.o)
 *fill*         0x0000000000027a33        0xd 
 .text          0x0000000000027a40      0x116 /usr/lib/gcc/i686-linux-gnu/7/libgcc.a(_udivdi3.o)
                0x0000000000027a40                __udivdi3
 *fill*         0x0000000000027b56        0xa 
 .text          0x0000000000027b60       0x14 /usr/lib/i386-linux-gnu/libc_nonshared.a(stack_chk_fail_local.oS)
                0x0000000000027b60                __stack_chk_fail_local
 .text          0x0000000000027b74        0x0 /usr/lib/gcc/i686-linux-gnu/7/crtendS.o
 .text          0x0000000000027b74        0x0 /usr/lib/gcc/i686-linux-gnu/7/../../../i386-linux-gnu/crtn.o
 *(.gnu.warning)

.fini           0x0000000000027b74       0x14
 *(SORT_NONE(.fini))
 .fini          0x0000000000027b74        0xf /usr/lib/gcc/i686-linux-gnu/7/../../../i386-linux-gnu/crti.o
                0x0000000000027b74                _fini
 .fini          0x0000000000027b83        0x5 /usr/lib/gcc/i686-linux-gnu/7/../../../i386-linux-gnu/crtn.o
                [!provide]                        PROVIDE (__etext = .)
                [!provide]                        PROVIDE (_etext = .)
                [!provide]                        PROVIDE (etext = .)

.rodata         0x0000000000027b88      0x977
 *(.rodata .rodata.* .gnu.linkonce.r.*)
 .rodata        0x0000000000027b88       0x6c coap-server.o
 .rodata        0x0000000000027bf4       0x10 build/cooja/obj/virtual-sensor.o
 .rodata        0x0000000000027c04        0x6 build/cooja/mtype99.a(leds-arch.o)
                0x0000000000027c04                leds_arch_leds
 .rodata        0x0000000000027c0a        0x4 build/cooja/mtype99.a(pir-sensor.o)
 .rodata        0x0000000000027c0e        0x6 build/cooja/mtype99.a(rs232.o)
 .rodata        0x0000000000027c14        0xa build/cooja/mtype99.a(vib-sensor.o)
 *fill*         0x0000000000027c1e        0x2 
 .rodata        0x0000000000027c20       0x27 build/cooja/mtype99.a(cfs-cooja.o)
 *fill*         0x0000000000027c47        0x1 
 .rodata        0x0000000000027c48       0x68 build/cooja/mtype99.a(cooja-radio.o)
 .rodata        0x0000000000027cb0        0x8 build/cooja/mtype99.a(sensors.o)
 .rodata        0x0000000000027cb8       0x14 build/cooja/mtype99.a(buttons.o)
                0x0000000000027cc4                button_hal_button_count
 .rodata        0x0000000000027ccc       0x6c build/cooja/mtype99.a(res-humidity.o)
 .rodata        0x0000000000027d38       0x68 build/cooja/mtype99.a(res-battery.o)
 .rodata        0x0000000000027da0       0x74 build/cooja/mtype99.a(res-temperature)
 .rodata        0x0000000000027e14       0x41 build/cooja/mtype99.a(coap-engine.o)
 .rodata        0x0000000000027e55       0x11 build/cooja/mtype99.a(coap-observe.o)
 .rodata        0x0000000000027e66       0x19 build/cooja/mtype99.a(coap-res-well-k)
 *fill*         0x0000000000027e7f        0x1 
 .rodata        0x0000000000027e80      0x1ac build/cooja/mtype99.a(coap.o)
 .rodata        0x000000000002802c       0x35 build/cooja/mtype99.a(coap-uip.o)
 *fill*         0x0000000000028061        0x3 
 .rodata        0x0000000000028064       0xfc build/cooja/mtype99.a(contiki-main.o)
 .rodata        0x0000000000028160        0xc build/cooja/mtype99.a(etimer.o)
 .rodata        0x000000000002816c       0xc4 build/cooja/mtype99.a(log.o)
 .rodata        0x0000000000028230        0xf build/cooja/mtype99.a(ctimer.o)
 .rodata        0x000000000002823f       0x13 build/cooja/mtype99.a(button-hal.o)
 .rodata        0x0000000000028252        0xe build/cooja/mtype99.a(serial-line.o)
 .rodata        0x0000000000028260        0x8 build/cooja/mtype99.a(linkaddr.o)
                0x0000000000028260                linkaddr_null
 .rodata        0x0000000000028268        0x5 build/cooja/mtype99.a(csma.o)
 *fill*         0x000000000002826d        0x3 
 .rodata        0x0000000000028270       0x24 build/cooja/mtype99.a(csma-output.o)
 .rodata        0x0000000000028294       0x4d build/cooja/mtype99.a(uip-ds6-route.o)
 .rodata        0x00000000000282e1        0xd build/cooja/mtype99.a(tcpip.o)
 *fill*         0x00000000000282ee        0x2 
 .rodata        0x00000000000282f0       0x1f build/cooja/mtype99.a(sicslowpan.o)
                0x00000000000282f0                unc_llconf
                0x00000000000282f4                unc_ctxconf
                0x00000000000282f8                unc_mxconf
                0x00000000000282fc                llprefix
 .rodata        0x000000000002830f       0x2d build/cooja/mtype99.a(uiplib.o)
 .rodata        0x000000000002833c        0x9 build/cooja/mtype99.a(rpl.o)
 .rodata        0x0000000000028345       0x13 build/cooja/mtype99.a(coap-timer-defa)
 .rodata        0x0000000000028358       0x25 build/cooja/mtype99.a(assert.o)
 .rodata        0x000000000002837d       0x44 build/cooja/mtype99.a(uip-sr.o)
 *fill*         0x00000000000283c1        0x3 
 .rodata        0x00000000000283c4       0x58 build/cooja/mtype99.a(rpl-neighbor.o)
 .rodata        0x000000000002841c       0xd7 build/cooja/mtype99.a(rpl-dag.o)
 .rodata        0x00000000000284f3        0xc build/cooja/mtype99.a(rpl-timers.o)

.rodata1
 *(.rodata1)

.eh_frame_hdr   0x0000000000028500     0x1a6c
 *(.eh_frame_hdr)
 .eh_frame_hdr  0x0000000000028500     0x1a6c coap-server.o
                0x0000000000028500                __GNU_EH_FRAME_HDR
 *(.eh_frame_entry .eh_frame_entry.*)

.eh_frame       0x0000000000029f6c     0x7248
 *(.eh_frame)
 .eh_frame      0x0000000000029f6c       0x3c /usr/lib/gcc/i686-linux-gnu/7/../../../i386-linux-gnu/crti.o
                                         0x40 (size before relaxing)
 .eh_frame      0x0000000000029fa8       0x14 /usr/lib/gcc/i686-linux-gnu/7/../../../i386-linux-gnu/crti.o
                                         0x2c (size before relaxing)
 .eh_frame      0x0000000000029fbc       0x24 coap-server.o
                                         0x50 (size before relaxing)
 .eh_frame      0x0000000000029fe0      0x1ac build/cooja/mtype99.o
                                        0x1ec (size before relaxing)
 .eh_frame      0x000000000002a18c       0x64 build/cooja/obj/virtual-sensor.o
                                         0xa4 (size before relaxing)
 .eh_frame      0x000000000002a1f0       0x48 build/cooja/mtype99.a(simEnvChange.o)
                                         0x74 (size before relaxing)
 .eh_frame      0x000000000002a238       0x6c build/cooja/mtype99.a(cooja_mt.o)
                                         0x98 (size before relaxing)
 .eh_frame      0x000000000002a2a4       0x88 build/cooja/mtype99.a(cooja_mtarch.o)
                                         0xc8 (size before relaxing)
 .eh_frame      0x000000000002a32c       0xe4 build/cooja/mtype99.a(rtimer-arch.o)
                                        0x110 (size before relaxing)
 .eh_frame      0x000000000002a410      0x160 build/cooja/mtype99.a(beep.o)
                                        0x18c (size before relaxing)
 .eh_frame      0x000000000002a570       0x88 build/cooja/mtype99.a(leds-arch.o)
                                         0xc8 (size before relaxing)
 .eh_frame      0x000000000002a5f8       0x44 build/cooja/mtype99.a(moteid.o)
                                         0x70 (size before relaxing)
 .eh_frame      0x000000000002a63c       0xa4 build/cooja/mtype99.a(pir-sensor.o)
                                         0xe4 (size before relaxing)
 .eh_frame      0x000000000002a6e0      0x110 build/cooja/mtype99.a(rs232.o)
                                        0x150 (size before relaxing)
 .eh_frame      0x000000000002a7f0       0xa4 build/cooja/mtype99.a(vib-sensor.o)
                                         0xe4 (size before relaxing)
 .eh_frame      0x000000000002a894       0xc0 build/cooja/mtype99.a(clock.o)
                                         0xec (size before relaxing)
 .eh_frame      0x000000000002a954      0x130 build/cooja/mtype99.a(cooja-log.o)
                                        0x170 (size before relaxing)
 .eh_frame      0x000000000002aa84      0x16c build/cooja/mtype99.a(cfs-cooja.o)
                                        0x1ac (size before relaxing)
 .eh_frame      0x000000000002abf0      0x374 build/cooja/mtype99.a(cooja-radio.o)
                                        0x3b4 (size before relaxing)
 .eh_frame      0x000000000002af64       0xa8 build/cooja/mtype99.a(eeprom.o)
                                         0xe8 (size before relaxing)
 .eh_frame      0x000000000002b00c       0x48 build/cooja/mtype99.a(random.o)
                                         0x74 (size before relaxing)
 .eh_frame      0x000000000002b054       0xd0 build/cooja/mtype99.a(sensors.o)
                                        0x110 (size before relaxing)
 .eh_frame      0x000000000002b124      0x140 build/cooja/mtype99.a(leds.o)
                                        0x180 (size before relaxing)
 .eh_frame      0x000000000002b264      0x228 build/cooja/mtype99.a(gpio-hal-arch.o)
                                        0x27c (size before relaxing)
 .eh_frame      0x000000000002b48c       0xa4 build/cooja/mtype99.a(buttons.o)
                                         0xe4 (size before relaxing)
 .eh_frame      0x000000000002b530       0x48 build/cooja/mtype99.a(res-humidity.o)
                                         0x88 (size before relaxing)
 .eh_frame      0x000000000002b578       0x24 build/cooja/mtype99.a(res-battery.o)
                                         0x50 (size before relaxing)
 .eh_frame      0x000000000002b59c       0x48 build/cooja/mtype99.a(res-temperature)
                                         0x88 (size before relaxing)
 .eh_frame      0x000000000002b5e4      0x24c build/cooja/mtype99.a(coap-engine.o)
                                        0x28c (size before relaxing)
 .eh_frame      0x000000000002b830      0x1b4 build/cooja/mtype99.a(coap-observe.o)
                                        0x1f4 (size before relaxing)
 .eh_frame      0x000000000002b9e4      0x110 build/cooja/mtype99.a(coap-transactio)
                                        0x150 (size before relaxing)
 .eh_frame      0x000000000002baf4       0x2c build/cooja/mtype99.a(coap-res-well-k)
                                         0x58 (size before relaxing)
 .eh_frame      0x000000000002bb20      0x72c build/cooja/mtype99.a(coap.o)
                                        0x76c (size before relaxing)
 .eh_frame      0x000000000002c24c      0x278 build/cooja/mtype99.a(coap-uip.o)
                                        0x2b8 (size before relaxing)
 .eh_frame      0x000000000002c4c4      0x128 build/cooja/mtype99.a(coap-timer.o)
                                        0x168 (size before relaxing)
 .eh_frame      0x000000000002c5ec       0x38 build/cooja/mtype99.a(contiki-main.o)
                                         0x64 (size before relaxing)
 .eh_frame      0x000000000002c624       0x48 build/cooja/mtype99.a(autostart.o)
                                         0x74 (size before relaxing)
 .eh_frame      0x000000000002c66c       0x60 build/cooja/mtype99.a(energest.o)
                                         0x8c (size before relaxing)
 .eh_frame      0x000000000002c6cc      0x204 build/cooja/mtype99.a(etimer.o)
                                        0x244 (size before relaxing)
 .eh_frame      0x000000000002c8d0      0x144 build/cooja/mtype99.a(log.o)
                                        0x184 (size before relaxing)
 .eh_frame      0x000000000002ca14      0x11c build/cooja/mtype99.a(ctimer.o)
                                        0x15c (size before relaxing)
 .eh_frame      0x000000000002cb30      0x1ec build/cooja/mtype99.a(process.o)
                                        0x22c (size before relaxing)
 .eh_frame      0x000000000002cd1c       0x6c build/cooja/mtype99.a(rtimer.o)
                                         0xc0 (size before relaxing)
 .eh_frame      0x000000000002cd88       0x20 build/cooja/mtype99.a(node-id.o)
                                         0x4c (size before relaxing)
 .eh_frame      0x000000000002cda8       0xb4 build/cooja/mtype99.a(timer.o)
                                         0xe0 (size before relaxing)
 .eh_frame      0x000000000002ce5c      0x1a0 build/cooja/mtype99.a(list.o)
                                        0x1cc (size before relaxing)
 .eh_frame      0x000000000002cffc       0xa4 build/cooja/mtype99.a(memb.o)
                                         0xe4 (size before relaxing)
 .eh_frame      0x000000000002d0a0      0x188 build/cooja/mtype99.a(button-hal.o)
                                        0x1c8 (size before relaxing)
 .eh_frame      0x000000000002d228       0x6c build/cooja/mtype99.a(serial-line.o)
                                         0x98 (size before relaxing)
 .eh_frame      0x000000000002d294       0xfc build/cooja/mtype99.a(gpio-hal.o)
                                        0x13c (size before relaxing)
 .eh_frame      0x000000000002d390      0x1c0 build/cooja/mtype99.a(queuebuf.o)
                                        0x200 (size before relaxing)
 .eh_frame      0x000000000002d550      0x2b0 build/cooja/mtype99.a(packetbuf.o)
                                        0x2f0 (size before relaxing)
 .eh_frame      0x000000000002d800       0x90 build/cooja/mtype99.a(netstack.o)
                                         0xd0 (size before relaxing)
 .eh_frame      0x000000000002d890       0x64 build/cooja/mtype99.a(linkaddr.o)
                                         0x90 (size before relaxing)
 .eh_frame      0x000000000002d8f4       0xf0 build/cooja/mtype99.a(csma.o)
                                        0x130 (size before relaxing)
 .eh_frame      0x000000000002d9e4      0x1f8 build/cooja/mtype99.a(csma-output.o)
                                        0x238 (size before relaxing)
 .eh_frame      0x000000000002dbdc      0x364 build/cooja/mtype99.a(uip-ds6.o)
                                        0x3a4 (size before relaxing)
 .eh_frame      0x000000000002df40       0x44 build/cooja/mtype99.a(uip-udp-packet.)
                                         0x84 (size before relaxing)
 .eh_frame      0x000000000002df84      0x260 build/cooja/mtype99.a(uip-ds6-route.o)
                                        0x2a0 (size before relaxing)
 .eh_frame      0x000000000002e1e4      0x1e8 build/cooja/mtype99.a(uip-ds6-nbr.o)
                                        0x228 (size before relaxing)
 .eh_frame      0x000000000002e3cc      0x270 build/cooja/mtype99.a(tcpip.o)
                                        0x2b0 (size before relaxing)
 .eh_frame      0x000000000002e63c      0x20c build/cooja/mtype99.a(uip6.o)
                                        0x24c (size before relaxing)
 .eh_frame      0x000000000002e848       0x8c build/cooja/mtype99.a(uip-nd6.o)
                                         0xe0 (size before relaxing)
 .eh_frame      0x000000000002e8d4      0x354 build/cooja/mtype99.a(sicslowpan.o)
                                        0x3a8 (size before relaxing)
 .eh_frame      0x000000000002ec28       0x9c build/cooja/mtype99.a(uiplib.o)
                                         0xdc (size before relaxing)
 .eh_frame      0x000000000002ecc4      0x1fc build/cooja/mtype99.a(rpl.o)
                                        0x23c (size before relaxing)
 .eh_frame      0x000000000002eec0       0xb0 build/cooja/mtype99.a(rpl-dag-root.o)
                                         0xf0 (size before relaxing)
 .eh_frame      0x000000000002ef70       0xa4 build/cooja/mtype99.a(watchdog.o)
                                         0xd0 (size before relaxing)
 .eh_frame      0x000000000002f014       0x80 build/cooja/mtype99.a(int-master.o)
                                         0xac (size before relaxing)
 .eh_frame      0x000000000002f094       0xc4 build/cooja/mtype99.a(coap-timer-defa)
                                        0x104 (size before relaxing)
 .eh_frame      0x000000000002f158       0xd8 build/cooja/mtype99.a(stimer.o)
                                        0x104 (size before relaxing)
 .eh_frame      0x000000000002f230       0x24 build/cooja/mtype99.a(assert.o)
                                         0x50 (size before relaxing)
 .eh_frame      0x000000000002f254       0xa0 build/cooja/mtype99.a(ringbuf.o)
                                         0xcc (size before relaxing)
 .eh_frame      0x000000000002f2f4      0x428 build/cooja/mtype99.a(nbr-table.o)
                                        0x468 (size before relaxing)
 .eh_frame      0x000000000002f71c      0x140 build/cooja/mtype99.a(link-stats.o)
                                        0x180 (size before relaxing)
 .eh_frame      0x000000000002f85c       0x50 build/cooja/mtype99.a(mac-sequence.o)
                                         0x7c (size before relaxing)
 .eh_frame      0x000000000002f8ac       0x20 build/cooja/mtype99.a(mac.o)
                                         0x4c (size before relaxing)
 .eh_frame      0x000000000002f8cc       0xb4 build/cooja/mtype99.a(framer-802154.o)
                                         0xf4 (size before relaxing)
 .eh_frame      0x000000000002f980      0x1b0 build/cooja/mtype99.a(frame802154.o)
                                        0x1f0 (size before relaxing)
 .eh_frame      0x000000000002fb30       0x44 build/cooja/mtype99.a(csma-security.o)
                                         0x84 (size before relaxing)
 .eh_frame      0x000000000002fb74      0x204 build/cooja/mtype99.a(uipbuf.o)
                                        0x230 (size before relaxing)
 .eh_frame      0x000000000002fd78      0x170 build/cooja/mtype99.a(uip-icmp6.o)
                                        0x1b0 (size before relaxing)
 .eh_frame      0x000000000002fee8      0x1ac build/cooja/mtype99.a(uip-sr.o)
                                        0x1ec (size before relaxing)
 .eh_frame      0x0000000000030094       0xec build/cooja/mtype99.a(uip-packetqueue)
                                        0x12c (size before relaxing)
 .eh_frame      0x0000000000030180      0x1f0 build/cooja/mtype99.a(rpl-icmp6.o)
                                        0x230 (size before relaxing)
 .eh_frame      0x0000000000030370      0x2ec build/cooja/mtype99.a(rpl-neighbor.o)
                                        0x340 (size before relaxing)
 .eh_frame      0x000000000003065c      0x3c0 build/cooja/mtype99.a(rpl-dag.o)
                                        0x414 (size before relaxing)
 .eh_frame      0x0000000000030a1c      0x418 build/cooja/mtype99.a(rpl-timers.o)
                                        0x458 (size before relaxing)
 .eh_frame      0x0000000000030e34      0x144 build/cooja/mtype99.a(rpl-ext-header.)
                                        0x184 (size before relaxing)
 .eh_frame      0x0000000000030f78       0x48 build/cooja/mtype99.a(rpl-nbr-policy.)
                                         0x88 (size before relaxing)
 .eh_frame      0x0000000000030fc0      0x150 build/cooja/mtype99.a(rpl-mrhof.o)
                                        0x190 (size before relaxing)
 .eh_frame      0x0000000000031110       0x84 /usr/lib/gcc/i686-linux-gnu/7/libgcc.a(_udivdi3.o)
                                         0x9c (size before relaxing)
 .eh_frame      0x0000000000031194       0x1c /usr/lib/i386-linux-gnu/libc_nonshared.a(stack_chk_fail_local.oS)
                                         0x48 (size before relaxing)
 .eh_frame      0x00000000000311b0        0x4 /usr/lib/gcc/i686-linux-gnu/7/crtendS.o
 *(.eh_frame.*)

.gcc_except_table
 *(.gcc_except_table .gcc_except_table.*)

.gnu_extab
 *(.gnu_extab*)

.exception_ranges
 *(.exception_ranges .exception_ranges*)
                0x0000000000032bf8                . = DATA_SEGMENT_ALIGN (CONSTANT (MAXPAGESIZE), CONSTANT (COMMONPAGESIZE))

.eh_frame
 *(.eh_frame)
 *(.eh_frame.*)

.gnu_extab
 *(.gnu_extab)

.gcc_except_table
 *(.gcc_except_table .gcc_except_table.*)

.exception_ranges
 *(.exception_ranges .exception_ranges*)

.tdata
 *(.tdata .tdata.* .gnu.linkonce.td.*)

.tbss
 *(.tbss .tbss.* .gnu.linkonce.tb.*)
 *(.tcommon)

.preinit_array
 *(.preinit_array)

.init_array     0x0000000000032bf8        0x4
 *(SORT_BY_INIT_PRIORITY(.init_array.*) SORT_BY_INIT_PRIORITY(.ctors.*))
 *(.init_array EXCLUDE_FILE(*crtend?.o *crtend.o *crtbegin?.o *crtbegin.o) .ctors)
 .init_array    0x0000000000032bf8        0x4 /usr/lib/gcc/i686-linux-gnu/7/crtbeginS.o

.fini_array     0x0000000000032bfc        0x4
 *(SORT_BY_INIT_PRIORITY(.fini_array.*) SORT_BY_INIT_PRIORITY(.dtors.*))
 *(.fini_array EXCLUDE_FILE(*crtend?.o *crtend.o *crtbegin?.o *crtbegin.o) .dtors)
 .fini_array    0x0000000000032bfc        0x4 /usr/lib/gcc/i686-linux-gnu/7/crtbeginS.o

.ctors
 *crtbegin.o(.ctors)
 *crtbegin?.o(.ctors)
 *(EXCLUDE_FILE(*crtend?.o *crtend.o) .ctors)
 *(SORT_BY_NAME(.ctors.*))
 *(.ctors)

.dtors
 *crtbegin.o(.dtors)
 *crtbegin?.o(.dtors)
 *(EXCLUDE_FILE(*crtend?.o *crtend.o) .dtors)
 *(SORT_BY_NAME(.dtors.*))
 *(.dtors)

.jcr
 *(.jcr)

.data.rel.ro    0x0000000000032c00      0x198
 *(.data.rel.ro.local* .gnu.linkonce.d.rel.ro.local.*)
 .data.rel.ro.local
                0x0000000000032c00        0x8 coap-server.o
                0x0000000000032c00                autostart_processes
 .data.rel.ro.local
                0x0000000000032c08        0x8 build/cooja/mtype99.a(beep.o)
                0x0000000000032c08                beep_interface
 .data.rel.ro.local
                0x0000000000032c10        0x8 build/cooja/mtype99.a(leds-arch.o)
                0x0000000000032c10                leds_interface
 .data.rel.ro.local
                0x0000000000032c18        0x8 build/cooja/mtype99.a(moteid.o)
                0x0000000000032c18                moteid_interface
 .data.rel.ro.local
                0x0000000000032c20       0x18 build/cooja/mtype99.a(pir-sensor.o)
                0x0000000000032c20                pir_interface
                0x0000000000032c28                pir_sensor
 .data.rel.ro.local
                0x0000000000032c38        0x8 build/cooja/mtype99.a(rs232.o)
                0x0000000000032c38                rs232_interface
 .data.rel.ro.local
                0x0000000000032c40       0x18 build/cooja/mtype99.a(vib-sensor.o)
                0x0000000000032c40                vib_interface
                0x0000000000032c48                vib_sensor
 .data.rel.ro.local
                0x0000000000032c58        0x8 build/cooja/mtype99.a(clock.o)
                0x0000000000032c58                clock_interface
 .data.rel.ro.local
                0x0000000000032c60        0x8 build/cooja/mtype99.a(cooja-log.o)
                0x0000000000032c60                simlog_interface
 .data.rel.ro.local
                0x0000000000032c68        0x8 build/cooja/mtype99.a(cfs-cooja.o)
                0x0000000000032c68                cfs_interface
 *fill*         0x0000000000032c70       0x10 
 .data.rel.ro.local
                0x0000000000032c80       0x58 build/cooja/mtype99.a(cooja-radio.o)
                0x0000000000032c80                radio_interface
                0x0000000000032ca0                cooja_radio_driver
 .data.rel.ro.local
                0x0000000000032cd8        0x8 build/cooja/mtype99.a(eeprom.o)
                0x0000000000032cd8                eeprom_interface
 .data.rel.ro.local
                0x0000000000032ce0       0x18 build/cooja/mtype99.a(buttons.o)
                0x0000000000032ce0                button_interface
                0x0000000000032ce8                button_sensor
 .data.rel.ro.local
                0x0000000000032cf8       0x1c build/cooja/mtype99.a(csma.o)
                0x0000000000032cf8                csma_driver
 .data.rel.ro.local
                0x0000000000032d14       0x10 build/cooja/mtype99.a(sicslowpan.o)
                0x0000000000032d14                sicslowpan_driver
 .data.rel.ro.local
                0x0000000000032d24        0xc build/cooja/mtype99.a(coap-timer-defa)
                0x0000000000032d24                coap_timer_default_driver
 .data.rel.ro.local
                0x0000000000032d30        0xc build/cooja/mtype99.a(framer-802154.o)
                0x0000000000032d30                framer_802154
 *(.data.rel.ro .data.rel.ro.* .gnu.linkonce.d.rel.ro.*)
 .data.rel.ro   0x0000000000032d3c        0x0 /usr/lib/gcc/i686-linux-gnu/7/../../../i386-linux-gnu/crti.o
 *fill*         0x0000000000032d3c        0x4 
 .data.rel.ro   0x0000000000032d40       0x54 build/cooja/mtype99.a(rpl.o)
                0x0000000000032d40                rpl_lite_driver
 .data.rel.ro   0x0000000000032d94        0x4 build/cooja/mtype99.a(rpl-dag.o)

.dynamic        0x0000000000032d98       0xf0
 *(.dynamic)
 .dynamic       0x0000000000032d98       0xf0 /usr/lib/gcc/i686-linux-gnu/7/../../../i386-linux-gnu/crti.o
                0x0000000000032d98                _DYNAMIC

.got            0x0000000000032e88      0x164
 *(.got)
 .got           0x0000000000032e88      0x164 /usr/lib/gcc/i686-linux-gnu/7/../../../i386-linux-gnu/crti.o
 *(.igot)
                0x0000000000032ff4                . = DATA_SEGMENT_RELRO_END (., (SIZEOF (.got.plt) >= 0xc)?0xc:0x0)

.got.plt        0x0000000000033000      0x55c
 *(.got.plt)
 .got.plt       0x0000000000033000      0x55c /usr/lib/gcc/i686-linux-gnu/7/../../../i386-linux-gnu/crti.o
                0x0000000000033000                _GLOBAL_OFFSET_TABLE_
 *(.igot.plt)

.data           0x0000000000033560      0x4e4
 *(.data .data.* .gnu.linkonce.d.*)
 .data          0x0000000000033560        0x0 /usr/lib/gcc/i686-linux-gnu/7/../../../i386-linux-gnu/crti.o
 .data          0x0000000000033560        0x0 /usr/lib/gcc/i686-linux-gnu/7/crtbeginS.o
 .data.rel.local
                0x0000000000033560        0x4 /usr/lib/gcc/i686-linux-gnu/7/crtbeginS.o
                0x0000000000033560                __dso_handle
 .data          0x0000000000033564        0x0 coap-server.o
 .data.rel.local
                0x0000000000033564       0x10 coap-server.o
                0x0000000000033564                coap_server
 .data          0x0000000000033574        0x0 build/cooja/mtype99.o
 *fill*         0x0000000000033574        0xc 
 .data.rel      0x0000000000033580       0x44 build/cooja/mtype99.o
                0x0000000000033580                simInterfaces
                0x00000000000335b4                sensors
 .data          0x00000000000335c4        0x0 build/cooja/obj/virtual-sensor.o
 .data          0x00000000000335c4        0x0 build/cooja/mtype99.a(simEnvChange.o)
 .data          0x00000000000335c4        0x0 build/cooja/mtype99.a(cooja_mt.o)
 .data          0x00000000000335c4        0x0 build/cooja/mtype99.a(cooja_mtarch.o)
 .data          0x00000000000335c4        0x0 build/cooja/mtype99.a(rtimer-arch.o)
 .data          0x00000000000335c4        0x0 build/cooja/mtype99.a(beep.o)
 .data          0x00000000000335c4        0x0 build/cooja/mtype99.a(leds-arch.o)
 .data          0x00000000000335c4        0x0 build/cooja/mtype99.a(moteid.o)
 .data          0x00000000000335c4        0x0 build/cooja/mtype99.a(pir-sensor.o)
 .data          0x00000000000335c4        0x0 build/cooja/mtype99.a(rs232.o)
 .data          0x00000000000335c4        0x0 build/cooja/mtype99.a(vib-sensor.o)
 .data          0x00000000000335c4        0x0 build/cooja/mtype99.a(clock.o)
 .data          0x00000000000335c4        0x0 build/cooja/mtype99.a(cooja-log.o)
 .data          0x00000000000335c4        0x0 build/cooja/mtype99.a(cfs-cooja.o)
 .data          0x00000000000335c4       0x20 build/cooja/mtype99.a(cooja-radio.o)
                0x00000000000335c4                simRadioHWOn
                0x00000000000335c8                simSignalStrength
                0x00000000000335cc                simLastSignalStrength
                0x00000000000335d0                simPower
                0x00000000000335d4                simRadioChannel
                0x00000000000335d8                simLQI
                0x00000000000335dc                simLastLQI
 .data.rel.local
                0x00000000000335e4       0x10 build/cooja/mtype99.a(cooja-radio.o)
                0x00000000000335e4                cooja_radio_process
 .data          0x00000000000335f4        0x0 build/cooja/mtype99.a(eeprom.o)
 .data          0x00000000000335f4        0x0 build/cooja/mtype99.a(random.o)
 .data          0x00000000000335f4        0x0 build/cooja/mtype99.a(sensors.o)
 .data.rel.local
                0x00000000000335f4       0x10 build/cooja/mtype99.a(sensors.o)
                0x00000000000335f4                sensors_process
 .data          0x0000000000033604        0x0 build/cooja/mtype99.a(leds.o)
 .data          0x0000000000033604        0x0 build/cooja/mtype99.a(gpio-hal-arch.o)
 .data          0x0000000000033604        0x1 build/cooja/mtype99.a(buttons.o)
                0x0000000000033604                simButtonIsActive
 *fill*         0x0000000000033605       0x1b 
 .data.rel.local
                0x0000000000033620       0x58 build/cooja/mtype99.a(buttons.o)
                0x0000000000033670                button_hal_buttons
 .data          0x0000000000033678        0x0 build/cooja/mtype99.a(res-humidity.o)
 *fill*         0x0000000000033678        0x8 
 .data.rel.local
                0x0000000000033680       0x44 build/cooja/mtype99.a(res-humidity.o)
                0x00000000000336a0                res_humidity
 .data          0x00000000000336c4        0x0 build/cooja/mtype99.a(res-battery.o)
 *fill*         0x00000000000336c4       0x1c 
 .data.rel.local
                0x00000000000336e0       0x24 build/cooja/mtype99.a(res-battery.o)
                0x00000000000336e0                res_battery
 .data          0x0000000000033704        0x0 build/cooja/mtype99.a(res-temperature)
 *fill*         0x0000000000033704       0x1c 
 .data.rel.local
                0x0000000000033720       0x44 build/cooja/mtype99.a(res-temperature)
                0x0000000000033740                res_temperature
 .data          0x0000000000033764        0x0 build/cooja/mtype99.a(coap-engine.o)
 .data.rel.local
                0x0000000000033764        0x8 build/cooja/mtype99.a(coap-engine.o)
 .data          0x000000000003376c        0x0 build/cooja/mtype99.a(coap-observe.o)
 .data.rel.local
                0x000000000003376c       0x10 build/cooja/mtype99.a(coap-observe.o)
 .data          0x000000000003377c        0x0 build/cooja/mtype99.a(coap-transactio)
 .data.rel.local
                0x000000000003377c       0x10 build/cooja/mtype99.a(coap-transactio)
 .data          0x000000000003378c        0x0 build/cooja/mtype99.a(coap-res-well-k)
 *fill*         0x000000000003378c       0x14 
 .data.rel.local
                0x00000000000337a0       0x24 build/cooja/mtype99.a(coap-res-well-k)
                0x00000000000337a0                res_well_known_core
 .data          0x00000000000337c4        0x0 build/cooja/mtype99.a(coap.o)
 .data.rel.local
                0x00000000000337c4        0x4 build/cooja/mtype99.a(coap.o)
                0x00000000000337c4                coap_error_message
 .data          0x00000000000337c8        0x0 build/cooja/mtype99.a(coap-uip.o)
 .data.rel.local
                0x00000000000337c8       0x10 build/cooja/mtype99.a(coap-uip.o)
                0x00000000000337c8                coap_engine
 .data          0x00000000000337d8        0x0 build/cooja/mtype99.a(coap-timer.o)
 .data.rel.local
                0x00000000000337d8        0x4 build/cooja/mtype99.a(coap-timer.o)
 .data          0x00000000000337dc        0x0 build/cooja/mtype99.a(contiki-main.o)
 .data          0x00000000000337dc        0x0 build/cooja/mtype99.a(autostart.o)
 .data          0x00000000000337dc        0x0 build/cooja/mtype99.a(energest.o)
 .data          0x00000000000337dc        0x0 build/cooja/mtype99.a(etimer.o)
 .data.rel.local
                0x00000000000337dc       0x10 build/cooja/mtype99.a(etimer.o)
                0x00000000000337dc                etimer_process
 .data          0x00000000000337ec        0x4 build/cooja/mtype99.a(log.o)
                0x00000000000337ec                curr_log_level_main
 *fill*         0x00000000000337f0       0x10 
 .data.rel.local
                0x0000000000033800       0x9c build/cooja/mtype99.a(log.o)
                0x0000000000033800                all_modules
 .data          0x000000000003389c        0x0 build/cooja/mtype99.a(ctimer.o)
 .data.rel.local
                0x000000000003389c       0x14 build/cooja/mtype99.a(ctimer.o)
                0x00000000000338a0                ctimer_process
 .data          0x00000000000338b0        0x0 build/cooja/mtype99.a(process.o)
 .data          0x00000000000338b0        0x0 build/cooja/mtype99.a(rtimer.o)
 .data          0x00000000000338b0        0x0 build/cooja/mtype99.a(node-id.o)
 .data          0x00000000000338b0        0x0 build/cooja/mtype99.a(timer.o)
 .data          0x00000000000338b0        0x0 build/cooja/mtype99.a(list.o)
 .data          0x00000000000338b0        0x0 build/cooja/mtype99.a(memb.o)
 .data          0x00000000000338b0        0x0 build/cooja/mtype99.a(button-hal.o)
 .data.rel.local
                0x00000000000338b0       0x10 build/cooja/mtype99.a(button-hal.o)
                0x00000000000338b0                button_hal_process
 .data          0x00000000000338c0        0x0 build/cooja/mtype99.a(serial-line.o)
 .data.rel.local
                0x00000000000338c0       0x10 build/cooja/mtype99.a(serial-line.o)
                0x00000000000338c0                serial_line_process
 .data          0x00000000000338d0        0x0 build/cooja/mtype99.a(gpio-hal.o)
 .data.rel.local
                0x00000000000338d0        0x4 build/cooja/mtype99.a(gpio-hal.o)
 .data          0x00000000000338d4        0x0 build/cooja/mtype99.a(queuebuf.o)
 .data.rel.local
                0x00000000000338d4       0x18 build/cooja/mtype99.a(queuebuf.o)
 .data          0x00000000000338ec        0x0 build/cooja/mtype99.a(packetbuf.o)
 .data.rel.local
                0x00000000000338ec        0x4 build/cooja/mtype99.a(packetbuf.o)
 .data          0x00000000000338f0        0x0 build/cooja/mtype99.a(netstack.o)
 .data.rel.local
                0x00000000000338f0        0x4 build/cooja/mtype99.a(netstack.o)
 .data          0x00000000000338f4        0x0 build/cooja/mtype99.a(linkaddr.o)
 .data          0x00000000000338f4        0x0 build/cooja/mtype99.a(csma.o)
 .data          0x00000000000338f4        0x0 build/cooja/mtype99.a(csma-output.o)
 .data.rel.local
                0x00000000000338f4       0x28 build/cooja/mtype99.a(csma-output.o)
 .data          0x000000000003391c        0x0 build/cooja/mtype99.a(uip-ds6.o)
 .data          0x000000000003391c        0x0 build/cooja/mtype99.a(uip-udp-packet.)
 .data          0x000000000003391c        0x0 build/cooja/mtype99.a(uip-ds6-route.o)
 .data.rel.local
                0x000000000003391c       0x10 build/cooja/mtype99.a(uip-ds6-route.o)
 .data          0x000000000003392c        0x0 build/cooja/mtype99.a(uip-ds6-nbr.o)
 .data.rel.local
                0x000000000003392c       0x14 build/cooja/mtype99.a(uip-ds6-nbr.o)
 .data          0x0000000000033940        0x0 build/cooja/mtype99.a(tcpip.o)
 .data.rel.local
                0x0000000000033940       0x10 build/cooja/mtype99.a(tcpip.o)
                0x0000000000033940                tcpip_process
 .data          0x0000000000033950        0x0 build/cooja/mtype99.a(uip6.o)
 .data          0x0000000000033950        0x0 build/cooja/mtype99.a(uip-nd6.o)
 .data.rel.local
                0x0000000000033950        0xc build/cooja/mtype99.a(uip-nd6.o)
 .data          0x000000000003395c        0x0 build/cooja/mtype99.a(sicslowpan.o)
 .data          0x000000000003395c        0x0 build/cooja/mtype99.a(uiplib.o)
 .data          0x000000000003395c        0x0 build/cooja/mtype99.a(rpl.o)
 .data          0x000000000003395c        0x0 build/cooja/mtype99.a(rpl-dag-root.o)
 .data          0x000000000003395c        0x0 build/cooja/mtype99.a(watchdog.o)
 .data          0x000000000003395c        0x0 build/cooja/mtype99.a(int-master.o)
 .data          0x000000000003395c        0x0 build/cooja/mtype99.a(coap-timer-defa)
 .data.rel.local
                0x000000000003395c       0x10 build/cooja/mtype99.a(coap-timer-defa)
                0x000000000003395c                coap_timer_process
 .data          0x000000000003396c        0x0 build/cooja/mtype99.a(stimer.o)
 .data          0x000000000003396c        0x0 build/cooja/mtype99.a(assert.o)
 .data          0x000000000003396c        0x0 build/cooja/mtype99.a(ringbuf.o)
 .data          0x000000000003396c        0x0 build/cooja/mtype99.a(nbr-table.o)
 .data.rel.local
                0x000000000003396c       0x10 build/cooja/mtype99.a(nbr-table.o)
 .data          0x000000000003397c        0x0 build/cooja/mtype99.a(link-stats.o)
 .data.rel.local
                0x000000000003397c       0x14 build/cooja/mtype99.a(link-stats.o)
 .data          0x0000000000033990        0x0 build/cooja/mtype99.a(mac-sequence.o)
 .data          0x0000000000033990        0x0 build/cooja/mtype99.a(mac.o)
 .data          0x0000000000033990        0x0 build/cooja/mtype99.a(framer-802154.o)
 .data          0x0000000000033990        0x2 build/cooja/mtype99.a(frame802154.o)
 .data          0x0000000000033992        0x0 build/cooja/mtype99.a(csma-security.o)
 .data          0x0000000000033992        0x0 build/cooja/mtype99.a(uipbuf.o)
 .data          0x0000000000033992        0x0 build/cooja/mtype99.a(uip-icmp6.o)
 *fill*         0x0000000000033992        0x2 
 .data.rel.local
                0x0000000000033994       0x20 build/cooja/mtype99.a(uip-icmp6.o)
 .data          0x00000000000339b4        0x0 build/cooja/mtype99.a(uip-sr.o)
 .data.rel.local
                0x00000000000339b4       0x10 build/cooja/mtype99.a(uip-sr.o)
 .data          0x00000000000339c4        0x0 build/cooja/mtype99.a(uip-packetqueue)
 .data.rel.local
                0x00000000000339c4        0xc build/cooja/mtype99.a(uip-packetqueue)
 .data          0x00000000000339d0        0x0 build/cooja/mtype99.a(rpl-icmp6.o)
 .data.rel.local
                0x00000000000339d0       0x30 build/cooja/mtype99.a(rpl-icmp6.o)
 .data          0x0000000000033a00        0x0 build/cooja/mtype99.a(rpl-neighbor.o)
 .data.rel.local
                0x0000000000033a00       0x14 build/cooja/mtype99.a(rpl-neighbor.o)
                0x0000000000033a10                rpl_neighbors
 .data          0x0000000000033a14        0x0 build/cooja/mtype99.a(rpl-dag.o)
 .data          0x0000000000033a14        0x0 build/cooja/mtype99.a(rpl-timers.o)
 .data          0x0000000000033a14        0x0 build/cooja/mtype99.a(rpl-ext-header.)
 .data          0x0000000000033a14        0x0 build/cooja/mtype99.a(rpl-nbr-policy.)
 .data          0x0000000000033a14        0x0 build/cooja/mtype99.a(rpl-mrhof.o)
 *fill*         0x0000000000033a14        0xc 
 .data.rel.local
                0x0000000000033a20       0x24 build/cooja/mtype99.a(rpl-mrhof.o)
                0x0000000000033a20                rpl_mrhof
 .data          0x0000000000033a44        0x0 /usr/lib/gcc/i686-linux-gnu/7/libgcc.a(_udivdi3.o)
 .data          0x0000000000033a44        0x0 /usr/lib/i386-linux-gnu/libc_nonshared.a(stack_chk_fail_local.oS)
 .data          0x0000000000033a44        0x0 /usr/lib/gcc/i686-linux-gnu/7/crtendS.o
 .data          0x0000000000033a44        0x0 /usr/lib/gcc/i686-linux-gnu/7/../../../i386-linux-gnu/crtn.o

.tm_clone_table
                0x0000000000033a44        0x0
 .tm_clone_table
                0x0000000000033a44        0x0 /usr/lib/gcc/i686-linux-gnu/7/crtbeginS.o
 .tm_clone_table
                0x0000000000033a44        0x0 /usr/lib/gcc/i686-linux-gnu/7/crtendS.o

.data1
 *(.data1)
                0x0000000000033a44                _edata = .
                [!provide]                        PROVIDE (edata = .)
                0x0000000000033a44                . = .
                0x0000000000033a44                __bss_start = .

.bss            0x0000000000033a60    0x13dc4
 *(.dynbss)
 .dynbss        0x0000000000033a60        0x0 /usr/lib/gcc/i686-linux-gnu/7/../../../i386-linux-gnu/crti.o
 *(.bss .bss.* .gnu.linkonce.b.*)
 .bss           0x0000000000033a60        0x0 /usr/lib/gcc/i686-linux-gnu/7/../../../i386-linux-gnu/crti.o
 .bss           0x0000000000033a60        0x1 /usr/lib/gcc/i686-linux-gnu/7/crtbeginS.o
 .bss           0x0000000000033a61        0x0 coap-server.o
 *fill*         0x0000000000033a61       0x1f 
 .bss           0x0000000000033a80     0x2040 build/cooja/mtype99.o
 .bss           0x0000000000035ac0        0x0 build/cooja/obj/virtual-sensor.o
 .bss           0x0000000000035ac0        0x1 build/cooja/mtype99.a(simEnvChange.o)
                0x0000000000035ac0                simDontFallAsleep
 *fill*         0x0000000000035ac1        0x3 